Archive member included to satisfy reference by file (symbol)

C:/Renesas/RA/e2studio_v2025-12_fsp_v6.4.0/toolchains/gcc_arm/13.2.rel1/bin/../lib/gcc/arm-none-eabi/13.2.1/thumb/v8-m.main+dp/hard\libgcc.a(_arm_addsubsf3.o)
                              ./src/hal_entry.o (__aeabi_l2f)
C:/Renesas/RA/e2studio_v2025-12_fsp_v6.4.0/toolchains/gcc_arm/13.2.rel1/bin/../lib/gcc/arm-none-eabi/13.2.1/thumb/v8-m.main+dp/hard\libgcc.a(_aeabi_ldivmod.o)
                              ./ra/fsp/src/r_sci_b_uart/r_sci_b_uart.o (__aeabi_ldivmod)
C:/Renesas/RA/e2studio_v2025-12_fsp_v6.4.0/toolchains/gcc_arm/13.2.rel1/bin/../lib/gcc/arm-none-eabi/13.2.1/thumb/v8-m.main+dp/hard\libgcc.a(_udivmoddi4.o)
                              C:/Renesas/RA/e2studio_v2025-12_fsp_v6.4.0/toolchains/gcc_arm/13.2.rel1/bin/../lib/gcc/arm-none-eabi/13.2.1/thumb/v8-m.main+dp/hard\libgcc.a(_aeabi_ldivmod.o) (__udivmoddi4)
C:/Renesas/RA/e2studio_v2025-12_fsp_v6.4.0/toolchains/gcc_arm/13.2.rel1/bin/../lib/gcc/arm-none-eabi/13.2.1/thumb/v8-m.main+dp/hard\libgcc.a(_dvmd_tls.o)
                              C:/Renesas/RA/e2studio_v2025-12_fsp_v6.4.0/toolchains/gcc_arm/13.2.rel1/bin/../lib/gcc/arm-none-eabi/13.2.1/thumb/v8-m.main+dp/hard\libgcc.a(_aeabi_ldivmod.o) (__aeabi_ldiv0)
C:/Renesas/RA/e2studio_v2025-12_fsp_v6.4.0/toolchains/gcc_arm/13.2.rel1/bin/../lib/gcc/arm-none-eabi/13.2.1/thumb/v8-m.main+dp/hard\libg_nano.a(libc_a-exit.o)
                              C:/Renesas/RA/e2studio_v2025-12_fsp_v6.4.0/toolchains/gcc_arm/13.2.rel1/bin/../lib/gcc/arm-none-eabi/13.2.1/thumb/v8-m.main+dp/hard/crt0.o (exit)
C:/Renesas/RA/e2studio_v2025-12_fsp_v6.4.0/toolchains/gcc_arm/13.2.rel1/bin/../lib/gcc/arm-none-eabi/13.2.1/thumb/v8-m.main+dp/hard\libg_nano.a(libc_a-nano-vfprintf_float.o)
                              (_printf_float)
C:/Renesas/RA/e2studio_v2025-12_fsp_v6.4.0/toolchains/gcc_arm/13.2.rel1/bin/../lib/gcc/arm-none-eabi/13.2.1/thumb/v8-m.main+dp/hard\libg_nano.a(libc_a-nano-vfprintf_i.o)
                              C:/Renesas/RA/e2studio_v2025-12_fsp_v6.4.0/toolchains/gcc_arm/13.2.rel1/bin/../lib/gcc/arm-none-eabi/13.2.1/thumb/v8-m.main+dp/hard\libg_nano.a(libc_a-nano-vfprintf_float.o) (_printf_common)
C:/Renesas/RA/e2studio_v2025-12_fsp_v6.4.0/toolchains/gcc_arm/13.2.rel1/bin/../lib/gcc/arm-none-eabi/13.2.1/thumb/v8-m.main+dp/hard\libg_nano.a(libc_a-findfp.o)
                              C:/Renesas/RA/e2studio_v2025-12_fsp_v6.4.0/toolchains/gcc_arm/13.2.rel1/bin/../lib/gcc/arm-none-eabi/13.2.1/thumb/v8-m.main+dp/hard\libg_nano.a(libc_a-exit.o) (__stdio_exit_handler)
C:/Renesas/RA/e2studio_v2025-12_fsp_v6.4.0/toolchains/gcc_arm/13.2.rel1/bin/../lib/gcc/arm-none-eabi/13.2.1/thumb/v8-m.main+dp/hard\libg_nano.a(libc_a-fwalk.o)
                              C:/Renesas/RA/e2studio_v2025-12_fsp_v6.4.0/toolchains/gcc_arm/13.2.rel1/bin/../lib/gcc/arm-none-eabi/13.2.1/thumb/v8-m.main+dp/hard\libg_nano.a(libc_a-findfp.o) (_fwalk_sglue)
C:/Renesas/RA/e2studio_v2025-12_fsp_v6.4.0/toolchains/gcc_arm/13.2.rel1/bin/../lib/gcc/arm-none-eabi/13.2.1/thumb/v8-m.main+dp/hard\libg_nano.a(libc_a-printf.o)
                              ./src/hal_entry.o (printf)
C:/Renesas/RA/e2studio_v2025-12_fsp_v6.4.0/toolchains/gcc_arm/13.2.rel1/bin/../lib/gcc/arm-none-eabi/13.2.1/thumb/v8-m.main+dp/hard\libg_nano.a(libc_a-puts.o)
                              ./src/hal_entry.o (puts)
C:/Renesas/RA/e2studio_v2025-12_fsp_v6.4.0/toolchains/gcc_arm/13.2.rel1/bin/../lib/gcc/arm-none-eabi/13.2.1/thumb/v8-m.main+dp/hard\libg_nano.a(libc_a-snprintf.o)
                              ./code/esp32_comm.o (snprintf)
C:/Renesas/RA/e2studio_v2025-12_fsp_v6.4.0/toolchains/gcc_arm/13.2.rel1/bin/../lib/gcc/arm-none-eabi/13.2.1/thumb/v8-m.main+dp/hard\libg_nano.a(libc_a-sprintf.o)
                              ./src/hal_entry.o (sprintf)
C:/Renesas/RA/e2studio_v2025-12_fsp_v6.4.0/toolchains/gcc_arm/13.2.rel1/bin/../lib/gcc/arm-none-eabi/13.2.1/thumb/v8-m.main+dp/hard\libg_nano.a(libc_a-sscanf.o)
                              ./code/esp32_comm.o (sscanf)
C:/Renesas/RA/e2studio_v2025-12_fsp_v6.4.0/toolchains/gcc_arm/13.2.rel1/bin/../lib/gcc/arm-none-eabi/13.2.1/thumb/v8-m.main+dp/hard\libg_nano.a(libc_a-stdio.o)
                              C:/Renesas/RA/e2studio_v2025-12_fsp_v6.4.0/toolchains/gcc_arm/13.2.rel1/bin/../lib/gcc/arm-none-eabi/13.2.1/thumb/v8-m.main+dp/hard\libg_nano.a(libc_a-findfp.o) (__sread)
C:/Renesas/RA/e2studio_v2025-12_fsp_v6.4.0/toolchains/gcc_arm/13.2.rel1/bin/../lib/gcc/arm-none-eabi/13.2.1/thumb/v8-m.main+dp/hard\libg_nano.a(libc_a-wbuf.o)
                              C:/Renesas/RA/e2studio_v2025-12_fsp_v6.4.0/toolchains/gcc_arm/13.2.rel1/bin/../lib/gcc/arm-none-eabi/13.2.1/thumb/v8-m.main+dp/hard\libg_nano.a(libc_a-puts.o) (__swbuf_r)
C:/Renesas/RA/e2studio_v2025-12_fsp_v6.4.0/toolchains/gcc_arm/13.2.rel1/bin/../lib/gcc/arm-none-eabi/13.2.1/thumb/v8-m.main+dp/hard\libg_nano.a(libc_a-wsetup.o)
[...]
Memory Configuration

Name             Origin             Length             Attributes
RAM              0x22000000         0x001d4000         xrw
FLASH            0x02000000         0x00100000         xr
DATA_FLASH       0x27000000         0x00000000         xr
SDRAM            0x68000000         0x08000000         xrw
OSPI0_CS0        0x80000000         0x10000000         xrw
OSPI0_CS1        0x90000000         0x10000000         xr
OSPI1_CS0        0x70000000         0x08000000         xrw
OSPI1_CS1        0x78000000         0x08000000         xr
OPTION_SETTING_OFS0 0x02c9f040         0x00000004         r
OPTION_SETTING_OFS2 0x02c9f044         0x00000004         r
OPTION_SETTING_SAS 0x02c9f074         0x00000004         r
OPTION_SETTING_OFS1 0x12c9f4c0         0x00000004         r
OPTION_SETTING_OFS1_SEC 0x02c9f0c0         0x00000004         r
OPTION_SETTING_OFS1_SEL 0x02c9f120         0x00000004         r
OPTION_SETTING_OFS3 0x12c9f4c4         0x00000004         r
OPTION_SETTING_OFS3_SEC 0x02c9f0c4         0x00000004         r
OPTION_SETTING_OFS3_SEL 0x02c9f124         0x00000004         r
OPTION_SETTING_BPS 0x12c9f600         0x00000080         r
OPTION_SETTING_BPS_SEC 0x02c9f200         0x00000080         r
OPTION_SETTING_OTP_FSBLCTRL0 0x02e07600         0x00000004         r
OPTION_SETTING_OTP_FSBLCTRL1 0x02e07604         0x00000004         r
OPTION_SETTING_OTP_FSBLCTRL2 0x02e07608         0x00000004         r
OPTION_SETTING_OTP_SAMR 0x02e07614         0x00000004         r
OPTION_SETTING_OTP_SACC00 0x02e07620         0x00000004         r
OPTION_SETTING_OTP_SACC10 0x02e07630         0x00000004         r
OPTION_SETTING_OTP_SACC01 0x02e07640         0x00000004         r
OPTION_SETTING_OTP_SACC11 0x02e07650         0x00000004         r
OPTION_SETTING_OTP_SACC02 0x02e07660         0x00000004         r
OPTION_SETTING_OTP_SACC12 0x02e07670         0x00000004         r
OPTION_SETTING_OTP_SACC03 0x02e07680         0x00000004         r
OPTION_SETTING_OTP_SACC13 0x02e07690         0x00000004         r
OPTION_SETTING_OTP_PBPS_SEC 0x02e17700         0x00000080         r
OPTION_SETTING_OTP_PBPS 0x12e17780         0x00000080         r
OPTION_SETTING_OTP_ZHUK 0x02e17920         0x00000004         r
ITCM             0x00000000         0x00020000         xrw
DTCM             0x20000000         0x00020000         xrw
*default*        0x00000000         0xffffffff

Linker script and memory map

LOAD C:/Renesas/RA/e2studio_v2025-12_fsp_v6.4.0/toolchains/gcc_arm/13.2.rel1/bin/../lib/gcc/arm-none-eabi/13.2.1/thumb/v8-m.main+dp/hard/crti.o
LOAD C:/Renesas/RA/e2studio_v2025-12_fsp_v6.4.0/toolchains/gcc_arm/13.2.rel1/bin/../lib/gcc/arm-none-eabi/13.2.1/thumb/v8-m.main+dp/hard/crtbegin.o
LOAD C:/Renesas/RA/e2studio_v2025-12_fsp_v6.4.0/toolchains/gcc_arm/13.2.rel1/bin/../lib/gcc/arm-none-eabi/13.2.1/thumb/v8-m.main+dp/hard/crt0.o
START GROUP
LOAD ./src/hal_entry.o
LOAD ./src/hal_warmstart.o
LOAD ./ra_gen/common_data.o
LOAD ./ra_gen/hal_data.o
LOAD ./ra_gen/main.o
LOAD ./ra_gen/pin_data.o
LOAD ./ra_gen/vector_data.o
LOAD ./ra/fsp/src/r_ssi/r_ssi.o
LOAD ./ra/fsp/src/r_sci_b_uart/r_sci_b_uart.o
LOAD ./ra/fsp/src/r_ioport/r_ioport.o
LOAD ./ra/fsp/src/r_iic_master/r_iic_master.o
LOAD ./ra/fsp/src/r_gpt/r_gpt.o
LOAD ./ra/fsp/src/r_dtc/r_dtc.o
LOAD ./ra/fsp/src/r_ceu/r_ceu.o
LOAD ./ra/fsp/src/bsp/mcu/ra8p1/bsp_linker.o
LOAD ./ra/fsp/src/bsp/mcu/all/bsp_clocks.o
LOAD ./ra/fsp/src/bsp/mcu/all/bsp_common.o
LOAD ./ra/fsp/src/bsp/mcu/all/bsp_delay.o
LOAD ./ra/fsp/src/bsp/mcu/all/bsp_group_irq.o
LOAD ./ra/fsp/src/bsp/mcu/all/bsp_guard.o
LOAD ./ra/fsp/src/bsp/mcu/all/bsp_io.o
LOAD ./ra/fsp/src/bsp/mcu/all/bsp_ipc.o
LOAD ./ra/fsp/src/bsp/mcu/all/bsp_irq.o
LOAD ./ra/fsp/src/bsp/mcu/all/bsp_macl.o
LOAD ./ra/fsp/src/bsp/mcu/all/bsp_ospi_b.o
LOAD ./ra/fsp/src/bsp/mcu/all/bsp_register_protection.o
LOAD ./ra/fsp/src/bsp/mcu/all/bsp_sbrk.o
LOAD ./ra/fsp/src/bsp/mcu/all/bsp_sdram.o
LOAD ./ra/fsp/src/bsp/mcu/all/bsp_security.o
LOAD ./ra/fsp/src/bsp/cmsis/Device/RENESAS/Source/startup.o
LOAD ./ra/fsp/src/bsp/cmsis/Device/RENESAS/Source/system.o
LOAD ./code/AS608pro.o
LOAD ./code/PN532_hal.o
LOAD ./code/command_dispatch.o
LOAD ./code/esp32_comm.o
LOAD ./code/font.o
LOAD ./code/inmp441.o
LOAD ./code/key.o
LOAD ./code/lcd.o
LOAD ./code/mfcc_engine.o
LOAD ./code/mram_kv.o
LOAD ./code/ov5640.o
LOAD ./code/pn532.o
LOAD ./code/speaker_verify.o
LOAD ./code/text.o
LOAD ./code/tjc_usart_hmi.o
LOAD ./code/voice.o
LOAD ./code/voice_cmd.o
END GROUP
START GROUP
LOAD C:/Renesas/RA/e2studio_v2025-12_fsp_v6.4.0/toolchains/gcc_arm/13.2.rel1/bin/../lib/gcc/arm-none-eabi/13.2.1/thumb/v8-m.main+dp/hard\libgcc.a
LOAD C:/Renesas/RA/e2studio_v2025-12_fsp_v6.4.0/toolchains/gcc_arm/13.2.rel1/bin/../lib/gcc/arm-none-eabi/13.2.1/thumb/v8-m.main+dp/hard\libg_nano.a
LOAD C:/Renesas/RA/e2studio_v2025-12_fsp_v6.4.0/toolchains/gcc_arm/13.2.rel1/bin/../lib/gcc/arm-none-eabi/13.2.1/thumb/v8-m.main+dp/hard\libc_nano.a
END GROUP
START GROUP
LOAD C:/Renesas/RA/e2studio_v2025-12_fsp_v6.4.0/toolchains/gcc_arm/13.2.rel1/bin/../lib/gcc/arm-none-eabi/13.2.1/thumb/v8-m.main+dp/hard\libgcc.a
LOAD C:/Renesas/RA/e2studio_v2025-12_fsp_v6.4.0/toolchains/gcc_arm/13.2.rel1/bin/../lib/gcc/arm-none-eabi/13.2.1/thumb/v8-m.main+dp/hard\libc_nano.a
LOAD C:/Renesas/RA/e2studio_v2025-12_fsp_v6.4.0/toolchains/gcc_arm/13.2.rel1/bin/../lib/gcc/arm-none-eabi/13.2.1/thumb/v8-m.main+dp/hard\libnosys.a
END GROUP
START GROUP
LOAD C:/Renesas/RA/e2studio_v2025-12_fsp_v6.4.0/toolchains/gcc_arm/13.2.rel1/bin/../lib/gcc/arm-none-eabi/13.2.1/thumb/v8-m.main+dp/hard\libgcc.a
LOAD C:/Renesas/RA/e2studio_v2025-12_fsp_v6.4.0/toolchains/gcc_arm/13.2.rel1/bin/../lib/gcc/arm-none-eabi/13.2.1/thumb/v8-m.main+dp/hard\libc_nano.a
LOAD C:/Renesas/RA/e2studio_v2025-12_fsp_v6.4.0/toolchains/gcc_arm/13.2.rel1/bin/../lib/gcc/arm-none-eabi/13.2.1/thumb/v8-m.main+dp/hard\libnosys.a
END GROUP
LOAD C:/Renesas/RA/e2studio_v2025-12_fsp_v6.4.0/toolchains/gcc_arm/13.2.rel1/bin/../lib/gcc/arm-none-eabi/13.2.1/thumb/v8-m.main+dp/hard/crtend.o
LOAD C:/Renesas/RA/e2studio_v2025-12_fsp_v6.4.0/toolchains/gcc_arm/13.2.rel1/bin/../lib/gcc/arm-none-eabi/13.2.1/thumb/v8-m.main+dp/hard/crtn.o
                0x22000000                        RAM_START = 0x22000000
                0x001d4000                        RAM_LENGTH = 0x1d4000
                0x02000000                        FLASH_START = 0x2000000
                0x00100000                        FLASH_LENGTH = 0x100000
                0x27000000                        DATA_FLASH_START = 0x27000000
                0x00000000                        DATA_FLASH_LENGTH = 0x0
                0x68000000                        SDRAM_START = 0x68000000
                0x08000000                        SDRAM_LENGTH = 0x8000000
                0x80000000                        OSPI0_CS0_START = 0x80000000
                0x10000000                        OSPI0_CS0_LENGTH = 0x10000000
                0x90000000                        OSPI0_CS1_START = 0x90000000
                0x10000000                        OSPI0_CS1_LENGTH = 0x10000000
                0x70000000                        OSPI1_CS0_START = 0x70000000
                0x08000000                        OSPI1_CS0_LENGTH = 0x8000000
                0x78000000                        OSPI1_CS1_START = 0x78000000
                0x08000000                        OSPI1_CS1_LENGTH = 0x8000000
                0x02c9f040                        OPTION_SETTING_OFS0_START = 0x2c9f040
                0x00000004                        OPTION_SETTING_OFS0_LENGTH = 0x4
                0x02c9f044                        OPTION_SETTING_OFS2_START = 0x2c9f044
                0x00000004                        OPTION_SETTING_OFS2_LENGTH = 0x4
                0x02c9f074                        OPTION_SETTING_SAS_START = 0x2c9f074
                0x00000004                        OPTION_SETTING_SAS_LENGTH = 0x4
                0x12c9f4c0                        OPTION_SETTING_OFS1_START = 0x12c9f4c0
                0x00000004                        OPTION_SETTING_OFS1_LENGTH = 0x4
                0x02c9f0c0                        OPTION_SETTING_OFS1_SEC_START = 0x2c9f0c0
                0x00000004                        OPTION_SETTING_OFS1_SEC_LENGTH = 0x4
                0x02c9f120                        OPTION_SETTING_OFS1_SEL_START = 0x2c9f120
                0x00000004                        OPTION_SETTING_OFS1_SEL_LENGTH = 0x4
                0x12c9f4c4                        OPTION_SETTING_OFS3_START = 0x12c9f4c4
                0x00000004                        OPTION_SETTING_OFS3_LENGTH = 0x4
                0x02c9f0c4                        OPTION_SETTING_OFS3_SEC_START = 0x2c9f0c4
                0x00000004                        OPTION_SETTING_OFS3_SEC_LENGTH = 0x4
                0x02c9f124                        OPTION_SETTING_OFS3_SEL_START = 0x2c9f124
                0x00000004                        OPTION_SETTING_OFS3_SEL_LENGTH = 0x4
                0x12c9f600                        OPTION_SETTING_BPS_START = 0x12c9f600
                0x00000080                        OPTION_SETTING_BPS_LENGTH = 0x80
                0x02c9f200                        OPTION_SETTING_BPS_SEC_START = 0x2c9f200
                0x00000080                        OPTION_SETTING_BPS_SEC_LENGTH = 0x80
                0x02e07600                        OPTION_SETTING_OTP_FSBLCTRL0_START = 0x2e07600
                0x00000004                        OPTION_SETTING_OTP_FSBLCTRL0_LENGTH = 0x4
                0x02e07604                        OPTION_SETTING_OTP_FSBLCTRL1_START = 0x2e07604
                0x00000004                        OPTION_SETTING_OTP_FSBLCTRL1_LENGTH = 0x4
                0x02e07608                        OPTION_SETTING_OTP_FSBLCTRL2_START = 0x2e07608
                0x00000004                        OPTION_SETTING_OTP_FSBLCTRL2_LENGTH = 0x4
                0x02e07614                        OPTION_SETTING_OTP_SAMR_START = 0x2e07614
                0x00000004                        OPTION_SETTING_OTP_SAMR_LENGTH = 0x4
                0x02e07620                        OPTION_SETTING_OTP_SACC00_START = 0x2e07620
                0x00000004                        OPTION_SETTING_OTP_SACC00_LENGTH = 0x4
                0x02e07630                        OPTION_SETTING_OTP_SACC10_START = 0x2e07630
                0x00000004                        OPTION_SETTING_OTP_SACC10_LENGTH = 0x4
                0x02e07640                        OPTION_SETTING_OTP_SACC01_START = 0x2e07640
                0x00000004                        OPTION_SETTING_OTP_SACC01_LENGTH = 0x4
                0x02e07650                        OPTION_SETTING_OTP_SACC11_START = 0x2e07650
                0x00000004                        OPTION_SETTING_OTP_SACC11_LENGTH = 0x4
                0x02e07660                        OPTION_SETTING_OTP_SACC02_START = 0x2e07660
                0x00000004                        OPTION_SETTING_OTP_SACC02_LENGTH = 0x4
                0x02e07670                        OPTION_SETTING_OTP_SACC12_START = 0x2e07670
                0x00000004                        OPTION_SETTING_OTP_SACC12_LENGTH = 0x4
                0x02e07680                        OPTION_SETTING_OTP_SACC03_START = 0x2e07680
                0x00000004                        OPTION_SETTING_OTP_SACC03_LENGTH = 0x4
                0x02e07690                        OPTION_SETTING_OTP_SACC13_START = 0x2e07690
                0x00000004                        OPTION_SETTING_OTP_SACC13_LENGTH = 0x4
                0x02e17700                        OPTION_SETTING_OTP_PBPS_SEC_START = 0x2e17700
                0x00000080                        OPTION_SETTING_OTP_PBPS_SEC_LENGTH = 0x80
                0x12e17780                        OPTION_SETTING_OTP_PBPS_START = 0x12e17780
                0x00000080                        OPTION_SETTING_OTP_PBPS_LENGTH = 0x80
                0x02e17920                        OPTION_SETTING_OTP_ZHUK_START = 0x2e17920
                0x00000004                        OPTION_SETTING_OTP_ZHUK_LENGTH = 0x4
                0x00000000                        ITCM_START = 0x0
                0x00020000                        ITCM_LENGTH = 0x20000
                0x20000000                        DTCM_START = 0x20000000
                0x00020000                        DTCM_LENGTH = 0x20000
START GROUP
LOAD C:/Renesas/RA/e2studio_v2025-12_fsp_v6.4.0/toolchains/gcc_arm/13.2.rel1/bin/../lib/gcc/arm-none-eabi/13.2.1/thumb/v8-m.main+dp/hard\libgcc.a
LOAD C:/Renesas/RA/e2studio_v2025-12_fsp_v6.4.0/toolchains/gcc_arm/13.2.rel1/bin/../lib/gcc/arm-none-eabi/13.2.1/thumb/v8-m.main+dp/hard\libc.a
LOAD C:/Renesas/RA/e2studio_v2025-12_fsp_v6.4.0/toolchains/gcc_arm/13.2.rel1/bin/../lib/gcc/arm-none-eabi/13.2.1/thumb/v8-m.main+dp/hard\libm.a
END GROUP

.ospi0_cs1.startof
                0x90000000        0x0
                0x90000000                        __ddsc_OSPI0_CS1_START = .

.sdram.startof  0x68000000        0x0
                0x68000000                        __ddsc_SDRAM_START = .

__sdram_from_ospi0_cs1$$
                0x68000000        0x0 load address 0x90000000
                0x68000000                        __sdram_from_ospi0_cs1$$Base = .
                0x90000000                        __sdram_from_ospi0_cs1$$Load = LOADADDR (__sdram_from_ospi0_cs1$$)
 *(.sdram_from_ospi0_cs1)
 *(.sdram_code_from_ospi0_cs1)
                0x68000000                        __sdram_from_ospi0_cs1$$Limit = .

.ospi0_cs0.startof
                0x80000000        0x0
                0x80000000                        __ddsc_OSPI0_CS0_START = .

__ospi0_cs0_from_ospi0_cs1$$
                0x80000000        0x0 load address 0x90000000
                0x80000000                        __ospi0_cs0_from_ospi0_cs1$$Base = .
                0x90000000                        __ospi0_cs0_from_ospi0_cs1$$Load = LOADADDR (__ospi0_cs0_from_ospi0_cs1$$)
 *(.ospi0_cs0_from_ospi0_cs1)
 *(.ospi0_cs0_code_from_ospi0_cs1)
                0x80000000                        __ospi0_cs0_from_ospi0_cs1$$Limit = .

.ospi1_cs0.startof
                0x70000000        0x0
                0x70000000                        __ddsc_OSPI1_CS0_START = .

__ospi1_cs0_from_ospi0_cs1$$
                0x70000000        0x0 load address 0x90000000
                0x70000000                        __ospi1_cs0_from_ospi0_cs1$$Base = .
                0x90000000                        __ospi1_cs0_from_ospi0_cs1$$Load = LOADADDR (__ospi1_cs0_from_ospi0_cs1$$)
 *(.ospi1_cs0_from_ospi0_cs1)
 *(.ospi1_cs0_code_from_ospi0_cs1)
                0x70000000                        __ospi1_cs0_from_ospi0_cs1$$Limit = .

.itcm.startof   0x00000000        0x0
                0x00000000                        __ddsc_ITCM_START = .

__itcm_from_ospi0_cs1$$
                0x00000000        0x0 load address 0x90000000
                0x00000000                        __itcm_from_ospi0_cs1$$Base = .
                0x90000000                        __itcm_from_ospi0_cs1$$Load = LOADADDR (__itcm_from_ospi0_cs1$$)
 *(.itcm_from_ospi0_cs1)
 *(.itcm_code_from_ospi0_cs1)
                0x00000000                        __itcm_from_ospi0_cs1$$Limit = .

.dtcm.startof   0x20000000        0x0
                0x20000000                        __ddsc_DTCM_START = .

__dtcm_from_ospi0_cs1$$
                0x20000000        0x0 load address 0x90000000
                0x20000000                        __dtcm_from_ospi0_cs1$$Base = .
                0x90000000                        __dtcm_from_ospi0_cs1$$Load = LOADADDR (__dtcm_from_ospi0_cs1$$)
 *(.dtcm_from_ospi0_cs1)
 *(.dtcm_code_from_ospi0_cs1)
                0x20000000                        __dtcm_from_ospi0_cs1$$Limit = .

.ram.startof    0x22000000        0x0
                0x22000000                        __ddsc_RAM_START = .

__ram_dtc_vector$$
                0x22000000       0x80
                0x22000000                        __ram_dtc_vector$$Base = .
 *(.fsp_dtc_vector_table)
 .fsp_dtc_vector_table
                0x22000000       0x80 ./ra/fsp/src/r_dtc/r_dtc.o
                0x22000080                        __ram_dtc_vector$$Limit = .

__ram_from_ospi0_cs1$$
                0x22000080        0x0 load address 0x90000000
                0x22000080                        __ram_from_ospi0_cs1$$Base = .
                0x90000000                        __ram_from_ospi0_cs1$$Load = LOADADDR (__ram_from_ospi0_cs1$$)
 *(.ram_from_ospi0_cs1)
 *(.ram_code_from_ospi0_cs1)
                0x22000080                        __ram_from_ospi0_cs1$$Limit = .

__ospi0_cs1_readonly$$
                0x90000000        0x0
                0x90000000                        __ospi0_cs1_readonly$$Base = .
 *(.ospi0_cs1)
 *(.ospi0_cs1_code)
                0x90000000                        __ospi0_cs1_readonly$$Limit = .

__ospi0_cs1_noinit$$
                0x90000000        0x0
                0x90000000                        __ospi0_cs1_noinit$$Base = .
 *(.ospi0_cs1_noinit)
                0x90000000                        __ospi0_cs1_noinit$$Limit = .

.ospi0_cs1.endof
                0x90000000        0x0
                0x90000000                        __ddsc_OSPI0_CS1_END = .

.ospi1_cs1.startof
                0x78000000        0x0
                0x78000000                        __ddsc_OSPI1_CS1_START = .

__sdram_from_ospi1_cs1$$
                0x68000000        0x0 load address 0x78000000
                0x68000000                        __sdram_from_ospi1_cs1$$Base = .
                0x78000000                        __sdram_from_ospi1_cs1$$Load = LOADADDR (__sdram_from_ospi1_cs1$$)
 *(.sdram_from_ospi1_cs1)
 *(.sdram_code_from_ospi1_cs1)
                0x68000000                        __sdram_from_ospi1_cs1$$Limit = .

__ospi0_cs0_from_ospi1_cs1$$
                0x80000000        0x0 load address 0x78000000
                0x80000000                        __ospi0_cs0_from_ospi1_cs1$$Base = .
                0x78000000                        __ospi0_cs0_from_ospi1_cs1$$Load = LOADADDR (__ospi0_cs0_from_ospi1_cs1$$)
 *(.ospi0_cs0_from_ospi1_cs1)
 *(.ospi0_cs0_code_from_ospi1_cs1)
                0x80000000                        __ospi0_cs0_from_ospi1_cs1$$Limit = .

__ospi1_cs0_from_ospi1_cs1$$
                0x70000000        0x0 load address 0x78000000
                0x70000000                        __ospi1_cs0_from_ospi1_cs1$$Base = .
                0x78000000                        __ospi1_cs0_from_ospi1_cs1$$Load = LOADADDR (__ospi1_cs0_from_ospi1_cs1$$)
 *(.ospi1_cs0_from_ospi1_cs1)
 *(.ospi1_cs0_code_from_ospi1_cs1)
                0x70000000                        __ospi1_cs0_from_ospi1_cs1$$Limit = .

__itcm_from_ospi1_cs1$$
                0x00000000        0x0 load address 0x78000000
                0x00000000                        __itcm_from_ospi1_cs1$$Base = .
                0x78000000                        __itcm_from_ospi1_cs1$$Load = LOADADDR (__itcm_from_ospi1_cs1$$)
 *(.itcm_from_ospi1_cs1)
 *(.itcm_code_from_ospi1_cs1)
                0x00000000                        __itcm_from_ospi1_cs1$$Limit = .

__dtcm_from_ospi1_cs1$$
                0x20000000        0x0 load address 0x78000000
                0x20000000                        __dtcm_from_ospi1_cs1$$Base = .
                0x78000000                        __dtcm_from_ospi1_cs1$$Load = LOADADDR (__dtcm_from_ospi1_cs1$$)
 *(.dtcm_from_ospi1_cs1)
 *(.dtcm_code_from_ospi1_cs1)
                0x20000000                        __dtcm_from_ospi1_cs1$$Limit = .

__ram_from_ospi1_cs1$$
                0x22000080        0x0 load address 0x78000000
                0x22000080                        __ram_from_ospi1_cs1$$Base = .
                0x78000000                        __ram_from_ospi1_cs1$$Load = LOADADDR (__ram_from_ospi1_cs1$$)
 *(.ram_from_ospi1_cs1)
 *(.ram_code_from_ospi1_cs1)
                0x22000080                        __ram_from_ospi1_cs1$$Limit = .

__ospi1_cs1_readonly$$
                0x78000000        0x0
                0x78000000                        __ospi1_cs1_readonly$$Base = .
 *(.ospi1_cs1)
 *(.ospi1_cs1_code)
                0x78000000                        __ospi1_cs1_readonly$$Limit = .

__ospi1_cs1_noinit$$
                0x78000000        0x0
                0x78000000                        __ospi1_cs1_noinit$$Base = .
 *(.ospi1_cs1_noinit)
                0x78000000                        __ospi1_cs1_noinit$$Limit = .

.ospi1_cs1.endof
                0x78000000        0x0
                0x78000000                        __ddsc_OSPI1_CS1_END = .

.data_flash.startof
                0x27000000        0x0
                0x27000000                        __ddsc_DATA_FLASH_START = .

__sdram_from_data_flash$$
                0x68000000        0x0 load address 0x27000000
                0x68000000                        __sdram_from_data_flash$$Base = .
                0x27000000                        __sdram_from_data_flash$$Load = LOADADDR (__sdram_from_data_flash$$)
 *(.sdram_from_data_flash)
 *(.sdram_code_from_data_flash)
                0x68000000                        __sdram_from_data_flash$$Limit = .

__ospi0_cs0_from_data_flash$$
                0x80000000        0x0 load address 0x27000000
                0x80000000                        __ospi0_cs0_from_data_flash$$Base = .
                0x27000000                        __ospi0_cs0_from_data_flash$$Load = LOADADDR (__ospi0_cs0_from_data_flash$$)
 *(.ospi0_cs0_from_data_flash)
 *(.ospi0_cs0_code_from_data_flash)
                0x80000000                        __ospi0_cs0_from_data_flash$$Limit = .

__ospi1_cs0_from_data_flash$$
                0x70000000        0x0 load address 0x27000000
                0x70000000                        __ospi1_cs0_from_data_flash$$Base = .
                0x27000000                        __ospi1_cs0_from_data_flash$$Load = LOADADDR (__ospi1_cs0_from_data_flash$$)
 *(.ospi1_cs0_from_data_flash)
 *(.ospi1_cs0_code_from_data_flash)
                0x70000000                        __ospi1_cs0_from_data_flash$$Limit = .

__itcm_from_data_flash$$
                0x00000000        0x0 load address 0x27000000
                0x00000000                        __itcm_from_data_flash$$Base = .
                0x27000000                        __itcm_from_data_flash$$Load = LOADADDR (__itcm_from_data_flash$$)
 *(.itcm_from_data_flash)
 *(.itcm_code_from_data_flash)
                0x00000000                        __itcm_from_data_flash$$Limit = .

__dtcm_from_data_flash$$
                0x20000000        0x0 load address 0x27000000
                0x20000000                        __dtcm_from_data_flash$$Base = .
                0x27000000                        __dtcm_from_data_flash$$Load = LOADADDR (__dtcm_from_data_flash$$)
 *(.dtcm_from_data_flash)
 *(.dtcm_code_from_data_flash)
                0x20000000                        __dtcm_from_data_flash$$Limit = .

__ram_from_data_flash$$
                0x22000080        0x0 load address 0x27000000
                0x22000080                        __ram_from_data_flash$$Base = .
                0x27000000                        __ram_from_data_flash$$Load = LOADADDR (__ram_from_data_flash$$)
 *(.ram_from_data_flash)
 *(.ram_code_from_data_flash)
                0x22000080                        __ram_from_data_flash$$Limit = .

__data_flash_readonly$$
                0x27000000        0x0
                0x27000000                        __data_flash_readonly$$Base = .
 *(.data_flash)
 *(.data_flash_code)
                0x27000000                        __data_flash_readonly$$Limit = .

__data_flash_noinit$$
                0x27000000        0x0
                0x27000000                        __data_flash_noinit$$Base = .
 *(.data_flash_noinit)
                0x27000000                        __data_flash_noinit$$Limit = .

.data_flash.endof
                0x27000000        0x0
                0x27000000                        __ddsc_DATA_FLASH_END = .

.flash.startof  0x02000000        0x0
                0x02000000                        __ddsc_FLASH_START = .

__flash_vectors$$
                0x02000000       0xc0
                0x02000000                        __flash_vectors$$Base = .
                0x02000000                        _VECTORS = .
 *(.fixed_vectors)
 .fixed_vectors
                0x02000000       0x40 ./ra/fsp/src/bsp/cmsis/Device/RENESAS/Source/startup.o
                0x02000000                __Vectors
 *(.application_vectors)
 .application_vectors
                0x02000040       0x80 ./ra_gen/vector_data.o
                0x02000040                g_vector_table
                0x020000c0                        __flash_vectors$$Limit = .

__flash_noinit$$
                0x020000c0        0x0
                0x020000c0                        __flash_noinit$$Base = .
 *(.flash_noinit)
                0x020000c0                        __flash_noinit$$Limit = .

__sdram_from_flash$$
                0x68000000        0x0 load address 0x020000c0
                0x68000000                        __sdram_from_flash$$Base = .
                0x020000c0                        __sdram_from_flash$$Load = LOADADDR (__sdram_from_flash$$)
 *(.sdram_from_flash)
 *(.sdram_code_from_flash)
                0x68000000                        __sdram_from_flash$$Limit = .

__sdram_noinit_nocache$$
                0x68000000        0x0 load address 0x020000c0
                0x68000000                        __sdram_noinit_nocache$$Base = .
 *(.bss.sdram_noinit)
 *(.sdram_noinit_nocache)
                0x68000000                        __sdram_noinit_nocache$$Limit = .

__sdram_zero_nocache$$
                0x68000000        0x0 load address 0x020000c0
                0x68000000                        __sdram_zero_nocache$$Base = .
 *(.sdram_nocache)
                0x68000000                        . = ALIGN (0x20)
                0x68000000                        __sdram_zero_nocache$$Limit = .

__sdram_noinit$$
                0x68000000    0x30e8c load address 0x020000c0
                0x68000000                        __sdram_noinit$$Base = .
 *(.sdram_noinit)
 .sdram_noinit  0x68000000    0x30e8c ./src/hal_entry.o
                0x68030e8c                        __sdram_noinit$$Limit = .

__sdram_zero$$  0x68030e8c        0x0 load address 0x020000c0
                0x68030e8c                        __sdram_zero$$Base = .
 *(.sdram)
                0x68030e8c                        __sdram_zero$$Limit = .

.sdram.endof    0x68031000        0x0
                0x68031000                        __ddsc_SDRAM_END = .

__ospi0_cs0_from_flash$$
                0x80000000        0x0 load address 0x020000c0
                0x80000000                        __ospi0_cs0_from_flash$$Base = .
                0x020000c0                        __ospi0_cs0_from_flash$$Load = LOADADDR (__ospi0_cs0_from_flash$$)
 *(.ospi0_cs0_from_flash)
 *(.ospi0_cs0_code_from_flash)
                0x80000000                        __ospi0_cs0_from_flash$$Limit = .

__ospi0_cs0_noinit_nocache$$
                0x80000000        0x0 load address 0x020000c0
                0x80000000                        __ospi0_cs0_noinit_nocache$$Base = .
 *(.ospi0_cs0_noinit_nocache)
                0x80000000                        __ospi0_cs0_noinit_nocache$$Limit = .

__ospi0_cs0_zero_nocache$$
                0x80000000        0x0 load address 0x020000c0
                0x80000000                        __ospi0_cs0_zero_nocache$$Base = .
 *(.ospi0_cs0_nocache)
                0x80000000                        . = ALIGN (0x20)
                0x80000000                        __ospi0_cs0_zero_nocache$$Limit = .

__ospi0_cs0_noinit$$
                0x80000000        0x0 load address 0x020000c0
                0x80000000                        __ospi0_cs0_noinit$$Base = .
 *(.ospi0_cs0_noinit)
                0x80000000                        __ospi0_cs0_noinit$$Limit = .

__ospi0_cs0_zero$$
                0x80000000        0x0 load address 0x020000c0
                0x80000000                        __ospi0_cs0_zero$$Base = .
 *(.ospi0_cs0)
                0x80000000                        __ospi0_cs0_zero$$Limit = .

.ospi0_cs0.endof
                0x80000000        0x0
                0x80000000                        __ddsc_OSPI0_CS0_END = .

__ospi1_cs0_from_flash$$
                0x70000000        0x0 load address 0x020000c0
                0x70000000                        __ospi1_cs0_from_flash$$Base = .
                0x020000c0                        __ospi1_cs0_from_flash$$Load = LOADADDR (__ospi1_cs0_from_flash$$)
 *(.ospi1_cs0_from_flash)
 *(.ospi1_cs0_code_from_flash)
                0x70000000                        __ospi1_cs0_from_flash$$Limit = .

__ospi1_cs0_noinit_nocache$$
                0x70000000        0x0 load address 0x020000c0
                0x70000000                        __ospi1_cs0_noinit_nocache$$Base = .
 *(.ospi1_cs0_noinit_nocache)
                0x70000000                        __ospi1_cs0_noinit_nocache$$Limit = .

__ospi1_cs0_zero_nocache$$
                0x70000000        0x0 load address 0x020000c0
                0x70000000                        __ospi1_cs0_zero_nocache$$Base = .
 *(.ospi1_cs0_nocache)
                0x70000000                        . = ALIGN (0x20)
                0x70000000                        __ospi1_cs0_zero_nocache$$Limit = .

__ospi1_cs0_noinit$$
                0x70000000        0x0 load address 0x020000c0
                0x70000000                        __ospi1_cs0_noinit$$Base = .
 *(.ospi1_cs0_noinit)
                0x70000000                        __ospi1_cs0_noinit$$Limit = .

__ospi1_cs0_zero$$
                0x70000000        0x0 load address 0x020000c0
                0x70000000                        __ospi1_cs0_zero$$Base = .
 *(.ospi1_cs0)
                0x70000000                        __ospi1_cs0_zero$$Limit = .

.ospi1_cs0.endof
                0x70000000        0x0
                0x70000000                        __ddsc_OSPI1_CS0_END = .

__itcm_from_flash$$
                0x00000000        0x0 load address 0x020000c0
                0x00000000                        __itcm_from_flash$$Base = .
                0x020000c0                        __itcm_from_flash$$Load = LOADADDR (__itcm_from_flash$$)
 *(.itcm_from_flash)
 *(.itcm_code_from_flash)
                0x00000000                        __itcm_from_flash$$Limit = .

__itcm_noinit$$
                0x00000000        0x0 load address 0x020000c0
                0x00000000                        __itcm_noinit$$Base = .
 *(.itcm_noinit)
                0x00000000                        __itcm_noinit$$Limit = .

__itcm_zero$$   0x00000000        0x0 load address 0x020000c0
                0x00000000                        __itcm_zero$$Base = .
 *(.itcm)
                0x00000000                        __itcm_zero$$Limit = .

.itcm.endof     0x00000000        0x0
                0x00000000                        __ddsc_ITCM_END = .

__dtcm_from_flash$$
                0x20000000        0x0 load address 0x020000c0
                0x20000000                        __dtcm_from_flash$$Base = .
                0x020000c0                        __dtcm_from_flash$$Load = LOADADDR (__dtcm_from_flash$$)
 *(.dtcm_from_flash)
 *(.dtcm_code_from_flash)
                0x20000000                        __dtcm_from_flash$$Limit = .

__dtcm_noinit$$
                0x20000000        0x0 load address 0x020000c0
                0x20000000                        __dtcm_noinit$$Base = .
 *(.dtcm_noinit)
                0x20000000                        __dtcm_noinit$$Limit = .

__dtcm_zero$$   0x20000000        0x0 load address 0x020000c0
                0x20000000                        __dtcm_zero$$Base = .
 *(.dtcm)
                0x20000000                        __dtcm_zero$$Limit = .

.dtcm.endof     0x20000000        0x0
                0x20000000                        __ddsc_DTCM_END = .

__ram_from_flash$$
                0x22000080      0x2b0 load address 0x020000c0
                0x22000080                        __ram_from_flash$$Base = .
                0x020000c0                        __ram_from_flash$$Load = LOADADDR (__ram_from_flash$$)
 *(.ram_from_flash)
 *(.ram_code_from_flash)
 *(.data*)
 .data.g_uart9_tx_done
                0x22000080        0x1 ./src/hal_entry.o
                0x22000080                g_uart9_tx_done
 *fill*         0x22000081        0x3 
 .data.g_vad_th_min
                0x22000084        0x4 ./src/hal_entry.o
                0x22000084                g_vad_th_min
 .data.g_uart9_baud_setting
                0x22000088        0x4 ./ra_gen/hal_data.o
                0x22000088                g_uart9_baud_setting
 .data.g_uart6_baud_setting
                0x2200008c        0x4 ./ra_gen/hal_data.o
                0x2200008c                g_uart6_baud_setting
 .data.g_uart1_baud_setting
                0x22000090        0x4 ./ra_gen/hal_data.o
                0x22000090                g_uart1_baud_setting
 .data.g_uart2_baud_setting
                0x22000094        0x4 ./ra_gen/hal_data.o
                0x22000094                g_uart2_baud_setting
 .data.g_uart3_baud_setting
                0x22000098        0x4 ./ra_gen/hal_data.o
                0x22000098                g_uart3_baud_setting
 *fill*         0x2200009c        0x4 
 .data.g_transfer_rx_info
                0x220000a0       0x10 ./ra_gen/hal_data.o
                0x220000a0                g_transfer_rx_info
 .data.AS608Addr
                0x220000b0        0x4 ./code/AS608pro.o
                0x220000b0                AS608Addr
 .data.rtc_day  0x220000b4        0x1 ./code/esp32_comm.o
 .data.rtc_month
                0x220000b5        0x1 ./code/esp32_comm.o
 .data.rtc_year
                0x220000b6        0x2 ./code/esp32_comm.o
 .data.g_k230_milk_prev
                0x220000b8        0x4 ./code/esp32_comm.o
 .data.g_k230_sprite_prev
                0x220000bc        0x4 ./code/esp32_comm.o
 .data.g_k230_cola_prev
                0x220000c0        0x4 ./code/esp32_comm.o
 .data.g_sync_day
                0x220000c4        0x1 ./code/esp32_comm.o
 .data.g_sync_month
                0x220000c5        0x1 ./code/esp32_comm.o
 .data.g_sync_year
                0x220000c6        0x2 ./code/esp32_comm.o
 .data.g_uart3_tx_done
                0x220000c8        0x1 ./code/esp32_comm.o
 *fill*         0x220000c9        0x3 
 .data.g_buf_ready_idx
                0x220000cc        0x4 ./code/inmp441.o
 .data.num_cards
                0x220000d0        0x1 ./code/pn532.o
                0x220000d0                num_cards
 *fill*         0x220000d1        0x3 
 .data.authorized_cards
                0x220000d4       0x80 ./code/pn532.o
                0x220000d4                authorized_cards
 .data.g_spk_sim_threshold
                0x22000154        0x4 ./code/speaker_verify.o
                0x22000154                g_spk_sim_threshold
 .data.g_uart1_tx_done
                0x22000158        0x1 ./code/voice.o
 *fill*         0x22000159        0x3 
 .data.g_wake_threshold
                0x2200015c        0x4 ./code/voice_cmd.o
                0x2200015c                g_wake_threshold
 .data.g_dtw_margin
                0x22000160        0x4 ./code/voice_cmd.o
                0x22000160                g_dtw_margin
 .data.g_th_base
                0x22000164        0x4 ./code/voice_cmd.o
                0x22000164                g_th_base
 .data.__sglue  0x22000168        0xc C:/Renesas/RA/e2studio_v2025-12_fsp_v6.4.0/toolchains/gcc_arm/13.2.rel1/bin/../lib/gcc/arm-none-eabi/13.2.1/thumb/v8-m.main+dp/hard\libg_nano.a(libc_a-findfp.o)
                0x22000168                __sglue
 .data._impure_ptr
                0x22000174        0x4 C:/Renesas/RA/e2studio_v2025-12_fsp_v6.4.0/toolchains/gcc_arm/13.2.rel1/bin/../lib/gcc/arm-none-eabi/13.2.1/thumb/v8-m.main+dp/hard\libg_nano.a(libc_a-impure.o)
                0x22000174                _impure_ptr
 .data._impure_data
                0x22000178       0x4c C:/Renesas/RA/e2studio_v2025-12_fsp_v6.4.0/toolchains/gcc_arm/13.2.rel1/bin/../lib/gcc/arm-none-eabi/13.2.1/thumb/v8-m.main+dp/hard\libg_nano.a(libc_a-impure.o)
                0x22000178                _impure_data
 .data.__global_locale
                0x220001c4      0x16c C:/Renesas/RA/e2studio_v2025-12_fsp_v6.4.0/toolchains/gcc_arm/13.2.rel1/bin/../lib/gcc/arm-none-eabi/13.2.1/thumb/v8-m.main+dp/hard\libg_nano.a(libc_a-locale.o)
                0x220001c4                __global_locale
 *(vtable)
                0x22000330                        __ram_from_flash$$Limit = .

.tm_clone_table
                0x22000330        0x0 load address 0x02000370
 .tm_clone_table
                0x22000330        0x0 C:/Renesas/RA/e2studio_v2025-12_fsp_v6.4.0/toolchains/gcc_arm/13.2.rel1/bin/../lib/gcc/arm-none-eabi/13.2.1/thumb/v8-m.main+dp/hard/crtbegin.o
 .tm_clone_table
                0x22000330        0x0 C:/Renesas/RA/e2studio_v2025-12_fsp_v6.4.0/toolchains/gcc_arm/13.2.rel1/bin/../lib/gcc/arm-none-eabi/13.2.1/thumb/v8-m.main+dp/hard/crtend.o

.igot.plt       0x22000330        0x0 load address 0x02000370
 .igot.plt      0x22000330        0x0 C:/Renesas/RA/e2studio_v2025-12_fsp_v6.4.0/toolchains/gcc_arm/13.2.rel1/bin/../lib/gcc/arm-none-eabi/13.2.1/thumb/v8-m.main+dp/hard/crtbegin.o

__ram_noinit_nocache$$
                0x22000340        0x0 load address 0x02000380
                0x22000340                        __ram_noinit_nocache$$Base = .
 *(.ram_noinit_nocache)
                0x22000340                        __ram_noinit_nocache$$Limit = .

__ram_zero_nocache$$
                0x22000330       0x10 load address 0x02000370
                0x22000330                        __ram_zero_nocache$$Base = .
 *(.ram_nocache)
                0x22000340                        . = ALIGN (0x20)
 *fill*         0x22000330       0x10 
                0x22000340                        __ram_zero_nocache$$Limit = .

__ram_noinit$$  0x22000340     0x6218 load address 0x02000370
                0x22000340                        __ram_noinit$$Base = .
 *(.bss.g_heap)
 .bss.g_heap    0x22000340     0x2000 ./ra/fsp/src/bsp/cmsis/Device/RENESAS/Source/startup.o
                0x22000340                g_heap
 *(.bss.g_main_stack)
 .bss.g_main_stack
                0x22002340     0x4000 ./ra/fsp/src/bsp/cmsis/Device/RENESAS/Source/startup.o
                0x22002340                g_main_stack
 *(.ram_noinit)
 .ram_noinit    0x22006340       0x2c ./ra/fsp/src/bsp/mcu/all/bsp_clocks.o
 *(.noinit)
 .noinit        0x2200636c      0x1ec ./code/speaker_verify.o
                0x22006558                        __ram_noinit$$Limit = .

__ram_zero$$    0x22006560    0x10a54 load address 0x02000370
                0x22006560                        __ram_zero$$Base = .
 *(.ram)
 *(.bss*)
 .bss.completed.1
                0x22006560        0x1 C:/Renesas/RA/e2studio_v2025-12_fsp_v6.4.0/toolchains/gcc_arm/13.2.rel1/bin/../lib/gcc/arm-none-eabi/13.2.1/thumb/v8-m.main+dp/hard/crtbegin.o
 *fill*         0x22006561        0x3 
 .bss.object.0  0x22006564       0x18 C:/Renesas/RA/e2studio_v2025-12_fsp_v6.4.0/toolchains/gcc_arm/13.2.rel1/bin/../lib/gcc/arm-none-eabi/13.2.1/thumb/v8-m.main+dp/hard/crtbegin.o
 *fill*         0x2200657c        0x4 
 .bss.enroll_chunk_rms.0
                0x22006580      0x28c ./src/hal_entry.o
 .bss.enroll_pos.1
                0x2200680c        0x4 ./src/hal_entry.o
 .bss.chunk_rms.2
                0x22006810       0x80 ./src/hal_entry.o
 .bss.spk_retry_sec.3
                0x22006890        0x4 ./src/hal_entry.o
 .bss.g_rx_tail
                0x22006894        0x4 ./src/hal_entry.o
 .bss.g_rx_head
                0x22006898        0x4 ./src/hal_entry.o
 *fill*         0x2200689c        0x4 
 .bss.g_rx_ring
                0x220068a0       0x20 ./src/hal_entry.o
 .bss.g_voice_blind_until
                0x220068c0        0x4 ./src/hal_entry.o
                0x220068c0                g_voice_blind_until
 .bss.msTicks   0x220068c4        0x4 ./src/hal_entry.o
                0x220068c4                msTicks
 .bss.g_ioport_ctrl
                0x220068c8        0x8 ./ra_gen/common_data.o
                0x220068c8                g_ioport_ctrl
 .bss.g_uart9_ctrl
                0x220068d0       0x34 ./ra_gen/hal_data.o
                0x220068d0                g_uart9_ctrl
 .bss.g_uart6_ctrl
                0x22006904       0x34 ./ra_gen/hal_data.o
                0x22006904                g_uart6_ctrl
 .bss.g_i2c2_ctrl
                0x22006938       0x40 ./ra_gen/hal_data.o
                0x22006938                g_i2c2_ctrl
 .bss.g_uart1_ctrl
                0x22006978       0x34 ./ra_gen/hal_data.o
                0x22006978                g_uart1_ctrl
 .bss.g_uart2_ctrl
                0x220069ac       0x34 ./ra_gen/hal_data.o
                0x220069ac                g_uart2_ctrl
 .bss.g_uart3_ctrl
                0x220069e0       0x34 ./ra_gen/hal_data.o
                0x220069e0                g_uart3_ctrl
 .bss.g_timer_1ms_ctrl
                0x22006a14       0x20 ./ra_gen/hal_data.o
                0x22006a14                g_timer_1ms_ctrl
 .bss.g_timer1_ctrl
                0x22006a34       0x20 ./ra_gen/hal_data.o
                0x22006a34                g_timer1_ctrl
 .bss.g_i2s1_ctrl
                0x22006a54       0x2c ./ra_gen/hal_data.o
                0x22006a54                g_i2s1_ctrl
 .bss.g_transfer_rx_ctrl
                0x22006a80        0x8 ./ra_gen/hal_data.o
                0x22006a80                g_transfer_rx_ctrl
 .bss.g_dtc_state_initialized.0
                0x22006a88        0x1 ./ra/fsp/src/r_dtc/r_dtc.o
 *fill*         0x22006a89        0x7 
 .bss.g_bsp_group_irq_sources
                0x22006a90       0x54 ./ra/fsp/src/bsp/mcu/all/bsp_group_irq.o
                0x22006a90                g_bsp_group_irq_sources
 .bss.g_protect_pfswe_counter
                0x22006ae4        0x4 ./ra/fsp/src/bsp/mcu/all/bsp_io.o
                0x22006ae4                g_protect_pfswe_counter
 .bss.gp_renesas_isr_context
                0x22006ae8       0x80 ./ra/fsp/src/bsp/mcu/all/bsp_irq.o
                0x22006ae8                gp_renesas_isr_context
 .bss.g_protect_counters
                0x22006b68        0xa ./ra/fsp/src/bsp/mcu/all/bsp_register_protection.o
                0x22006b68                g_protect_counters
 *fill*         0x22006b72        0x2 
 .bss.current_block_offset.0
                0x22006b74        0x4 ./ra/fsp/src/bsp/mcu/all/bsp_sbrk.o
 .bss.SystemCoreClock
                0x22006b78        0x4 ./ra/fsp/src/bsp/cmsis/Device/RENESAS/Source/system.o
                0x22006b78                SystemCoreClock
 .bss.debounce_cnt.0
                0x22006b7c        0x1 ./code/AS608pro.o
 .bss.press_state.1
                0x22006b7d        0x1 ./code/AS608pro.o
 .bss.cooldown.2
                0x22006b7e        0x1 ./code/AS608pro.o
 *fill*         0x22006b7f        0x1 
 .bss.ValidN    0x22006b80        0x2 ./code/AS608pro.o
                0x22006b80                ValidN
 *fill*         0x22006b82        0x2 
 .bss.AS608Para
                0x22006b84        0xc ./code/AS608pro.o
                0x22006b84                AS608Para
 .bss.rx_timeout_counter
                0x22006b90        0x4 ./code/AS608pro.o
 .bss.g_uart2_rx_complete
                0x22006b94        0x1 ./code/AS608pro.o
 .bss.g_uart2_tx_complete
                0x22006b95        0x1 ./code/AS608pro.o
 .bss.level     0x22006b96        0x1 ./code/AS608pro.o
                0x22006b96                level
 *fill*         0x22006b97        0x1 
 .bss.str1      0x22006b98       0x64 ./code/AS608pro.o
                0x22006b98                str1
 *fill*         0x22006bfc        0x4 
 .bss.AS608_USART_RX_BUF
                0x22006c00      0x190 ./code/AS608pro.o
                0x22006c00                AS608_USART_RX_BUF
 .bss.AS608_USART_RX_STA
                0x22006d90        0x2 ./code/AS608pro.o
                0x22006d90                AS608_USART_RX_STA
 *fill*         0x22006d92        0x2 
 .bss.g_pn532_i2c_last_error
                0x22006d94        0x4 ./code/PN532_hal.o
 .bss.g_system_tick_ms
                0x22006d98        0x4 ./code/PN532_hal.o
 .bss.g_pn532_i2c_rx_complete
                0x22006d9c        0x1 ./code/PN532_hal.o
 .bss.g_pn532_i2c_tx_complete
                0x22006d9d        0x1 ./code/PN532_hal.o
 .bss.nfc_present.0
                0x22006d9e        0x1 ./code/command_dispatch.o
 *fill*         0x22006d9f        0x1 
 .bss.nfc_off_cnt.1
                0x22006da0        0x4 ./code/command_dispatch.o
 .bss.nfc_on_cnt.2
                0x22006da4        0x4 ./code/command_dispatch.o
 .bss.g_task_tick
                0x22006da8        0x4 ./code/command_dispatch.o
 .bss.g_task    0x22006dac        0x1 ./code/command_dispatch.o
 .bss.rtc_sec_flag
                0x22006dad        0x1 ./code/esp32_comm.o
 .bss.rtc_ms    0x22006dae        0x2 ./code/esp32_comm.o
 .bss.rtc_sec   0x22006db0        0x1 ./code/esp32_comm.o
 .bss.rtc_min   0x22006db1        0x1 ./code/esp32_comm.o
 .bss.rtc_hour  0x22006db2        0x1 ./code/esp32_comm.o
 *fill*         0x22006db3        0x5 
 .bss.esp32_line_buf
                0x22006db8      0x400 ./code/esp32_comm.o
 .bss.g_user_points
                0x220071b8       0x14 ./code/esp32_comm.o
 .bss.g_k230_milk
                0x220071cc        0x4 ./code/esp32_comm.o
 .bss.g_k230_sprite
                0x220071d0        0x4 ./code/esp32_comm.o
 .bss.g_k230_cola
                0x220071d4        0x4 ./code/esp32_comm.o
 .bss.g_sync_second
                0x220071d8        0x1 ./code/esp32_comm.o
 .bss.g_sync_minute
                0x220071d9        0x1 ./code/esp32_comm.o
 .bss.g_sync_hour
                0x220071da        0x1 ./code/esp32_comm.o
 .bss.g_esp32_cmd
                0x220071db        0x1 ./code/esp32_comm.o
 .bss.g_esp32_led_state
                0x220071dc        0x1 ./code/esp32_comm.o
 .bss.g_esp32_wifi_state
                0x220071dd        0x1 ./code/esp32_comm.o
 *fill*         0x220071de        0x2 
 .bss.esp32_rb  0x220071e0      0x806 ./code/esp32_comm.o
 *fill*         0x220079e6        0x2 
 .bss.no_data_cnt.0
                0x220079e8        0x4 ./code/inmp441.o
 .bss.dc_prev_y
                0x220079ec        0x4 ./code/inmp441.o
 .bss.dc_prev_x
                0x220079f0        0x4 ./code/inmp441.o
 .bss.g_capture_running
                0x220079f4        0x1 ./code/inmp441.o
 *fill*         0x220079f5        0x3 
 .bss.g_audio_peak
                0x220079f8        0x4 ./code/inmp441.o
 .bss.g_buf_active_idx
                0x220079fc        0x4 ./code/inmp441.o
 .bss.g_audio_samples
                0x22007a00      0x400 ./code/inmp441.o
 .bss.g_raw_buf
                0x22007e00     0x2000 ./code/inmp441.o
 .bss.g_avatar_y
                0x22009e00        0x2 ./code/lcd.o
 .bss.g_avatar_x
                0x22009e02        0x2 ./code/lcd.o
 .bss.g_mouth_open
                0x22009e04        0x1 ./code/lcd.o
 .bss.g_eyes_closed
                0x22009e05        0x1 ./code/lcd.o
 *fill*         0x22009e06        0x2 
 .bss.g_lcd_show_start
                0x22009e08        0x4 ./code/lcd.o
 .bss.g_lcd_show_active
                0x22009e0c        0x1 ./code/lcd.o
 *fill*         0x22009e0d        0x3 
 .bss.lcddev    0x22009e10        0xe ./code/lcd.o
                0x22009e10                lcddev
 .bss.g_twiddle_ready
                0x22009e1e        0x1 ./code/mfcc_engine.o
 *fill*         0x22009e1f        0x1 
 .bss.g_twiddle_im
                0x22009e20      0x7fc ./code/mfcc_engine.o
 *fill*         0x2200a61c        0x4 
 .bss.g_twiddle_re
                0x2200a620      0x7fc ./code/mfcc_engine.o
 .bss.preemph_prev
                0x2200ae1c        0x4 ./code/mfcc_engine.o
 .bss.g_mfcc_frame
                0x2200ae20       0x34 ./code/mfcc_engine.o
 *fill*         0x2200ae54        0x4 
 .bss.g_mel_energies
                0x2200ae58       0xa0 ./code/mfcc_engine.o
 .bss.g_mag_spectrum
                0x2200aef8      0x404 ./code/mfcc_engine.o
 *fill*         0x2200b2fc        0x4 
 .bss.g_fft_im  0x2200b300      0x800 ./code/mfcc_engine.o
 .bss.g_fft_re  0x2200bb00      0x800 ./code/mfcc_engine.o
 .bss.g_ready   0x2200c300        0x1 ./code/mfcc_engine.o
 *fill*         0x2200c301        0x7 
 .bss.g_mfcc_features
                0x2200c308     0x32c8 ./code/mfcc_engine.o
 .bss.g_frame_count
                0x2200f5d0        0x4 ./code/mfcc_engine.o
 .bss.g_frame_pos
                0x2200f5d4        0x4 ./code/mfcc_engine.o
 .bss.g_frame_buffer
                0x2200f5d8      0x344 ./code/mfcc_engine.o
 .bss.uid_zero_cnt.0
                0x2200f91c        0x4 ./code/pn532.o
 .bss.last_uid.1
                0x2200f920        0xa ./code/pn532.o
 .bss.last_uid_len.2
                0x2200f92a        0x1 ./code/pn532.o
 .bss.g_nfc_read_mode
                0x2200f92b        0x1 ./code/pn532.o
                0x2200f92b                g_nfc_read_mode
 .bss.uid_len   0x2200f92c        0x1 ./code/pn532.o
                0x2200f92c                uid_len
 *fill*         0x2200f92d        0x3 
 .bss.uid       0x2200f930        0xa ./code/pn532.o
                0x2200f930                uid
 *fill*         0x2200f93a        0x2 
 .bss.version   0x2200f93c        0x4 ./code/pn532.o
                0x2200f93c                version
 .bss.result    0x2200f940        0x1 ./code/pn532.o
                0x2200f940                result
 *fill*         0x2200f941        0x7 
 .bss.PN532_recv_buf
                0x2200f948       0x40 ./code/pn532.o
 .bss.PN532_send_buf
                0x2200f988       0x40 ./code/pn532.o
 .bss.g_enroll_utt
                0x2200f9c8        0x4 ./code/speaker_verify.o
 .bss.g_enroll_frames
                0x2200f9cc        0x4 ./code/speaker_verify.o
 .bss.g_enroll_sum
                0x2200f9d0       0x68 ./code/speaker_verify.o
 .bss.g_spk_count
                0x2200fa38        0x4 ./code/speaker_verify.o
 *fill*         0x2200fa3c        0x4 
 .bss.g_spk_name
                0x2200fa40       0x40 ./code/speaker_verify.o
 .bss.g_spk_mean
                0x2200fa80      0x1a0 ./code/speaker_verify.o
 .bss.wifi_frame_received
                0x2200fc20        0x1 ./code/tjc_usart_hmi.o
 .bss.wifi_data_type
                0x2200fc21        0x1 ./code/tjc_usart_hmi.o
 .bss.wifi_pwd_len
                0x2200fc22        0x1 ./code/tjc_usart_hmi.o
 .bss.wifi_ssid_len
                0x2200fc23        0x1 ./code/tjc_usart_hmi.o
 *fill*         0x2200fc24        0x4 
 .bss.wifi_pwd  0x2200fc28       0x40 ./code/tjc_usart_hmi.o
 .bss.wifi_ssid
                0x2200fc68       0x20 ./code/tjc_usart_hmi.o
 .bss.str       0x2200fc88       0x64 ./code/tjc_usart_hmi.o
                0x2200fc88                str
 .bss.a         0x2200fcec        0x4 ./code/tjc_usart_hmi.o
                0x2200fcec                a
 .bss.g_uart6_rx_complete
                0x2200fcf0        0x4 ./code/tjc_usart_hmi.o
 .bss.g_uart6_tx_complete
                0x2200fcf4        0x4 ./code/tjc_usart_hmi.o
 .bss.USART_Rbuffer_Num
                0x2200fcf8        0x1 ./code/tjc_usart_hmi.o
                0x2200fcf8                USART_Rbuffer_Num
 *fill*         0x2200fcf9        0x3 
 .bss.ringBuffer
                0x2200fcfc      0x1fa ./code/tjc_usart_hmi.o
                0x2200fcfc                ringBuffer
 *fill*         0x2200fef6        0x2 
 .bss.g_tjc_pending_cnt
                0x2200fef8        0x4 ./code/tjc_usart_hmi.o
 .bss.g_tjc_pending
                0x2200fefc      0x1a0 ./code/tjc_usart_hmi.o
 .bss.g_auth_tick
                0x2201009c        0x4 ./code/tjc_usart_hmi.o
 .bss.g_cabinet_open_tick
                0x220100a0        0x4 ./code/tjc_usart_hmi.o
 .bss.g_current_user
                0x220100a4        0x4 ./code/tjc_usart_hmi.o
                0x220100a4                g_current_user
 .bss.lock_flag
                0x220100a8        0x1 ./code/tjc_usart_hmi.o
                0x220100a8                lock_flag
 *fill*         0x220100a9        0x3 
 .bss.g_voice_pending_cnt
                0x220100ac        0x4 ./code/voice.o
 .bss.g_voice_pending
                0x220100b0       0x50 ./code/voice.o
 .bss.g_dtw_extra_margin
                0x22010100        0x4 ./code/voice_cmd.o
                0x22010100                g_dtw_extra_margin
 *fill*         0x22010104        0x4 
 .bss.g_t_norm  0x22010108     0x32c8 ./code/voice_cmd.o
 .bss.g_q_norm  0x220133d0     0x32c8 ./code/voice_cmd.o
 .bss.g_dtw_buf
                0x22016698      0x7d0 ./code/voice_cmd.o
 .bss.__sf      0x22016e68      0x138 C:/Renesas/RA/e2studio_v2025-12_fsp_v6.4.0/toolchains/gcc_arm/13.2.rel1/bin/../lib/gcc/arm-none-eabi/13.2.1/thumb/v8-m.main+dp/hard\libg_nano.a(libc_a-findfp.o)
                0x22016e68                __sf
 .bss.__stdio_exit_handler
                0x22016fa0        0x4 C:/Renesas/RA/e2studio_v2025-12_fsp_v6.4.0/toolchains/gcc_arm/13.2.rel1/bin/../lib/gcc/arm-none-eabi/13.2.1/thumb/v8-m.main+dp/hard\libg_nano.a(libc_a-findfp.o)
                0x22016fa0                __stdio_exit_handler
 .bss.errno     0x22016fa4        0x4 C:/Renesas/RA/e2studio_v2025-12_fsp_v6.4.0/toolchains/gcc_arm/13.2.rel1/bin/../lib/gcc/arm-none-eabi/13.2.1/thumb/v8-m.main+dp/hard\libg_nano.a(libc_a-reent.o)
                0x22016fa4                errno
 .bss.__lock___malloc_recursive_mutex
                0x22016fa8        0x1 C:/Renesas/RA/e2studio_v2025-12_fsp_v6.4.0/toolchains/gcc_arm/13.2.rel1/bin/../lib/gcc/arm-none-eabi/13.2.1/thumb/v8-m.main+dp/hard\libg_nano.a(libc_a-lock.o)
                0x22016fa8                __lock___malloc_recursive_mutex
 .bss.__lock___sfp_recursive_mutex
                0x22016fa9        0x1 C:/Renesas/RA/e2studio_v2025-12_fsp_v6.4.0/toolchains/gcc_arm/13.2.rel1/bin/../lib/gcc/arm-none-eabi/13.2.1/thumb/v8-m.main+dp/hard\libg_nano.a(libc_a-lock.o)
                0x22016fa9                __lock___sfp_recursive_mutex
 *fill*         0x22016faa        0x2 
 .bss.__malloc_sbrk_start
                0x22016fac        0x4 C:/Renesas/RA/e2studio_v2025-12_fsp_v6.4.0/toolchains/gcc_arm/13.2.rel1/bin/../lib/gcc/arm-none-eabi/13.2.1/thumb/v8-m.main+dp/hard\libg_nano.a(libc_a-mallocr.o)
                0x22016fac                __malloc_sbrk_start
 .bss.__malloc_free_list
                0x22016fb0        0x4 C:/Renesas/RA/e2studio_v2025-12_fsp_v6.4.0/toolchains/gcc_arm/13.2.rel1/bin/../lib/gcc/arm-none-eabi/13.2.1/thumb/v8-m.main+dp/hard\libg_nano.a(libc_a-mallocr.o)
                0x22016fb0                __malloc_free_list
                0x22016fb4                        __ram_zero$$Limit = .

__ram_thread_stack$$
                0x22016fb8        0x0 load address 0x02000370
                0x22016fb8                        __ram_thread_stack$$Base = .
 *(.stack?*)
                0x22016fb8                        __ram_thread_stack$$Limit = .

.ram.endof      0x22017000        0x0
                0x22017000                        __ddsc_RAM_END = .

.ram.flat_nsc   0x22017000        0x0
                0x22017000                        __ddsc_RAM_NSC = .

__flash_readonly$$
                0x02000370    0xa3d48
                0x02000370                        __flash_readonly$$Base = .
 *(.flash)
 *(.flash_code)
 *(.text*)
 .text.deregister_tm_clones
                0x02000370       0x1c C:/Renesas/RA/e2studio_v2025-12_fsp_v6.4.0/toolchains/gcc_arm/13.2.rel1/bin/../lib/gcc/arm-none-eabi/13.2.1/thumb/v8-m.main+dp/hard/crtbegin.o
 .text.register_tm_clones
                0x0200038c       0x28 C:/Renesas/RA/e2studio_v2025-12_fsp_v6.4.0/toolchains/gcc_arm/13.2.rel1/bin/../lib/gcc/arm-none-eabi/13.2.1/thumb/v8-m.main+dp/hard/crtbegin.o
 .text.__do_global_dtors_aux
                0x020003b4       0x28 C:/Renesas/RA/e2studio_v2025-12_fsp_v6.4.0/toolchains/gcc_arm/13.2.rel1/bin/../lib/gcc/arm-none-eabi/13.2.1/thumb/v8-m.main+dp/hard/crtbegin.o
 .text.frame_dummy
                0x020003dc       0x24 C:/Renesas/RA/e2studio_v2025-12_fsp_v6.4.0/toolchains/gcc_arm/13.2.rel1/bin/../lib/gcc/arm-none-eabi/13.2.1/thumb/v8-m.main+dp/hard/crtbegin.o
 .text.timer_1ms_callback
                0x02000400       0x24 ./src/hal_entry.o
                0x02000400                timer_1ms_callback
 .text.user_uart9_callback
                0x02000424       0x54 ./src/hal_entry.o
                0x02000424                user_uart9_callback
 .text._write   0x02000478       0x3c ./src/hal_entry.o
                0x02000478                _write
 *fill*         0x020004b4        0x4 
 .text.hal_entry
                0x020004b8      0x9d4 ./src/hal_entry.o
                0x020004b8                hal_entry
 .text.R_BSP_WarmStart
                0x02000e8c       0x24 ./src/hal_warmstart.o
                0x02000e8c                R_BSP_WarmStart
 .text.startup.main
                0x02000eb0        0xc ./ra_gen/main.o
                0x02000eb0                main
 .text.R_SSI_Mute
                0x02000ebc       0x10 ./ra/fsp/src/r_ssi/r_ssi.o
                0x02000ebc                R_SSI_Mute
 .text.R_SSI_StatusGet
                0x02000ecc       0x10 ./ra/fsp/src/r_ssi/r_ssi.o
                0x02000ecc                R_SSI_StatusGet
 .text.R_SSI_CallbackSet
                0x02000edc       0x10 ./ra/fsp/src/r_ssi/r_ssi.o
                0x02000edc                R_SSI_CallbackSet
 .text.r_ssi_stop_sub
                0x02000eec       0x54 ./ra/fsp/src/r_ssi/r_ssi.o
 .text.R_SSI_Stop
                0x02000f40        0xc ./ra/fsp/src/r_ssi/r_ssi.o
                0x02000f40                R_SSI_Stop
 .text.r_ssi_start
                0x02000f4c       0x5c ./ra/fsp/src/r_ssi/r_ssi.o
 .text.r_ssi_fifo_read
                0x02000fa8       0xdc ./ra/fsp/src/r_ssi/r_ssi.o
 .text.r_ssi_call_callback
                0x02001084       0x38 ./ra/fsp/src/r_ssi/r_ssi.o
 .text.R_SSI_Close
                0x020010bc       0xcc ./ra/fsp/src/r_ssi/r_ssi.o
                0x020010bc                R_SSI_Close
 .text.R_SSI_Open
                0x02001188      0x26c ./ra/fsp/src/r_ssi/r_ssi.o
                0x02001188                R_SSI_Open
 .text.R_SSI_Write
                0x020013f4       0x44 ./ra/fsp/src/r_ssi/r_ssi.o
                0x020013f4                R_SSI_Write
 .text.R_SSI_Read
                0x02001438       0x54 ./ra/fsp/src/r_ssi/r_ssi.o
                0x02001438                R_SSI_Read
 .text.r_ssi_rx_unload_fifo
                0x0200148c       0x40 ./ra/fsp/src/r_ssi/r_ssi.o
                0x0200148c                r_ssi_rx_unload_fifo
 .text.R_SSI_WriteRead
                0x020014cc       0x60 ./ra/fsp/src/r_ssi/r_ssi.o
                0x020014cc                R_SSI_WriteRead
 .text.ssi_rxi_isr
                0x0200152c       0x48 ./ra/fsp/src/r_ssi/r_ssi.o
                0x0200152c                ssi_rxi_isr
 .text.ssi_int_isr
                0x02001574       0x58 ./ra/fsp/src/r_ssi/r_ssi.o
                0x02001574                ssi_int_isr
 .text.R_SCI_B_UART_Read
                0x020015cc        0xc ./ra/fsp/src/r_sci_b_uart/r_sci_b_uart.o
                0x020015cc                R_SCI_B_UART_Read
 .text.R_SCI_B_UART_Write
                0x020015d8       0x40 ./ra/fsp/src/r_sci_b_uart/r_sci_b_uart.o
                0x020015d8                R_SCI_B_UART_Write
 .text.R_SCI_B_UART_CallbackSet
                0x02001618       0x10 ./ra/fsp/src/r_sci_b_uart/r_sci_b_uart.o
                0x02001618                R_SCI_B_UART_CallbackSet
 .text.R_SCI_B_UART_InfoGet
                0x02001628        0xc ./ra/fsp/src/r_sci_b_uart/r_sci_b_uart.o
                0x02001628                R_SCI_B_UART_InfoGet
 .text.R_SCI_B_UART_Abort
                0x02001634       0x48 ./ra/fsp/src/r_sci_b_uart/r_sci_b_uart.o
                0x02001634                R_SCI_B_UART_Abort
 .text.R_SCI_B_UART_ReadStop
                0x0200167c       0x14 ./ra/fsp/src/r_sci_b_uart/r_sci_b_uart.o
                0x0200167c                R_SCI_B_UART_ReadStop
 .text.R_SCI_B_UART_ReceiveSuspend
                0x02001690        0x4 ./ra/fsp/src/r_sci_b_uart/r_sci_b_uart.o
                0x02001690                R_SCI_B_UART_ReceiveSuspend
 .text.r_sci_b_irq_cfg
                0x02001694       0x70 ./ra/fsp/src/r_sci_b_uart/r_sci_b_uart.o
 .text.r_sci_b_uart_call_callback
                0x02001704       0x44 ./ra/fsp/src/r_sci_b_uart/r_sci_b_uart.o
 .text.R_SCI_B_UART_Close
                0x02001748       0xf4 ./ra/fsp/src/r_sci_b_uart/r_sci_b_uart.o
                0x02001748                R_SCI_B_UART_Close
 .text.r_sci_b_uart_synchronization_delay_cfg.constprop.0
                0x0200183c       0x7c ./ra/fsp/src/r_sci_b_uart/r_sci_b_uart.o
 .text.R_SCI_B_UART_BaudSet
                0x020018b8       0x30 ./ra/fsp/src/r_sci_b_uart/r_sci_b_uart.o
                0x020018b8                R_SCI_B_UART_BaudSet
 .text.R_SCI_B_UART_ReceiveResume
                0x020018e8        0x4 ./ra/fsp/src/r_sci_b_uart/r_sci_b_uart.o
                0x020018e8                R_SCI_B_UART_ReceiveResume
 .text.R_SCI_B_UART_Open
                0x020018ec      0x288 ./ra/fsp/src/r_sci_b_uart/r_sci_b_uart.o
                0x020018ec                R_SCI_B_UART_Open
 .text.sci_b_uart_txi_isr
                0x02001b74       0xa8 ./ra/fsp/src/r_sci_b_uart/r_sci_b_uart.o
                0x02001b74                sci_b_uart_txi_isr
 .text.sci_b_uart_rxi_isr
                0x02001c1c       0x90 ./ra/fsp/src/r_sci_b_uart/r_sci_b_uart.o
                0x02001c1c                sci_b_uart_rxi_isr
 .text.sci_b_uart_tei_isr
                0x02001cac       0x4c ./ra/fsp/src/r_sci_b_uart/r_sci_b_uart.o
                0x02001cac                sci_b_uart_tei_isr
 .text.sci_b_uart_eri_isr
                0x02001cf8       0x84 ./ra/fsp/src/r_sci_b_uart/r_sci_b_uart.o
                0x02001cf8                sci_b_uart_eri_isr
 .text.R_IOPORT_Close
                0x02001d7c        0xc ./ra/fsp/src/r_ioport/r_ioport.o
                0x02001d7c                R_IOPORT_Close
 .text.R_IOPORT_PinRead
                0x02001d88       0x24 ./ra/fsp/src/r_ioport/r_ioport.o
                0x02001d88                R_IOPORT_PinRead
 .text.R_IOPORT_PortRead
                0x02001dac       0x14 ./ra/fsp/src/r_ioport/r_ioport.o
                0x02001dac                R_IOPORT_PortRead
 .text.R_IOPORT_PortWrite
                0x02001dc0       0x1c ./ra/fsp/src/r_ioport/r_ioport.o
                0x02001dc0                R_IOPORT_PortWrite
 .text.R_IOPORT_PinWrite
                0x02001ddc       0x28 ./ra/fsp/src/r_ioport/r_ioport.o
                0x02001ddc                R_IOPORT_PinWrite
 .text.R_IOPORT_PortDirectionSet
                0x02001e04       0x2c ./ra/fsp/src/r_ioport/r_ioport.o
                0x02001e04                R_IOPORT_PortDirectionSet
 .text.R_IOPORT_PortEventInputRead
                0x02001e30       0x18 ./ra/fsp/src/r_ioport/r_ioport.o
                0x02001e30                R_IOPORT_PortEventInputRead
 .text.R_IOPORT_PinEventInputRead
                0x02001e48       0x34 ./ra/fsp/src/r_ioport/r_ioport.o
                0x02001e48                R_IOPORT_PinEventInputRead
 .text.R_IOPORT_PortEventOutputWrite
                0x02001e7c       0x1c ./ra/fsp/src/r_ioport/r_ioport.o
                0x02001e7c                R_IOPORT_PortEventOutputWrite
 .text.R_IOPORT_PinEventOutputWrite
                0x02001e98       0x34 ./ra/fsp/src/r_ioport/r_ioport.o
                0x02001e98                R_IOPORT_PinEventOutputWrite
 .text.bsp_vbatt_init
                0x02001ecc       0xec ./ra/fsp/src/r_ioport/r_ioport.o
 .text.r_ioport_pins_config
                0x02001fb8       0xac ./ra/fsp/src/r_ioport/r_ioport.o
 .text.R_IOPORT_Open
                0x02002064       0x14 ./ra/fsp/src/r_ioport/r_ioport.o
                0x02002064                R_IOPORT_Open
 .text.R_IOPORT_PinsCfg
                0x02002078        0xc ./ra/fsp/src/r_ioport/r_ioport.o
                0x02002078                R_IOPORT_PinsCfg
 .text.R_IOPORT_PinCfg
                0x02002084       0xa8 ./ra/fsp/src/r_ioport/r_ioport.o
                0x02002084                R_IOPORT_PinCfg
 .text.R_IIC_MASTER_SlaveAddressSet
                0x0200212c        0xc ./ra/fsp/src/r_iic_master/r_iic_master.o
                0x0200212c                R_IIC_MASTER_SlaveAddressSet
 .text.R_IIC_MASTER_CallbackSet
                0x02002138       0x10 ./ra/fsp/src/r_iic_master/r_iic_master.o
                0x02002138                R_IIC_MASTER_CallbackSet
 .text.R_IIC_MASTER_StatusGet
                0x02002148       0x18 ./ra/fsp/src/r_iic_master/r_iic_master.o
                0x02002148                R_IIC_MASTER_StatusGet
 .text.iic_master_notify
                0x02002160       0x3c ./ra/fsp/src/r_iic_master/r_iic_master.o
 .text.iic_master_run_hw_master
                0x0200219c      0x120 ./ra/fsp/src/r_iic_master/r_iic_master.o
 .text.R_IIC_MASTER_Write
                0x020022bc       0x30 ./ra/fsp/src/r_iic_master/r_iic_master.o
                0x020022bc                R_IIC_MASTER_Write
 .text.R_IIC_MASTER_Read
                0x020022ec       0x34 ./ra/fsp/src/r_iic_master/r_iic_master.o
                0x020022ec                R_IIC_MASTER_Read
 .text.iic_master_open_hw_master
                0x02002320      0x238 ./ra/fsp/src/r_iic_master/r_iic_master.o
 .text.R_IIC_MASTER_Open
                0x02002558       0x84 ./ra/fsp/src/r_iic_master/r_iic_master.o
                0x02002558                R_IIC_MASTER_Open
 .text.R_IIC_MASTER_Abort
                0x020025dc       0x30 ./ra/fsp/src/r_iic_master/r_iic_master.o
                0x020025dc                R_IIC_MASTER_Abort
 .text.R_IIC_MASTER_Close
                0x0200260c       0xe4 ./ra/fsp/src/r_iic_master/r_iic_master.o
                0x0200260c                R_IIC_MASTER_Close
 .text.iic_master_rxi_isr
                0x020026f0      0x194 ./ra/fsp/src/r_iic_master/r_iic_master.o
                0x020026f0                iic_master_rxi_isr
 .text.iic_master_txi_isr
                0x02002884      0x124 ./ra/fsp/src/r_iic_master/r_iic_master.o
                0x02002884                iic_master_txi_isr
 .text.iic_master_tei_isr
                0x020029a8       0xe4 ./ra/fsp/src/r_iic_master/r_iic_master.o
                0x020029a8                iic_master_tei_isr
 .text.iic_master_eri_isr
                0x02002a8c      0x14c ./ra/fsp/src/r_iic_master/r_iic_master.o
                0x02002a8c                iic_master_eri_isr
 .text.R_GPT_Stop
                0x02002bd8        0xc ./ra/fsp/src/r_gpt/r_gpt.o
                0x02002bd8                R_GPT_Stop
 .text.R_GPT_Start
                0x02002be4        0xc ./ra/fsp/src/r_gpt/r_gpt.o
                0x02002be4                R_GPT_Start
 .text.R_GPT_Reset
                0x02002bf0        0xc ./ra/fsp/src/r_gpt/r_gpt.o
                0x02002bf0                R_GPT_Reset
 .text.R_GPT_Enable
                0x02002bfc       0x38 ./ra/fsp/src/r_gpt/r_gpt.o
                0x02002bfc                R_GPT_Enable
 .text.R_GPT_Disable
                0x02002c34       0x28 ./ra/fsp/src/r_gpt/r_gpt.o
                0x02002c34                R_GPT_Disable
 .text.R_GPT_PeriodSet
                0x02002c5c       0x34 ./ra/fsp/src/r_gpt/r_gpt.o
                0x02002c5c                R_GPT_PeriodSet
 .text.R_GPT_CompareMatchSet
                0x02002c90       0x20 ./ra/fsp/src/r_gpt/r_gpt.o
                0x02002c90                R_GPT_CompareMatchSet
 .text.R_GPT_StatusGet
                0x02002cb0       0x18 ./ra/fsp/src/r_gpt/r_gpt.o
                0x02002cb0                R_GPT_StatusGet
 .text.R_GPT_CallbackSet
                0x02002cc8       0x10 ./ra/fsp/src/r_gpt/r_gpt.o
                0x02002cc8                R_GPT_CallbackSet
 .text.r_gpt_call_callback
                0x02002cd8       0x3c ./ra/fsp/src/r_gpt/r_gpt.o
 .text.gpt_calculate_duty_cycle.isra.0
                0x02002d14       0x64 ./ra/fsp/src/r_gpt/r_gpt.o
 .text.R_GPT_DutyCycleSet
                0x02002d78       0xe8 ./ra/fsp/src/r_gpt/r_gpt.o
                0x02002d78                R_GPT_DutyCycleSet
 .text.R_GPT_InfoGet
                0x02002e60       0x88 ./ra/fsp/src/r_gpt/r_gpt.o
                0x02002e60                R_GPT_InfoGet
 .text.R_GPT_Close
                0x02002ee8      0x158 ./ra/fsp/src/r_gpt/r_gpt.o
                0x02002ee8                R_GPT_Close
 .text.R_GPT_Open
                0x02003040      0x564 ./ra/fsp/src/r_gpt/r_gpt.o
                0x02003040                R_GPT_Open
 .text.gpt_counter_overflow_isr
                0x020035a4      0x204 ./ra/fsp/src/r_gpt/r_gpt.o
                0x020035a4                gpt_counter_overflow_isr
 .text.R_DTC_Reset
                0x020037a8       0x90 ./ra/fsp/src/r_dtc/r_dtc.o
                0x020037a8                R_DTC_Reset
 .text.R_DTC_SoftwareStart
                0x02003838        0x4 ./ra/fsp/src/r_dtc/r_dtc.o
                0x02003838                R_DTC_SoftwareStart
 .text.R_DTC_SoftwareStop
                0x0200383c        0x4 ./ra/fsp/src/r_dtc/r_dtc.o
                0x0200383c                R_DTC_SoftwareStop
 .text.R_DTC_Enable
                0x02003840       0x20 ./ra/fsp/src/r_dtc/r_dtc.o
                0x02003840                R_DTC_Enable
 .text.R_DTC_Disable
                0x02003860       0x20 ./ra/fsp/src/r_dtc/r_dtc.o
                0x02003860                R_DTC_Disable
 .text.R_DTC_InfoGet
                0x02003880       0x54 ./ra/fsp/src/r_dtc/r_dtc.o
                0x02003880                R_DTC_InfoGet
 .text.R_DTC_Reload
                0x020038d4        0x4 ./ra/fsp/src/r_dtc/r_dtc.o
                0x020038d4                R_DTC_Reload
 .text.R_DTC_CallbackSet
                0x020038d8        0x4 ./ra/fsp/src/r_dtc/r_dtc.o
                0x020038d8                R_DTC_CallbackSet
 .text.R_DTC_Close
                0x020038dc       0x30 ./ra/fsp/src/r_dtc/r_dtc.o
                0x020038dc                R_DTC_Close
 .text.R_DTC_Reconfigure
                0x0200390c       0x8c ./ra/fsp/src/r_dtc/r_dtc.o
                0x0200390c                R_DTC_Reconfigure
 .text.R_DTC_Open
                0x02003998       0xc8 ./ra/fsp/src/r_dtc/r_dtc.o
                0x02003998                R_DTC_Open
 .text.ceu_isr  0x02003a60       0x9c ./ra/fsp/src/r_ceu/r_ceu.o
                0x02003a60                ceu_isr
 .text.SystemCoreClockUpdate
                0x02003afc       0x88 ./ra/fsp/src/bsp/mcu/all/bsp_clocks.o
                0x02003afc                SystemCoreClockUpdate
 .text.R_BSP_SubClockStabilizeWaitAfterReset
                0x02003b84        0x4 ./ra/fsp/src/bsp/mcu/all/bsp_clocks.o
                0x02003b84                R_BSP_SubClockStabilizeWaitAfterReset
 .text.bsp_clock_init
                0x02003b88      0x2a4 ./ra/fsp/src/bsp/mcu/all/bsp_clocks.o
                0x02003b88                bsp_clock_init
 .text.R_BSP_SourceClockHzGet
                0x02003e2c        0xc ./ra/fsp/src/bsp/mcu/all/bsp_clocks.o
                0x02003e2c                R_BSP_SourceClockHzGet
 .text.R_BSP_Init_RTC
                0x02003e38       0xb0 ./ra/fsp/src/bsp/mcu/all/bsp_clocks.o
                0x02003e38                R_BSP_Init_RTC
 .text.bsp_init_internal
                0x02003ee8        0x4 ./ra/fsp/src/bsp/mcu/all/bsp_common.o
                0x02003ee8                bsp_init_internal
                0x02003ee8                bsp_init
 .text.__assert_func
                0x02003eec        0x4 ./ra/fsp/src/bsp/mcu/all/bsp_common.o
                0x02003eec                __assert_func
 .text.bsp_prv_software_delay_loop
                0x02003ef0        0xc ./ra/fsp/src/bsp/mcu/all/bsp_delay.o
                0x02003ef0                bsp_prv_software_delay_loop
 .text.R_BSP_SoftwareDelay
                0x02003efc       0x88 ./ra/fsp/src/bsp/mcu/all/bsp_delay.o
                0x02003efc                R_BSP_SoftwareDelay
 .text.NMI_Handler
                0x02003f84       0x44 ./ra/fsp/src/bsp/mcu/all/bsp_group_irq.o
                0x02003f84                NMI_Handler
 .text.bsp_irq_cfg
                0x02003fc8       0x2c ./ra/fsp/src/bsp/mcu/all/bsp_irq.o
                0x02003fc8                bsp_irq_cfg
 .text.R_BSP_RegisterProtectEnable
                0x02003ff4       0x60 ./ra/fsp/src/bsp/mcu/all/bsp_register_protection.o
                0x02003ff4                R_BSP_RegisterProtectEnable
 .text.R_BSP_RegisterProtectDisable
                0x02004054       0x54 ./ra/fsp/src/bsp/mcu/all/bsp_register_protection.o
                0x02004054                R_BSP_RegisterProtectDisable
 .text._sbrk    0x020040a8       0x30 ./ra/fsp/src/bsp/mcu/all/bsp_sbrk.o
                0x020040a8                _sbrk
 .text.R_BSP_SdramInit
                0x020040d8       0xd4 ./ra/fsp/src/bsp/mcu/all/bsp_sdram.o
                0x020040d8                R_BSP_SdramInit
 .text.Default_Handler
                0x020041ac        0x4 ./ra/fsp/src/bsp/cmsis/Device/RENESAS/Source/startup.o
                0x020041ac                DebugMon_Handler
                0x020041ac                HardFault_Handler
                0x020041ac                SysTick_Handler
                0x020041ac                PendSV_Handler
                0x020041ac                UsageFault_Handler
                0x020041ac                SecureFault_Handler
                0x020041ac                Default_Handler
                0x020041ac                MemManage_Handler
                0x020041ac                SVC_Handler
                0x020041ac                BusFault_Handler
 .text.Reset_Handler
                0x020041b0        0xc ./ra/fsp/src/bsp/cmsis/Device/RENESAS/Source/startup.o
                0x020041b0                Reset_Handler
 .text.SystemRuntimeInit
                0x020041bc       0x64 ./ra/fsp/src/bsp/cmsis/Device/RENESAS/Source/system.o
 .text.SystemInit
                0x02004220      0x23c ./ra/fsp/src/bsp/cmsis/Device/RENESAS/Source/system.o
                0x02004220                SystemInit
 .text.SendAddr
                0x0200445c       0xa0 ./code/AS608pro.o
 .text.uart2_callback
                0x020044fc       0x7c ./code/AS608pro.o
                0x020044fc                uart2_callback
 .text.timeout_search_1ms
                0x02004578       0x2c ./code/AS608pro.o
                0x02004578                timeout_search_1ms
 .text.PS_GetImage
                0x020045a4      0x150 ./code/AS608pro.o
                0x020045a4                PS_GetImage
 .text.PS_GenChar
                0x020046f4      0x178 ./code/AS608pro.o
                0x020046f4                PS_GenChar
 .text.PS_Match
                0x0200486c      0x154 ./code/AS608pro.o
                0x0200486c                PS_Match
 .text.PS_RegModel
                0x020049c0      0x154 ./code/AS608pro.o
                0x020049c0                PS_RegModel
 .text.PS_StoreChar
                0x02004b14      0x1b0 ./code/AS608pro.o
                0x02004b14                PS_StoreChar
 .text.PS_DeletChar
                0x02004cc4      0x1d0 ./code/AS608pro.o
                0x02004cc4                PS_DeletChar
 .text.PS_Empty
                0x02004e94      0x154 ./code/AS608pro.o
                0x02004e94                PS_Empty
 .text.PS_ReadSysPara
                0x02004fe8      0x170 ./code/AS608pro.o
                0x02004fe8                PS_ReadSysPara
 .text.PS_HighSpeedSearch
                0x02005158      0x1f8 ./code/AS608pro.o
                0x02005158                PS_HighSpeedSearch
 .text.PS_ValidTempleteNum
                0x02005350      0x154 ./code/AS608pro.o
                0x02005350                PS_ValidTempleteNum
 .text.fp_refresh_count
                0x020054a4       0x38 ./code/AS608pro.o
                0x020054a4                fp_refresh_count
 .text.PS_ReadIndexTable
                0x020054dc      0x168 ./code/AS608pro.o
                0x020054dc                PS_ReadIndexTable
 .text.AS608_AddFR.part.0
                0x02005644       0xac ./code/AS608pro.o
 .text.finger_addtion
                0x020056f0      0x150 ./code/AS608pro.o
                0x020056f0                finger_addtion
 .text.PS_HandShake
                0x02005840       0xf0 ./code/AS608pro.o
                0x02005840                PS_HandShake
 .text.AS608_Check
                0x02005930       0xa8 ./code/AS608pro.o
                0x02005930                AS608_Check
 .text.AS608_Init
                0x020059d8       0x28 ./code/AS608pro.o
                0x020059d8                AS608_Init
 .text.AS608_PressFR
                0x02005a00       0xb8 ./code/AS608pro.o
                0x02005a00                AS608_PressFR
 .text.finger_search
                0x02005ab8      0x11c ./code/AS608pro.o
                0x02005ab8                finger_search
 .text.AS608_DeleteFR
                0x02005bd4       0x24 ./code/AS608pro.o
                0x02005bd4                AS608_DeleteFR
 .text.AS608_GetFRNumber
                0x02005bf8       0x14 ./code/AS608pro.o
                0x02005bf8                AS608_GetFRNumber
 .text.pn532_i2c_callback
                0x02005c0c       0x50 ./code/PN532_hal.o
                0x02005c0c                pn532_i2c_callback
 .text.g_system_tick
                0x02005c5c       0x10 ./code/PN532_hal.o
                0x02005c5c                g_system_tick
 .text.PN532_GetTick
                0x02005c6c        0xc ./code/PN532_hal.o
                0x02005c6c                PN532_GetTick
 .text.PN532_I2C_Transmit
                0x02005c78       0x90 ./code/PN532_hal.o
                0x02005c78                PN532_I2C_Transmit
 .text.PN532_I2C_Receive
                0x02005d08       0x9c ./code/PN532_hal.o
                0x02005d08                PN532_I2C_Receive
 .text.PN532_Init_Hardware
                0x02005da4       0x3c ./code/PN532_hal.o
                0x02005da4                PN532_Init_Hardware
 .text.dispatch_command
                0x02005de0      0x1c8 ./code/command_dispatch.o
                0x02005de0                dispatch_command
 .text.dispatch_poll
                0x02005fa8       0x80 ./code/command_dispatch.o
                0x02005fa8                dispatch_poll
 .text.esp32_send_char
                0x02006028       0x48 ./code/esp32_comm.o
 .text.report_item_returned
                0x02006070       0x9c ./code/esp32_comm.o
 .text.report_item_taken
                0x0200610c      0x198 ./code/esp32_comm.o
 .text.esp32_send_string
                0x020062a4       0x24 ./code/esp32_comm.o
                0x020062a4                esp32_send_string
 .text.esp32_send_attendance
                0x020062c8       0x44 ./code/esp32_comm.o
                0x020062c8                esp32_send_attendance
 .text.esp32_show_points
                0x0200630c       0x44 ./code/esp32_comm.o
                0x0200630c                esp32_show_points
 .text.esp32_refresh_inventory
                0x02006350       0x98 ./code/esp32_comm.o
                0x02006350                esp32_refresh_inventory
 .text.esp32_process
                0x020063e8      0x620 ./code/esp32_comm.o
                0x020063e8                esp32_process
 .text.esp32_get_k230_stock
                0x02006a08       0x28 ./code/esp32_comm.o
                0x02006a08                esp32_get_k230_stock
 .text.esp32_rtc_tick_1ms
                0x02006a30      0x10c ./code/esp32_comm.o
                0x02006a30                esp32_rtc_tick_1ms
 .text.esp32_rtc_get_string
                0x02006b3c       0x54 ./code/esp32_comm.o
                0x02006b3c                esp32_rtc_get_string
 .text.esp32_rtc_second_changed
                0x02006b90       0x10 ./code/esp32_comm.o
                0x02006b90                esp32_rtc_second_changed
 .text.uart3_callback
                0x02006ba0       0x48 ./code/esp32_comm.o
                0x02006ba0                uart3_callback
 .text.ESP32_Comm_Init
                0x02006be8       0x78 ./code/esp32_comm.o
                0x02006be8                ESP32_Comm_Init
 .text.i2s1_callback
                0x02006c60       0x88 ./code/inmp441.o
                0x02006c60                i2s1_callback
 .text.inmp441_init
                0x02006ce8      0x11c ./code/inmp441.o
                0x02006ce8                inmp441_init
 .text.inmp441_get_buffer
                0x02006e04      0x108 ./code/inmp441.o
                0x02006e04                inmp441_get_buffer
 .text.SPI2_ReadWriteByte
                0x02006f0c       0x90 ./code/lcd.o
                0x02006f0c                SPI2_ReadWriteByte
 .text.LCD_WR_DATA16
                0x02006f9c       0x40 ./code/lcd.o
                0x02006f9c                LCD_WR_DATA16
 .text.LCD_ShowChinese16.part.0
                0x02006fdc      0x1d0 ./code/lcd.o
 .text.LCD_HardwareRest
                0x020071ac       0x50 ./code/lcd.o
                0x020071ac                LCD_HardwareRest
 .text.LCD_GPIO_Init
                0x020071fc       0x70 ./code/lcd.o
                0x020071fc                LCD_GPIO_Init
 .text.LCD_Display_Dir
                0x0200726c      0x18c ./code/lcd.o
                0x0200726c                LCD_Display_Dir
 .text.LCD_Clear
                0x020073f8      0x1e4 ./code/lcd.o
                0x020073f8                LCD_Clear
 .text.LCD_Init
                0x020075dc      0xdc0 ./code/lcd.o
                0x020075dc                LCD_Init
 .text.LCD_Fill
                0x0200839c      0x1e0 ./code/lcd.o
                0x0200839c                LCD_Fill
 .text.LCD_BlinkEye
                0x0200857c       0x70 ./code/lcd.o
 .text.LCD_ShowMsg
                0x020085ec       0xac ./code/lcd.o
                0x020085ec                LCD_ShowMsg
 .text.LCD_DrawDots
                0x02008698       0x48 ./code/lcd.o
                0x02008698                LCD_DrawDots
 .text.LCD_ShowAvatar
                0x020086e0      0x160 ./code/lcd.o
                0x020086e0                LCD_ShowAvatar
 .text.LCD_Poll
                0x02008840      0x5f4 ./code/lcd.o
                0x02008840                LCD_Poll
 .text.mfcc_engine_feed.part.0
                0x02008e34      0x4a0 ./code/mfcc_engine.o
 .text.mfcc_engine_init
                0x020092d4       0xcc ./code/mfcc_engine.o
                0x020092d4                mfcc_engine_init
 .text.mfcc_engine_feed
                0x020093a0       0x14 ./code/mfcc_engine.o
                0x020093a0                mfcc_engine_feed
 .text.mfcc_engine_get_frame_count
                0x020093b4        0xc ./code/mfcc_engine.o
                0x020093b4                mfcc_engine_get_frame_count
 .text.mfcc_engine_get_features
                0x020093c0       0x14 ./code/mfcc_engine.o
                0x020093c0                mfcc_engine_get_features
 .text.mfcc_engine_reset
                0x020093d4       0x3c ./code/mfcc_engine.o
                0x020093d4                mfcc_engine_reset
 .text.mfcc_engine_process_all
                0x02009410       0x70 ./code/mfcc_engine.o
                0x02009410                mfcc_engine_process_all
 .text.PN532_WaitReady
                0x02009480       0x54 ./code/pn532.o
                0x02009480                PN532_WaitReady
 .text.PN532_recv_ack
                0x020094d4       0x48 ./code/pn532.o
                0x020094d4                PN532_recv_ack
 .text.PN532_parse_frame
                0x0200951c       0x54 ./code/pn532.o
                0x0200951c                PN532_parse_frame
 .text.PN532_recv_data
                0x02009570       0x58 ./code/pn532.o
                0x02009570                PN532_recv_data
 .text.PN532_GetFirmVersion
                0x020095c8       0x88 ./code/pn532.o
                0x020095c8                PN532_GetFirmVersion
 .text.PN532_SetSamConfig
                0x02009650       0xa4 ./code/pn532.o
                0x02009650                PN532_SetSamConfig
 .text.PN532_INIT
                0x020096f4       0xac ./code/pn532.o
                0x020096f4                PN532_INIT
 .text.PN532_ReadPassTarget
                0x020097a0       0xe0 ./code/pn532.o
                0x020097a0                PN532_ReadPassTarget
 .text.PN532_connect
                0x02009880      0x274 ./code/pn532.o
                0x02009880                PN532_connect
 .text.speaker_enroll
                0x02009af4       0xfc ./code/speaker_verify.o
                0x02009af4                speaker_enroll
 .text.speaker_verify
                0x02009bf0      0x458 ./code/speaker_verify.o
                0x02009bf0                speaker_verify
 .text.speaker_get_count
                0x0200a048        0xc ./code/speaker_verify.o
                0x0200a048                speaker_get_count
 .text.speaker_has_enrolled
                0x0200a054       0x14 ./code/speaker_verify.o
                0x0200a054                speaker_has_enrolled
 .text.speaker_save
                0x0200a068       0x7c ./code/speaker_verify.o
                0x0200a068                speaker_save
 .text.speaker_finalize
                0x0200a0e4       0x90 ./code/speaker_verify.o
                0x0200a0e4                speaker_finalize
 .text.speaker_export_hex
                0x0200a174       0xac ./code/speaker_verify.o
                0x0200a174                speaker_export_hex
 .text.speaker_import_hex
                0x0200a220      0x144 ./code/speaker_verify.o
                0x0200a220                speaker_import_hex
 .text.speaker_load
                0x0200a364       0x8c ./code/speaker_verify.o
                0x0200a364                speaker_load
 .text.speaker_erase
                0x0200a3f0       0x48 ./code/speaker_verify.o
                0x0200a3f0                speaker_erase
 .text.cabinet_close
                0x0200a438       0x5c ./code/tjc_usart_hmi.o
                0x0200a438                cabinet_close
 .text.cabinet_timeout_check
                0x0200a494       0x34 ./code/tjc_usart_hmi.o
                0x0200a494                cabinet_timeout_check
 .text.cabinet_open
                0x0200a4c8       0x48 ./code/tjc_usart_hmi.o
                0x0200a4c8                cabinet_open
 .text.auth_start
                0x0200a510       0x10 ./code/tjc_usart_hmi.o
                0x0200a510                auth_start
 .text.auth_timeout_check
                0x0200a520       0x58 ./code/tjc_usart_hmi.o
                0x0200a520                auth_timeout_check
 .text.tjc_send_delayed
                0x0200a578       0x44 ./code/tjc_usart_hmi.o
                0x0200a578                tjc_send_delayed
 .text.tjc_pending_poll
                0x0200a5bc      0x124 ./code/tjc_usart_hmi.o
                0x0200a5bc                tjc_pending_poll
 .text.UART_HIM_Init
                0x0200a6e0       0x20 ./code/tjc_usart_hmi.o
                0x0200a6e0                UART_HIM_Init
 .text.intToStr
                0x0200a700       0x7c ./code/tjc_usart_hmi.o
                0x0200a700                intToStr
 .text.tjc_send_string
                0x0200a77c       0xb0 ./code/tjc_usart_hmi.o
                0x0200a77c                tjc_send_string
 .text.param_refresh
                0x0200a82c       0xd4 ./code/tjc_usart_hmi.o
 .text.tjc_send_val
                0x0200a900      0x158 ./code/tjc_usart_hmi.o
                0x0200a900                tjc_send_val
 .text.uart6_callback
                0x0200aa58       0x78 ./code/tjc_usart_hmi.o
                0x0200aa58                uart6_callback
 .text.HIM_connection
                0x0200aad0      0x768 ./code/tjc_usart_hmi.o
                0x0200aad0                HIM_connection
 .text.voice_send_char
                0x0200b238       0x48 ./code/voice.o
 .text.voice_send_string
                0x0200b280       0x3c ./code/voice.o
                0x0200b280                voice_send_string
 .text.voice_send_delayed
                0x0200b2bc       0x44 ./code/voice.o
                0x0200b2bc                voice_send_delayed
 .text.voice_pending_poll
                0x0200b300       0xa4 ./code/voice.o
                0x0200b300                voice_pending_poll
 .text.voice_send_attendance
                0x0200b3a4       0x60 ./code/voice.o
                0x0200b3a4                voice_send_attendance
 .text.uart1_callback
                0x0200b404       0x14 ./code/voice.o
                0x0200b404                uart1_callback
 .text.Voice_Init
                0x0200b418       0x3c ./code/voice.o
                0x0200b418                Voice_Init
 .text.norm_frames
                0x0200b454       0xd8 ./code/voice_cmd.o
 .text.dtw_std.constprop.0
                0x0200b52c      0x2c8 ./code/voice_cmd.o
 .text.voice_cmd_init
                0x0200b7f4        0x4 ./code/voice_cmd.o
                0x0200b7f4                voice_cmd_init
 .text.voice_cmd_predict
                0x0200b7f8      0x61c ./code/voice_cmd.o
                0x0200b7f8                voice_cmd_predict
 .text.voice_wake_detect
                0x0200be14      0x12c ./code/voice_cmd.o
                0x0200be14                voice_wake_detect
 .text.voice_cmd_reset
                0x0200bf40        0x4 ./code/voice_cmd.o
                0x0200bf40                voice_cmd_reset
 .text          0x0200bf44      0x21c C:/Renesas/RA/e2studio_v2025-12_fsp_v6.4.0/toolchains/gcc_arm/13.2.rel1/bin/../lib/gcc/arm-none-eabi/13.2.1/thumb/v8-m.main+dp/hard\libgcc.a(_arm_addsubsf3.o)
                0x0200bf44                __aeabi_frsub
                0x0200bf4c                __subsf3
                0x0200bf4c                __aeabi_fsub
                0x0200bf50                __aeabi_fadd
                0x0200bf50                __addsf3
                0x0200c0b0                __aeabi_ui2f
                0x0200c0b0                __floatunsisf
                0x0200c0b8                __aeabi_i2f
                0x0200c0b8                __floatsisf
                0x0200c0d4                __aeabi_ul2f
                0x0200c0d4                __floatundisf
                0x0200c0e4                __aeabi_l2f
                0x0200c0e4                __floatdisf
 .text.__cvt    0x0200c160       0xa8 C:/Renesas/RA/e2studio_v2025-12_fsp_v6.4.0/toolchains/gcc_arm/13.2.rel1/bin/../lib/gcc/arm-none-eabi/13.2.1/thumb/v8-m.main+dp/hard\libg_nano.a(libc_a-nano-vfprintf_float.o)
                0x0200c160                __cvt
 .text.__exponent
                0x0200c208       0x72 C:/Renesas/RA/e2studio_v2025-12_fsp_v6.4.0/toolchains/gcc_arm/13.2.rel1/bin/../lib/gcc/arm-none-eabi/13.2.1/thumb/v8-m.main+dp/hard\libg_nano.a(libc_a-nano-vfprintf_float.o)
                0x0200c208                __exponent
 *fill*         0x0200c27a        0x6 
 .text._printf_float
                0x0200c280      0x434 C:/Renesas/RA/e2studio_v2025-12_fsp_v6.4.0/toolchains/gcc_arm/13.2.rel1/bin/../lib/gcc/arm-none-eabi/13.2.1/thumb/v8-m.main+dp/hard\libg_nano.a(libc_a-nano-vfprintf_float.o)
                0x0200c280                _printf_float
 .text._printf_common
                0x0200c6b4       0xe4 C:/Renesas/RA/e2studio_v2025-12_fsp_v6.4.0/toolchains/gcc_arm/13.2.rel1/bin/../lib/gcc/arm-none-eabi/13.2.1/thumb/v8-m.main+dp/hard\libg_nano.a(libc_a-nano-vfprintf_i.o)
                0x0200c6b4                _printf_common
 .text._printf_i
                0x0200c798      0x23c C:/Renesas/RA/e2studio_v2025-12_fsp_v6.4.0/toolchains/gcc_arm/13.2.rel1/bin/../lib/gcc/arm-none-eabi/13.2.1/thumb/v8-m.main+dp/hard\libg_nano.a(libc_a-nano-vfprintf_i.o)
                0x0200c798                _printf_i
 .text.std      0x0200c9d4       0x6c C:/Renesas/RA/e2studio_v2025-12_fsp_v6.4.0/toolchains/gcc_arm/13.2.rel1/bin/../lib/gcc/arm-none-eabi/13.2.1/thumb/v8-m.main+dp/hard\libg_nano.a(libc_a-findfp.o)
 .text.stdio_exit_handler
                0x0200ca40       0x18 C:/Renesas/RA/e2studio_v2025-12_fsp_v6.4.0/toolchains/gcc_arm/13.2.rel1/bin/../lib/gcc/arm-none-eabi/13.2.1/thumb/v8-m.main+dp/hard\libg_nano.a(libc_a-findfp.o)
 .text.cleanup_stdio
                0x0200ca58       0x40 C:/Renesas/RA/e2studio_v2025-12_fsp_v6.4.0/toolchains/gcc_arm/13.2.rel1/bin/../lib/gcc/arm-none-eabi/13.2.1/thumb/v8-m.main+dp/hard\libg_nano.a(libc_a-findfp.o)
 .text.global_stdio_init.part.0
                0x0200ca98       0x3c C:/Renesas/RA/e2studio_v2025-12_fsp_v6.4.0/toolchains/gcc_arm/13.2.rel1/bin/../lib/gcc/arm-none-eabi/13.2.1/thumb/v8-m.main+dp/hard\libg_nano.a(libc_a-findfp.o)
 .text.__sfp_lock_acquire
                0x0200cad4        0xc C:/Renesas/RA/e2studio_v2025-12_fsp_v6.4.0/toolchains/gcc_arm/13.2.rel1/bin/../lib/gcc/arm-none-eabi/13.2.1/thumb/v8-m.main+dp/hard\libg_nano.a(libc_a-findfp.o)
                0x0200cad4                __sfp_lock_acquire
 .text.__sfp_lock_release
                0x0200cae0        0xc C:/Renesas/RA/e2studio_v2025-12_fsp_v6.4.0/toolchains/gcc_arm/13.2.rel1/bin/../lib/gcc/arm-none-eabi/13.2.1/thumb/v8-m.main+dp/hard\libg_nano.a(libc_a-findfp.o)
                0x0200cae0                __sfp_lock_release
 .text.__sinit  0x0200caec       0x30 C:/Renesas/RA/e2studio_v2025-12_fsp_v6.4.0/toolchains/gcc_arm/13.2.rel1/bin/../lib/gcc/arm-none-eabi/13.2.1/thumb/v8-m.main+dp/hard\libg_nano.a(libc_a-findfp.o)
                0x0200caec                __sinit
 .text._fwalk_sglue
                0x0200cb1c       0x3c C:/Renesas/RA/e2studio_v2025-12_fsp_v6.4.0/toolchains/gcc_arm/13.2.rel1/bin/../lib/gcc/arm-none-eabi/13.2.1/thumb/v8-m.main+dp/hard\libg_nano.a(libc_a-fwalk.o)
                0x0200cb1c                _fwalk_sglue
 .text.printf   0x0200cb58       0x24 C:/Renesas/RA/e2studio_v2025-12_fsp_v6.4.0/toolchains/gcc_arm/13.2.rel1/bin/../lib/gcc/arm-none-eabi/13.2.1/thumb/v8-m.main+dp/hard\libg_nano.a(libc_a-printf.o)
                0x0200cb58                iprintf
                0x0200cb58                printf
 .text._puts_r  0x0200cb7c       0xaa C:/Renesas/RA/e2studio_v2025-12_fsp_v6.4.0/toolchains/gcc_arm/13.2.rel1/bin/../lib/gcc/arm-none-eabi/13.2.1/thumb/v8-m.main+dp/hard\libg_nano.a(libc_a-puts.o)
                0x0200cb7c                _puts_r
 *fill*         0x0200cc26        0x2 
 .text.puts     0x0200cc28       0x10 C:/Renesas/RA/e2studio_v2025-12_fsp_v6.4.0/toolchains/gcc_arm/13.2.rel1/bin/../lib/gcc/arm-none-eabi/13.2.1/thumb/v8-m.main+dp/hard\libg_nano.a(libc_a-puts.o)
                0x0200cc28                puts
 .text.sprintf  0x0200cc38       0x40 C:/Renesas/RA/e2studio_v2025-12_fsp_v6.4.0/toolchains/gcc_arm/13.2.rel1/bin/../lib/gcc/arm-none-eabi/13.2.1/thumb/v8-m.main+dp/hard\libg_nano.a(libc_a-sprintf.o)