Archive member included to satisfy reference by file (symbol)

C:/Renesas/RA/e2studio_v2025-12_fsp_v6.4.0/toolchains/gcc_arm/13.2.rel1/bin/../lib/gcc/arm-none-eabi/13.2.1/thumb/v8-m.main+dp/hard\libgcc.a(_aeabi_ldivmod.o)
                              ./ra/fsp/src/r_sci_b_uart/r_sci_b_uart.o (__aeabi_ldivmod)
C:/Renesas/RA/e2studio_v2025-12_fsp_v6.4.0/toolchains/gcc_arm/13.2.rel1/bin/../lib/gcc/arm-none-eabi/13.2.1/thumb/v8-m.main+dp/hard\libgcc.a(_udivmoddi4.o)
                              C:/Renesas/RA/e2studio_v2025-12_fsp_v6.4.0/toolchains/gcc_arm/13.2.rel1/bin/../lib/gcc/arm-none-eabi/13.2.1/thumb/v8-m.main+dp/hard\libgcc.a(_aeabi_ldivmod.o) (__udivmoddi4)
C:/Renesas/RA/e2studio_v2025-12_fsp_v6.4.0/toolchains/gcc_arm/13.2.rel1/bin/../lib/gcc/arm-none-eabi/13.2.1/thumb/v8-m.main+dp/hard\libgcc.a(_dvmd_tls.o)
                              C:/Renesas/RA/e2studio_v2025-12_fsp_v6.4.0/toolchains/gcc_arm/13.2.rel1/bin/../lib/gcc/arm-none-eabi/13.2.1/thumb/v8-m.main+dp/hard\libgcc.a(_aeabi_ldivmod.o) (__aeabi_ldiv0)
C:/Renesas/RA/e2studio_v2025-12_fsp_v6.4.0/toolchains/gcc_arm/13.2.rel1/bin/../lib/gcc/arm-none-eabi/13.2.1/thumb/v8-m.main+dp/hard\libg_nano.a(libc_a-exit.o)
                              C:/Renesas/RA/e2studio_v2025-12_fsp_v6.4.0/toolchains/gcc_arm/13.2.rel1/bin/../lib/gcc/arm-none-eabi/13.2.1/thumb/v8-m.main+dp/hard/crt0.o (exit)
C:/Renesas/RA/e2studio_v2025-12_fsp_v6.4.0/toolchains/gcc_arm/13.2.rel1/bin/../lib/gcc/arm-none-eabi/13.2.1/thumb/v8-m.main+dp/hard\libg_nano.a(libc_a-nano-vfprintf_float.o)
                              (_printf_float)
C:/Renesas/RA/e2studio_v2025-12_fsp_v6.4.0/toolchains/gcc_arm/13.2.rel1/bin/../lib/gcc/arm-none-eabi/13.2.1/thumb/v8-m.main+dp/hard\libg_nano.a(libc_a-nano-vfprintf_i.o)
                              C:/Renesas/RA/e2studio_v2025-12_fsp_v6.4.0/toolchains/gcc_arm/13.2.rel1/bin/../lib/gcc/arm-none-eabi/13.2.1/thumb/v8-m.main+dp/hard\libg_nano.a(libc_a-nano-vfprintf_float.o) (_printf_common)
C:/Renesas/RA/e2studio_v2025-12_fsp_v6.4.0/toolchains/gcc_arm/13.2.rel1/bin/../lib/gcc/arm-none-eabi/13.2.1/thumb/v8-m.main+dp/hard\libg_nano.a(libc_a-findfp.o)
                              C:/Renesas/RA/e2studio_v2025-12_fsp_v6.4.0/toolchains/gcc_arm/13.2.rel1/bin/../lib/gcc/arm-none-eabi/13.2.1/thumb/v8-m.main+dp/hard\libg_nano.a(libc_a-exit.o) (__stdio_exit_handler)
C:/Renesas/RA/e2studio_v2025-12_fsp_v6.4.0/toolchains/gcc_arm/13.2.rel1/bin/../lib/gcc/arm-none-eabi/13.2.1/thumb/v8-m.main+dp/hard\libg_nano.a(libc_a-fwalk.o)
                              C:/Renesas/RA/e2studio_v2025-12_fsp_v6.4.0/toolchains/gcc_arm/13.2.rel1/bin/../lib/gcc/arm-none-eabi/13.2.1/thumb/v8-m.main+dp/hard\libg_nano.a(libc_a-findfp.o) (_fwalk_sglue)
C:/Renesas/RA/e2studio_v2025-12_fsp_v6.4.0/toolchains/gcc_arm/13.2.rel1/bin/../lib/gcc/arm-none-eabi/13.2.1/thumb/v8-m.main+dp/hard\libg_nano.a(libc_a-printf.o)
                              ./src/hal_entry.o (printf)
C:/Renesas/RA/e2studio_v2025-12_fsp_v6.4.0/toolchains/gcc_arm/13.2.rel1/bin/../lib/gcc/arm-none-eabi/13.2.1/thumb/v8-m.main+dp/hard\libg_nano.a(libc_a-putchar.o)
                              ./src/hal_entry.o (putchar)
C:/Renesas/RA/e2studio_v2025-12_fsp_v6.4.0/toolchains/gcc_arm/13.2.rel1/bin/../lib/gcc/arm-none-eabi/13.2.1/thumb/v8-m.main+dp/hard\libg_nano.a(libc_a-puts.o)
                              ./src/hal_entry.o (puts)
C:/Renesas/RA/e2studio_v2025-12_fsp_v6.4.0/toolchains/gcc_arm/13.2.rel1/bin/../lib/gcc/arm-none-eabi/13.2.1/thumb/v8-m.main+dp/hard\libg_nano.a(libc_a-snprintf.o)
                              ./code/esp32_comm.o (snprintf)
C:/Renesas/RA/e2studio_v2025-12_fsp_v6.4.0/toolchains/gcc_arm/13.2.rel1/bin/../lib/gcc/arm-none-eabi/13.2.1/thumb/v8-m.main+dp/hard\libg_nano.a(libc_a-sprintf.o)
                              ./code/esp32_comm.o (sprintf)
C:/Renesas/RA/e2studio_v2025-12_fsp_v6.4.0/toolchains/gcc_arm/13.2.rel1/bin/../lib/gcc/arm-none-eabi/13.2.1/thumb/v8-m.main+dp/hard\libg_nano.a(libc_a-sscanf.o)
                              ./code/esp32_comm.o (sscanf)
C:/Renesas/RA/e2studio_v2025-12_fsp_v6.4.0/toolchains/gcc_arm/13.2.rel1/bin/../lib/gcc/arm-none-eabi/13.2.1/thumb/v8-m.main+dp/hard\libg_nano.a(libc_a-stdio.o)
                              C:/Renesas/RA/e2studio_v2025-12_fsp_v6.4.0/toolchains/gcc_arm/13.2.rel1/bin/../lib/gcc/arm-none-eabi/13.2.1/thumb/v8-m.main+dp/hard\libg_nano.a(libc_a-findfp.o) (__sread)
C:/Renesas/RA/e2studio_v2025-12_fsp_v6.4.0/toolchains/gcc_arm/13.2.rel1/bin/../lib/gcc/arm-none-eabi/13.2.1/thumb/v8-m.main+dp/hard\libg_nano.a(libc_a-wbuf.o)
                              C:/Renesas/RA/e2studio_v2025-12_fsp_v6.4.0/toolchains/gcc_arm/13.2.rel1/bin/../lib/gcc/arm-none-eabi/13.2.1/thumb/v8-m.main+dp/hard\libg_nano.a(libc_a-puts.o) (__swbuf_r)
C:/Renesas/RA/e2studio_v2025-12_fsp_v6.4.0/toolchains/gcc_arm/13.2.rel1/bin/../lib/gcc/arm-none-eabi/13.2.1/thumb/v8-m.main+dp/hard\libg_nano.a(libc_a-wsetup.o)
[...]
Memory Configuration

Name             Origin             Length             Attributes
RAM              0x22000000         0x001d4000         xrw
FLASH            0x02000000         0x00100000         xr
DATA_FLASH       0x27000000         0x00000000         xr
SDRAM            0x68000000         0x08000000         xrw
OSPI0_CS0        0x80000000         0x10000000         xrw
OSPI0_CS1        0x90000000         0x10000000         xr
OSPI1_CS0        0x70000000         0x08000000         xrw
OSPI1_CS1        0x78000000         0x08000000         xr
OPTION_SETTING_OFS0 0x02c9f040         0x00000004         r
OPTION_SETTING_OFS2 0x02c9f044         0x00000004         r
OPTION_SETTING_SAS 0x02c9f074         0x00000004         r
OPTION_SETTING_OFS1 0x12c9f4c0         0x00000004         r
OPTION_SETTING_OFS1_SEC 0x02c9f0c0         0x00000004         r
OPTION_SETTING_OFS1_SEL 0x02c9f120         0x00000004         r
OPTION_SETTING_OFS3 0x12c9f4c4         0x00000004         r
OPTION_SETTING_OFS3_SEC 0x02c9f0c4         0x00000004         r
OPTION_SETTING_OFS3_SEL 0x02c9f124         0x00000004         r
OPTION_SETTING_BPS 0x12c9f600         0x00000080         r
OPTION_SETTING_BPS_SEC 0x02c9f200         0x00000080         r
OPTION_SETTING_OTP_FSBLCTRL0 0x02e07600         0x00000004         r
OPTION_SETTING_OTP_FSBLCTRL1 0x02e07604         0x00000004         r
OPTION_SETTING_OTP_FSBLCTRL2 0x02e07608         0x00000004         r
OPTION_SETTING_OTP_SAMR 0x02e07614         0x00000004         r
OPTION_SETTING_OTP_SACC00 0x02e07620         0x00000004         r
OPTION_SETTING_OTP_SACC10 0x02e07630         0x00000004         r
OPTION_SETTING_OTP_SACC01 0x02e07640         0x00000004         r
OPTION_SETTING_OTP_SACC11 0x02e07650         0x00000004         r
OPTION_SETTING_OTP_SACC02 0x02e07660         0x00000004         r
OPTION_SETTING_OTP_SACC12 0x02e07670         0x00000004         r
OPTION_SETTING_OTP_SACC03 0x02e07680         0x00000004         r
OPTION_SETTING_OTP_SACC13 0x02e07690         0x00000004         r
OPTION_SETTING_OTP_PBPS_SEC 0x02e17700         0x00000080         r
OPTION_SETTING_OTP_PBPS 0x12e17780         0x00000080         r
OPTION_SETTING_OTP_ZHUK 0x02e17920         0x00000004         r
ITCM             0x00000000         0x00020000         xrw
DTCM             0x20000000         0x00020000         xrw
*default*        0x00000000         0xffffffff

Linker script and memory map

LOAD C:/Renesas/RA/e2studio_v2025-12_fsp_v6.4.0/toolchains/gcc_arm/13.2.rel1/bin/../lib/gcc/arm-none-eabi/13.2.1/thumb/v8-m.main+dp/hard/crti.o
LOAD C:/Renesas/RA/e2studio_v2025-12_fsp_v6.4.0/toolchains/gcc_arm/13.2.rel1/bin/../lib/gcc/arm-none-eabi/13.2.1/thumb/v8-m.main+dp/hard/crtbegin.o
LOAD C:/Renesas/RA/e2studio_v2025-12_fsp_v6.4.0/toolchains/gcc_arm/13.2.rel1/bin/../lib/gcc/arm-none-eabi/13.2.1/thumb/v8-m.main+dp/hard/crt0.o
START GROUP
LOAD ./src/hal_entry.o
LOAD ./src/hal_warmstart.o
LOAD ./ra_gen/common_data.o
LOAD ./ra_gen/hal_data.o
LOAD ./ra_gen/main.o
LOAD ./ra_gen/pin_data.o
LOAD ./ra_gen/vector_data.o
LOAD ./ra/fsp/src/r_ssi/r_ssi.o
LOAD ./ra/fsp/src/r_sci_b_uart/r_sci_b_uart.o
LOAD ./ra/fsp/src/r_ioport/r_ioport.o
LOAD ./ra/fsp/src/r_iic_master/r_iic_master.o
LOAD ./ra/fsp/src/r_gpt/r_gpt.o
LOAD ./ra/fsp/src/r_dtc/r_dtc.o
LOAD ./ra/fsp/src/r_ceu/r_ceu.o
LOAD ./ra/fsp/src/bsp/mcu/ra8p1/bsp_linker.o
LOAD ./ra/fsp/src/bsp/mcu/all/bsp_clocks.o
LOAD ./ra/fsp/src/bsp/mcu/all/bsp_common.o
LOAD ./ra/fsp/src/bsp/mcu/all/bsp_delay.o
LOAD ./ra/fsp/src/bsp/mcu/all/bsp_group_irq.o
LOAD ./ra/fsp/src/bsp/mcu/all/bsp_guard.o
LOAD ./ra/fsp/src/bsp/mcu/all/bsp_io.o
LOAD ./ra/fsp/src/bsp/mcu/all/bsp_ipc.o
LOAD ./ra/fsp/src/bsp/mcu/all/bsp_irq.o
LOAD ./ra/fsp/src/bsp/mcu/all/bsp_macl.o
LOAD ./ra/fsp/src/bsp/mcu/all/bsp_ospi_b.o
LOAD ./ra/fsp/src/bsp/mcu/all/bsp_register_protection.o
LOAD ./ra/fsp/src/bsp/mcu/all/bsp_sbrk.o
LOAD ./ra/fsp/src/bsp/mcu/all/bsp_sdram.o
LOAD ./ra/fsp/src/bsp/mcu/all/bsp_security.o
LOAD ./ra/fsp/src/bsp/cmsis/Device/RENESAS/Source/startup.o
LOAD ./ra/fsp/src/bsp/cmsis/Device/RENESAS/Source/system.o
LOAD ./code/AS608pro.o
LOAD ./code/PN532_hal.o
LOAD ./code/esp32_comm.o
LOAD ./code/font.o
LOAD ./code/inmp441.o
LOAD ./code/key.o
LOAD ./code/lcd.o
LOAD ./code/mfcc_engine.o
LOAD ./code/ov5640.o
LOAD ./code/pn532.o
LOAD ./code/text.o
LOAD ./code/tjc_usart_hmi.o
LOAD ./code/voice.o
LOAD ./code/voice_cmd.o
END GROUP
START GROUP
LOAD C:/Renesas/RA/e2studio_v2025-12_fsp_v6.4.0/toolchains/gcc_arm/13.2.rel1/bin/../lib/gcc/arm-none-eabi/13.2.1/thumb/v8-m.main+dp/hard\libgcc.a
LOAD C:/Renesas/RA/e2studio_v2025-12_fsp_v6.4.0/toolchains/gcc_arm/13.2.rel1/bin/../lib/gcc/arm-none-eabi/13.2.1/thumb/v8-m.main+dp/hard\libg_nano.a
LOAD C:/Renesas/RA/e2studio_v2025-12_fsp_v6.4.0/toolchains/gcc_arm/13.2.rel1/bin/../lib/gcc/arm-none-eabi/13.2.1/thumb/v8-m.main+dp/hard\libc_nano.a
END GROUP
START GROUP
LOAD C:/Renesas/RA/e2studio_v2025-12_fsp_v6.4.0/toolchains/gcc_arm/13.2.rel1/bin/../lib/gcc/arm-none-eabi/13.2.1/thumb/v8-m.main+dp/hard\libgcc.a
LOAD C:/Renesas/RA/e2studio_v2025-12_fsp_v6.4.0/toolchains/gcc_arm/13.2.rel1/bin/../lib/gcc/arm-none-eabi/13.2.1/thumb/v8-m.main+dp/hard\libc_nano.a
LOAD C:/Renesas/RA/e2studio_v2025-12_fsp_v6.4.0/toolchains/gcc_arm/13.2.rel1/bin/../lib/gcc/arm-none-eabi/13.2.1/thumb/v8-m.main+dp/hard\libnosys.a
END GROUP
START GROUP
LOAD C:/Renesas/RA/e2studio_v2025-12_fsp_v6.4.0/toolchains/gcc_arm/13.2.rel1/bin/../lib/gcc/arm-none-eabi/13.2.1/thumb/v8-m.main+dp/hard\libgcc.a
LOAD C:/Renesas/RA/e2studio_v2025-12_fsp_v6.4.0/toolchains/gcc_arm/13.2.rel1/bin/../lib/gcc/arm-none-eabi/13.2.1/thumb/v8-m.main+dp/hard\libc_nano.a
LOAD C:/Renesas/RA/e2studio_v2025-12_fsp_v6.4.0/toolchains/gcc_arm/13.2.rel1/bin/../lib/gcc/arm-none-eabi/13.2.1/thumb/v8-m.main+dp/hard\libnosys.a
END GROUP
LOAD C:/Renesas/RA/e2studio_v2025-12_fsp_v6.4.0/toolchains/gcc_arm/13.2.rel1/bin/../lib/gcc/arm-none-eabi/13.2.1/thumb/v8-m.main+dp/hard/crtend.o
LOAD C:/Renesas/RA/e2studio_v2025-12_fsp_v6.4.0/toolchains/gcc_arm/13.2.rel1/bin/../lib/gcc/arm-none-eabi/13.2.1/thumb/v8-m.main+dp/hard/crtn.o
                0x22000000                        RAM_START = 0x22000000
                0x001d4000                        RAM_LENGTH = 0x1d4000
                0x02000000                        FLASH_START = 0x2000000
                0x00100000                        FLASH_LENGTH = 0x100000
                0x27000000                        DATA_FLASH_START = 0x27000000
                0x00000000                        DATA_FLASH_LENGTH = 0x0
                0x68000000                        SDRAM_START = 0x68000000
                0x08000000                        SDRAM_LENGTH = 0x8000000
                0x80000000                        OSPI0_CS0_START = 0x80000000
                0x10000000                        OSPI0_CS0_LENGTH = 0x10000000
                0x90000000                        OSPI0_CS1_START = 0x90000000
                0x10000000                        OSPI0_CS1_LENGTH = 0x10000000
                0x70000000                        OSPI1_CS0_START = 0x70000000
                0x08000000                        OSPI1_CS0_LENGTH = 0x8000000
                0x78000000                        OSPI1_CS1_START = 0x78000000
                0x08000000                        OSPI1_CS1_LENGTH = 0x8000000
                0x02c9f040                        OPTION_SETTING_OFS0_START = 0x2c9f040
                0x00000004                        OPTION_SETTING_OFS0_LENGTH = 0x4
                0x02c9f044                        OPTION_SETTING_OFS2_START = 0x2c9f044
                0x00000004                        OPTION_SETTING_OFS2_LENGTH = 0x4
                0x02c9f074                        OPTION_SETTING_SAS_START = 0x2c9f074
                0x00000004                        OPTION_SETTING_SAS_LENGTH = 0x4
                0x12c9f4c0                        OPTION_SETTING_OFS1_START = 0x12c9f4c0
                0x00000004                        OPTION_SETTING_OFS1_LENGTH = 0x4
                0x02c9f0c0                        OPTION_SETTING_OFS1_SEC_START = 0x2c9f0c0
                0x00000004                        OPTION_SETTING_OFS1_SEC_LENGTH = 0x4
                0x02c9f120                        OPTION_SETTING_OFS1_SEL_START = 0x2c9f120
                0x00000004                        OPTION_SETTING_OFS1_SEL_LENGTH = 0x4
                0x12c9f4c4                        OPTION_SETTING_OFS3_START = 0x12c9f4c4
                0x00000004                        OPTION_SETTING_OFS3_LENGTH = 0x4
                0x02c9f0c4                        OPTION_SETTING_OFS3_SEC_START = 0x2c9f0c4
                0x00000004                        OPTION_SETTING_OFS3_SEC_LENGTH = 0x4
                0x02c9f124                        OPTION_SETTING_OFS3_SEL_START = 0x2c9f124
                0x00000004                        OPTION_SETTING_OFS3_SEL_LENGTH = 0x4
                0x12c9f600                        OPTION_SETTING_BPS_START = 0x12c9f600
                0x00000080                        OPTION_SETTING_BPS_LENGTH = 0x80
                0x02c9f200                        OPTION_SETTING_BPS_SEC_START = 0x2c9f200
                0x00000080                        OPTION_SETTING_BPS_SEC_LENGTH = 0x80
                0x02e07600                        OPTION_SETTING_OTP_FSBLCTRL0_START = 0x2e07600
                0x00000004                        OPTION_SETTING_OTP_FSBLCTRL0_LENGTH = 0x4
                0x02e07604                        OPTION_SETTING_OTP_FSBLCTRL1_START = 0x2e07604
                0x00000004                        OPTION_SETTING_OTP_FSBLCTRL1_LENGTH = 0x4
                0x02e07608                        OPTION_SETTING_OTP_FSBLCTRL2_START = 0x2e07608
                0x00000004                        OPTION_SETTING_OTP_FSBLCTRL2_LENGTH = 0x4
                0x02e07614                        OPTION_SETTING_OTP_SAMR_START = 0x2e07614
                0x00000004                        OPTION_SETTING_OTP_SAMR_LENGTH = 0x4
                0x02e07620                        OPTION_SETTING_OTP_SACC00_START = 0x2e07620
                0x00000004                        OPTION_SETTING_OTP_SACC00_LENGTH = 0x4
                0x02e07630                        OPTION_SETTING_OTP_SACC10_START = 0x2e07630
                0x00000004                        OPTION_SETTING_OTP_SACC10_LENGTH = 0x4
                0x02e07640                        OPTION_SETTING_OTP_SACC01_START = 0x2e07640
                0x00000004                        OPTION_SETTING_OTP_SACC01_LENGTH = 0x4
                0x02e07650                        OPTION_SETTING_OTP_SACC11_START = 0x2e07650
                0x00000004                        OPTION_SETTING_OTP_SACC11_LENGTH = 0x4
                0x02e07660                        OPTION_SETTING_OTP_SACC02_START = 0x2e07660
                0x00000004                        OPTION_SETTING_OTP_SACC02_LENGTH = 0x4
                0x02e07670                        OPTION_SETTING_OTP_SACC12_START = 0x2e07670
                0x00000004                        OPTION_SETTING_OTP_SACC12_LENGTH = 0x4
                0x02e07680                        OPTION_SETTING_OTP_SACC03_START = 0x2e07680
                0x00000004                        OPTION_SETTING_OTP_SACC03_LENGTH = 0x4
                0x02e07690                        OPTION_SETTING_OTP_SACC13_START = 0x2e07690
                0x00000004                        OPTION_SETTING_OTP_SACC13_LENGTH = 0x4
                0x02e17700                        OPTION_SETTING_OTP_PBPS_SEC_START = 0x2e17700
                0x00000080                        OPTION_SETTING_OTP_PBPS_SEC_LENGTH = 0x80
                0x12e17780                        OPTION_SETTING_OTP_PBPS_START = 0x12e17780
                0x00000080                        OPTION_SETTING_OTP_PBPS_LENGTH = 0x80
                0x02e17920                        OPTION_SETTING_OTP_ZHUK_START = 0x2e17920
                0x00000004                        OPTION_SETTING_OTP_ZHUK_LENGTH = 0x4
                0x00000000                        ITCM_START = 0x0
                0x00020000                        ITCM_LENGTH = 0x20000
                0x20000000                        DTCM_START = 0x20000000
                0x00020000                        DTCM_LENGTH = 0x20000
START GROUP
LOAD C:/Renesas/RA/e2studio_v2025-12_fsp_v6.4.0/toolchains/gcc_arm/13.2.rel1/bin/../lib/gcc/arm-none-eabi/13.2.1/thumb/v8-m.main+dp/hard\libgcc.a
LOAD C:/Renesas/RA/e2studio_v2025-12_fsp_v6.4.0/toolchains/gcc_arm/13.2.rel1/bin/../lib/gcc/arm-none-eabi/13.2.1/thumb/v8-m.main+dp/hard\libc.a
LOAD C:/Renesas/RA/e2studio_v2025-12_fsp_v6.4.0/toolchains/gcc_arm/13.2.rel1/bin/../lib/gcc/arm-none-eabi/13.2.1/thumb/v8-m.main+dp/hard\libm.a
END GROUP

.ospi0_cs1.startof
                0x90000000        0x0
                0x90000000                        __ddsc_OSPI0_CS1_START = .

.sdram.startof  0x68000000        0x0
                0x68000000                        __ddsc_SDRAM_START = .

__sdram_from_ospi0_cs1$$
                0x68000000        0x0 load address 0x90000000
                0x68000000                        __sdram_from_ospi0_cs1$$Base = .
                0x90000000                        __sdram_from_ospi0_cs1$$Load = LOADADDR (__sdram_from_ospi0_cs1$$)
 *(.sdram_from_ospi0_cs1)
 *(.sdram_code_from_ospi0_cs1)
                0x68000000                        __sdram_from_ospi0_cs1$$Limit = .

.ospi0_cs0.startof
                0x80000000        0x0
                0x80000000                        __ddsc_OSPI0_CS0_START = .

__ospi0_cs0_from_ospi0_cs1$$
                0x80000000        0x0 load address 0x90000000
                0x80000000                        __ospi0_cs0_from_ospi0_cs1$$Base = .
                0x90000000                        __ospi0_cs0_from_ospi0_cs1$$Load = LOADADDR (__ospi0_cs0_from_ospi0_cs1$$)
 *(.ospi0_cs0_from_ospi0_cs1)
 *(.ospi0_cs0_code_from_ospi0_cs1)
                0x80000000                        __ospi0_cs0_from_ospi0_cs1$$Limit = .

.ospi1_cs0.startof
                0x70000000        0x0
                0x70000000                        __ddsc_OSPI1_CS0_START = .

__ospi1_cs0_from_ospi0_cs1$$
                0x70000000        0x0 load address 0x90000000
                0x70000000                        __ospi1_cs0_from_ospi0_cs1$$Base = .
                0x90000000                        __ospi1_cs0_from_ospi0_cs1$$Load = LOADADDR (__ospi1_cs0_from_ospi0_cs1$$)
 *(.ospi1_cs0_from_ospi0_cs1)
 *(.ospi1_cs0_code_from_ospi0_cs1)
                0x70000000                        __ospi1_cs0_from_ospi0_cs1$$Limit = .

.itcm.startof   0x00000000        0x0
                0x00000000                        __ddsc_ITCM_START = .

__itcm_from_ospi0_cs1$$
                0x00000000        0x0 load address 0x90000000
                0x00000000                        __itcm_from_ospi0_cs1$$Base = .
                0x90000000                        __itcm_from_ospi0_cs1$$Load = LOADADDR (__itcm_from_ospi0_cs1$$)
 *(.itcm_from_ospi0_cs1)
 *(.itcm_code_from_ospi0_cs1)
                0x00000000                        __itcm_from_ospi0_cs1$$Limit = .

.dtcm.startof   0x20000000        0x0
                0x20000000                        __ddsc_DTCM_START = .

__dtcm_from_ospi0_cs1$$
                0x20000000        0x0 load address 0x90000000
                0x20000000                        __dtcm_from_ospi0_cs1$$Base = .
                0x90000000                        __dtcm_from_ospi0_cs1$$Load = LOADADDR (__dtcm_from_ospi0_cs1$$)
 *(.dtcm_from_ospi0_cs1)
 *(.dtcm_code_from_ospi0_cs1)
                0x20000000                        __dtcm_from_ospi0_cs1$$Limit = .

.ram.startof    0x22000000        0x0
                0x22000000                        __ddsc_RAM_START = .

__ram_dtc_vector$$
                0x22000000       0x80
                0x22000000                        __ram_dtc_vector$$Base = .
 *(.fsp_dtc_vector_table)
 .fsp_dtc_vector_table
                0x22000000       0x80 ./ra/fsp/src/r_dtc/r_dtc.o
                0x22000080                        __ram_dtc_vector$$Limit = .

__ram_from_ospi0_cs1$$
                0x22000080        0x0 load address 0x90000000
                0x22000080                        __ram_from_ospi0_cs1$$Base = .
                0x90000000                        __ram_from_ospi0_cs1$$Load = LOADADDR (__ram_from_ospi0_cs1$$)
 *(.ram_from_ospi0_cs1)
 *(.ram_code_from_ospi0_cs1)
                0x22000080                        __ram_from_ospi0_cs1$$Limit = .

__ospi0_cs1_readonly$$
                0x90000000        0x0
                0x90000000                        __ospi0_cs1_readonly$$Base = .
 *(.ospi0_cs1)
 *(.ospi0_cs1_code)
                0x90000000                        __ospi0_cs1_readonly$$Limit = .

__ospi0_cs1_noinit$$
                0x90000000        0x0
                0x90000000                        __ospi0_cs1_noinit$$Base = .
 *(.ospi0_cs1_noinit)
                0x90000000                        __ospi0_cs1_noinit$$Limit = .

.ospi0_cs1.endof
                0x90000000        0x0
                0x90000000                        __ddsc_OSPI0_CS1_END = .

.ospi1_cs1.startof
                0x78000000        0x0
                0x78000000                        __ddsc_OSPI1_CS1_START = .

__sdram_from_ospi1_cs1$$
                0x68000000        0x0 load address 0x78000000
                0x68000000                        __sdram_from_ospi1_cs1$$Base = .
                0x78000000                        __sdram_from_ospi1_cs1$$Load = LOADADDR (__sdram_from_ospi1_cs1$$)
 *(.sdram_from_ospi1_cs1)
 *(.sdram_code_from_ospi1_cs1)
                0x68000000                        __sdram_from_ospi1_cs1$$Limit = .

__ospi0_cs0_from_ospi1_cs1$$
                0x80000000        0x0 load address 0x78000000
                0x80000000                        __ospi0_cs0_from_ospi1_cs1$$Base = .
                0x78000000                        __ospi0_cs0_from_ospi1_cs1$$Load = LOADADDR (__ospi0_cs0_from_ospi1_cs1$$)
 *(.ospi0_cs0_from_ospi1_cs1)
 *(.ospi0_cs0_code_from_ospi1_cs1)
                0x80000000                        __ospi0_cs0_from_ospi1_cs1$$Limit = .

__ospi1_cs0_from_ospi1_cs1$$
                0x70000000        0x0 load address 0x78000000
                0x70000000                        __ospi1_cs0_from_ospi1_cs1$$Base = .
                0x78000000                        __ospi1_cs0_from_ospi1_cs1$$Load = LOADADDR (__ospi1_cs0_from_ospi1_cs1$$)
 *(.ospi1_cs0_from_ospi1_cs1)
 *(.ospi1_cs0_code_from_ospi1_cs1)
                0x70000000                        __ospi1_cs0_from_ospi1_cs1$$Limit = .

__itcm_from_ospi1_cs1$$
                0x00000000        0x0 load address 0x78000000
                0x00000000                        __itcm_from_ospi1_cs1$$Base = .
                0x78000000                        __itcm_from_ospi1_cs1$$Load = LOADADDR (__itcm_from_ospi1_cs1$$)
 *(.itcm_from_ospi1_cs1)
 *(.itcm_code_from_ospi1_cs1)
                0x00000000                        __itcm_from_ospi1_cs1$$Limit = .

__dtcm_from_ospi1_cs1$$
                0x20000000        0x0 load address 0x78000000
                0x20000000                        __dtcm_from_ospi1_cs1$$Base = .
                0x78000000                        __dtcm_from_ospi1_cs1$$Load = LOADADDR (__dtcm_from_ospi1_cs1$$)
 *(.dtcm_from_ospi1_cs1)
 *(.dtcm_code_from_ospi1_cs1)
                0x20000000                        __dtcm_from_ospi1_cs1$$Limit = .

__ram_from_ospi1_cs1$$
                0x22000080        0x0 load address 0x78000000
                0x22000080                        __ram_from_ospi1_cs1$$Base = .
                0x78000000                        __ram_from_ospi1_cs1$$Load = LOADADDR (__ram_from_ospi1_cs1$$)
 *(.ram_from_ospi1_cs1)
 *(.ram_code_from_ospi1_cs1)
                0x22000080                        __ram_from_ospi1_cs1$$Limit = .

__ospi1_cs1_readonly$$
                0x78000000        0x0
                0x78000000                        __ospi1_cs1_readonly$$Base = .
 *(.ospi1_cs1)
 *(.ospi1_cs1_code)
                0x78000000                        __ospi1_cs1_readonly$$Limit = .

__ospi1_cs1_noinit$$
                0x78000000        0x0
                0x78000000                        __ospi1_cs1_noinit$$Base = .
 *(.ospi1_cs1_noinit)
                0x78000000                        __ospi1_cs1_noinit$$Limit = .

.ospi1_cs1.endof
                0x78000000        0x0
                0x78000000                        __ddsc_OSPI1_CS1_END = .

.data_flash.startof
                0x27000000        0x0
                0x27000000                        __ddsc_DATA_FLASH_START = .

__sdram_from_data_flash$$
                0x68000000        0x0 load address 0x27000000
                0x68000000                        __sdram_from_data_flash$$Base = .
                0x27000000                        __sdram_from_data_flash$$Load = LOADADDR (__sdram_from_data_flash$$)
 *(.sdram_from_data_flash)
 *(.sdram_code_from_data_flash)
                0x68000000                        __sdram_from_data_flash$$Limit = .

__ospi0_cs0_from_data_flash$$
                0x80000000        0x0 load address 0x27000000
                0x80000000                        __ospi0_cs0_from_data_flash$$Base = .
                0x27000000                        __ospi0_cs0_from_data_flash$$Load = LOADADDR (__ospi0_cs0_from_data_flash$$)
 *(.ospi0_cs0_from_data_flash)
 *(.ospi0_cs0_code_from_data_flash)
                0x80000000                        __ospi0_cs0_from_data_flash$$Limit = .

__ospi1_cs0_from_data_flash$$
                0x70000000        0x0 load address 0x27000000
                0x70000000                        __ospi1_cs0_from_data_flash$$Base = .
                0x27000000                        __ospi1_cs0_from_data_flash$$Load = LOADADDR (__ospi1_cs0_from_data_flash$$)
 *(.ospi1_cs0_from_data_flash)
 *(.ospi1_cs0_code_from_data_flash)
                0x70000000                        __ospi1_cs0_from_data_flash$$Limit = .

__itcm_from_data_flash$$
                0x00000000        0x0 load address 0x27000000
                0x00000000                        __itcm_from_data_flash$$Base = .
                0x27000000                        __itcm_from_data_flash$$Load = LOADADDR (__itcm_from_data_flash$$)
 *(.itcm_from_data_flash)
 *(.itcm_code_from_data_flash)
                0x00000000                        __itcm_from_data_flash$$Limit = .

__dtcm_from_data_flash$$
                0x20000000        0x0 load address 0x27000000
                0x20000000                        __dtcm_from_data_flash$$Base = .
                0x27000000                        __dtcm_from_data_flash$$Load = LOADADDR (__dtcm_from_data_flash$$)
 *(.dtcm_from_data_flash)
 *(.dtcm_code_from_data_flash)
                0x20000000                        __dtcm_from_data_flash$$Limit = .

__ram_from_data_flash$$
                0x22000080        0x0 load address 0x27000000
                0x22000080                        __ram_from_data_flash$$Base = .
                0x27000000                        __ram_from_data_flash$$Load = LOADADDR (__ram_from_data_flash$$)
 *(.ram_from_data_flash)
 *(.ram_code_from_data_flash)
                0x22000080                        __ram_from_data_flash$$Limit = .

__data_flash_readonly$$
                0x27000000        0x0
                0x27000000                        __data_flash_readonly$$Base = .
 *(.data_flash)
 *(.data_flash_code)
                0x27000000                        __data_flash_readonly$$Limit = .

__data_flash_noinit$$
                0x27000000        0x0
                0x27000000                        __data_flash_noinit$$Base = .
 *(.data_flash_noinit)
                0x27000000                        __data_flash_noinit$$Limit = .

.data_flash.endof
                0x27000000        0x0
                0x27000000                        __ddsc_DATA_FLASH_END = .

.flash.startof  0x02000000        0x0
                0x02000000                        __ddsc_FLASH_START = .

__flash_vectors$$
                0x02000000       0xc0
                0x02000000                        __flash_vectors$$Base = .
                0x02000000                        _VECTORS = .
 *(.fixed_vectors)
 .fixed_vectors
                0x02000000       0x40 ./ra/fsp/src/bsp/cmsis/Device/RENESAS/Source/startup.o
                0x02000000                __Vectors
 *(.application_vectors)
 .application_vectors
                0x02000040       0x80 ./ra_gen/vector_data.o
                0x02000040                g_vector_table
                0x020000c0                        __flash_vectors$$Limit = .

__flash_noinit$$
                0x020000c0        0x0
                0x020000c0                        __flash_noinit$$Base = .
 *(.flash_noinit)
                0x020000c0                        __flash_noinit$$Limit = .

__sdram_from_flash$$
                0x68000000        0x0 load address 0x020000c0
                0x68000000                        __sdram_from_flash$$Base = .
                0x020000c0                        __sdram_from_flash$$Load = LOADADDR (__sdram_from_flash$$)
 *(.sdram_from_flash)
 *(.sdram_code_from_flash)
                0x68000000                        __sdram_from_flash$$Limit = .

__sdram_noinit_nocache$$
                0x68000000        0x0 load address 0x020000c0
                0x68000000                        __sdram_noinit_nocache$$Base = .
 *(.bss.sdram_noinit)
 *(.sdram_noinit_nocache)
                0x68000000                        __sdram_noinit_nocache$$Limit = .

__sdram_zero_nocache$$
                0x68000000        0x0 load address 0x020000c0
                0x68000000                        __sdram_zero_nocache$$Base = .
 *(.sdram_nocache)
                0x68000000                        . = ALIGN (0x20)
                0x68000000                        __sdram_zero_nocache$$Limit = .

__sdram_noinit$$
                0x68000000     0x826c load address 0x020000c0
                0x68000000                        __sdram_noinit$$Base = .
 *(.sdram_noinit)
 .sdram_noinit  0x68000000     0x826c ./src/hal_entry.o
                0x6800826c                        __sdram_noinit$$Limit = .

__sdram_zero$$  0x6800826c        0x0 load address 0x020000c0
                0x6800826c                        __sdram_zero$$Base = .
 *(.sdram)
                0x6800826c                        __sdram_zero$$Limit = .

.sdram.endof    0x68008400        0x0
                0x68008400                        __ddsc_SDRAM_END = .

__ospi0_cs0_from_flash$$
                0x80000000        0x0 load address 0x020000c0
                0x80000000                        __ospi0_cs0_from_flash$$Base = .
                0x020000c0                        __ospi0_cs0_from_flash$$Load = LOADADDR (__ospi0_cs0_from_flash$$)
 *(.ospi0_cs0_from_flash)
 *(.ospi0_cs0_code_from_flash)
                0x80000000                        __ospi0_cs0_from_flash$$Limit = .

__ospi0_cs0_noinit_nocache$$
                0x80000000        0x0 load address 0x020000c0
                0x80000000                        __ospi0_cs0_noinit_nocache$$Base = .
 *(.ospi0_cs0_noinit_nocache)
                0x80000000                        __ospi0_cs0_noinit_nocache$$Limit = .

__ospi0_cs0_zero_nocache$$
                0x80000000        0x0 load address 0x020000c0
                0x80000000                        __ospi0_cs0_zero_nocache$$Base = .
 *(.ospi0_cs0_nocache)
                0x80000000                        . = ALIGN (0x20)
                0x80000000                        __ospi0_cs0_zero_nocache$$Limit = .

__ospi0_cs0_noinit$$
                0x80000000        0x0 load address 0x020000c0
                0x80000000                        __ospi0_cs0_noinit$$Base = .
 *(.ospi0_cs0_noinit)
                0x80000000                        __ospi0_cs0_noinit$$Limit = .

__ospi0_cs0_zero$$
                0x80000000        0x0 load address 0x020000c0
                0x80000000                        __ospi0_cs0_zero$$Base = .
 *(.ospi0_cs0)
                0x80000000                        __ospi0_cs0_zero$$Limit = .

.ospi0_cs0.endof
                0x80000000        0x0
                0x80000000                        __ddsc_OSPI0_CS0_END = .

__ospi1_cs0_from_flash$$
                0x70000000        0x0 load address 0x020000c0
                0x70000000                        __ospi1_cs0_from_flash$$Base = .
                0x020000c0                        __ospi1_cs0_from_flash$$Load = LOADADDR (__ospi1_cs0_from_flash$$)
 *(.ospi1_cs0_from_flash)
 *(.ospi1_cs0_code_from_flash)
                0x70000000                        __ospi1_cs0_from_flash$$Limit = .

__ospi1_cs0_noinit_nocache$$
                0x70000000        0x0 load address 0x020000c0
                0x70000000                        __ospi1_cs0_noinit_nocache$$Base = .
 *(.ospi1_cs0_noinit_nocache)
                0x70000000                        __ospi1_cs0_noinit_nocache$$Limit = .

__ospi1_cs0_zero_nocache$$
                0x70000000        0x0 load address 0x020000c0
                0x70000000                        __ospi1_cs0_zero_nocache$$Base = .
 *(.ospi1_cs0_nocache)
                0x70000000                        . = ALIGN (0x20)
                0x70000000                        __ospi1_cs0_zero_nocache$$Limit = .

__ospi1_cs0_noinit$$
                0x70000000        0x0 load address 0x020000c0
                0x70000000                        __ospi1_cs0_noinit$$Base = .
 *(.ospi1_cs0_noinit)
                0x70000000                        __ospi1_cs0_noinit$$Limit = .

__ospi1_cs0_zero$$
                0x70000000        0x0 load address 0x020000c0
                0x70000000                        __ospi1_cs0_zero$$Base = .
 *(.ospi1_cs0)
                0x70000000                        __ospi1_cs0_zero$$Limit = .

.ospi1_cs0.endof
                0x70000000        0x0
                0x70000000                        __ddsc_OSPI1_CS0_END = .

__itcm_from_flash$$
                0x00000000        0x0 load address 0x020000c0
                0x00000000                        __itcm_from_flash$$Base = .
                0x020000c0                        __itcm_from_flash$$Load = LOADADDR (__itcm_from_flash$$)
 *(.itcm_from_flash)
 *(.itcm_code_from_flash)
                0x00000000                        __itcm_from_flash$$Limit = .

__itcm_noinit$$
                0x00000000        0x0 load address 0x020000c0
                0x00000000                        __itcm_noinit$$Base = .
 *(.itcm_noinit)
                0x00000000                        __itcm_noinit$$Limit = .

__itcm_zero$$   0x00000000        0x0 load address 0x020000c0
                0x00000000                        __itcm_zero$$Base = .
 *(.itcm)
                0x00000000                        __itcm_zero$$Limit = .

.itcm.endof     0x00000000        0x0
                0x00000000                        __ddsc_ITCM_END = .

__dtcm_from_flash$$
                0x20000000        0x0 load address 0x020000c0
                0x20000000                        __dtcm_from_flash$$Base = .
                0x020000c0                        __dtcm_from_flash$$Load = LOADADDR (__dtcm_from_flash$$)
 *(.dtcm_from_flash)
 *(.dtcm_code_from_flash)
                0x20000000                        __dtcm_from_flash$$Limit = .

__dtcm_noinit$$
                0x20000000        0x0 load address 0x020000c0
                0x20000000                        __dtcm_noinit$$Base = .
 *(.dtcm_noinit)
                0x20000000                        __dtcm_noinit$$Limit = .

__dtcm_zero$$   0x20000000        0x0 load address 0x020000c0
                0x20000000                        __dtcm_zero$$Base = .
 *(.dtcm)
                0x20000000                        __dtcm_zero$$Limit = .

.dtcm.endof     0x20000000        0x0
                0x20000000                        __ddsc_DTCM_END = .

__ram_from_flash$$
                0x22000080      0x1f0 load address 0x020000c0
                0x22000080                        __ram_from_flash$$Base = .
                0x020000c0                        __ram_from_flash$$Load = LOADADDR (__ram_from_flash$$)
 *(.ram_from_flash)
 *(.ram_code_from_flash)
 *(.data*)
 .data.g_uart9_tx_done
                0x22000080        0x1 ./src/hal_entry.o
                0x22000080                g_uart9_tx_done
 *fill*         0x22000081        0x3 
 .data.g_uart9_baud_setting
                0x22000084        0x4 ./ra_gen/hal_data.o
                0x22000084                g_uart9_baud_setting
 *fill*         0x22000088        0x8 
 .data.g_transfer_rx_info
                0x22000090       0x10 ./ra_gen/hal_data.o
                0x22000090                g_transfer_rx_info
 .data.g_buf_ready_idx
                0x220000a0        0x4 ./code/inmp441.o
 .data.g_last_pred
                0x220000a4        0x4 ./code/voice_cmd.o
 .data.__sglue  0x220000a8        0xc C:/Renesas/RA/e2studio_v2025-12_fsp_v6.4.0/toolchains/gcc_arm/13.2.rel1/bin/../lib/gcc/arm-none-eabi/13.2.1/thumb/v8-m.main+dp/hard\libg_nano.a(libc_a-findfp.o)
                0x220000a8                __sglue
 .data._impure_ptr
                0x220000b4        0x4 C:/Renesas/RA/e2studio_v2025-12_fsp_v6.4.0/toolchains/gcc_arm/13.2.rel1/bin/../lib/gcc/arm-none-eabi/13.2.1/thumb/v8-m.main+dp/hard\libg_nano.a(libc_a-impure.o)
                0x220000b4                _impure_ptr
 .data._impure_data
                0x220000b8       0x4c C:/Renesas/RA/e2studio_v2025-12_fsp_v6.4.0/toolchains/gcc_arm/13.2.rel1/bin/../lib/gcc/arm-none-eabi/13.2.1/thumb/v8-m.main+dp/hard\libg_nano.a(libc_a-impure.o)
                0x220000b8                _impure_data
 .data.__global_locale
                0x22000104      0x16c C:/Renesas/RA/e2studio_v2025-12_fsp_v6.4.0/toolchains/gcc_arm/13.2.rel1/bin/../lib/gcc/arm-none-eabi/13.2.1/thumb/v8-m.main+dp/hard\libg_nano.a(libc_a-locale.o)
                0x22000104                __global_locale
 *(vtable)
                0x22000270                        __ram_from_flash$$Limit = .

.tm_clone_table
                0x22000270        0x0 load address 0x020002b0
 .tm_clone_table
                0x22000270        0x0 C:/Renesas/RA/e2studio_v2025-12_fsp_v6.4.0/toolchains/gcc_arm/13.2.rel1/bin/../lib/gcc/arm-none-eabi/13.2.1/thumb/v8-m.main+dp/hard/crtbegin.o
 .tm_clone_table
                0x22000270        0x0 C:/Renesas/RA/e2studio_v2025-12_fsp_v6.4.0/toolchains/gcc_arm/13.2.rel1/bin/../lib/gcc/arm-none-eabi/13.2.1/thumb/v8-m.main+dp/hard/crtend.o

.igot.plt       0x22000270        0x0 load address 0x020002b0
 .igot.plt      0x22000270        0x0 C:/Renesas/RA/e2studio_v2025-12_fsp_v6.4.0/toolchains/gcc_arm/13.2.rel1/bin/../lib/gcc/arm-none-eabi/13.2.1/thumb/v8-m.main+dp/hard/crtbegin.o

__ram_noinit_nocache$$
                0x22000280        0x0 load address 0x020002c0
                0x22000280                        __ram_noinit_nocache$$Base = .
 *(.ram_noinit_nocache)
                0x22000280                        __ram_noinit_nocache$$Limit = .

__ram_zero_nocache$$
                0x22000270       0x10 load address 0x020002b0
                0x22000270                        __ram_zero_nocache$$Base = .
 *(.ram_nocache)
                0x22000280                        . = ALIGN (0x20)
 *fill*         0x22000270       0x10 
                0x22000280                        __ram_zero_nocache$$Limit = .

__ram_noinit$$  0x22000280     0x602c load address 0x020002b0
                0x22000280                        __ram_noinit$$Base = .
 *(.bss.g_heap)
 .bss.g_heap    0x22000280     0x2000 ./ra/fsp/src/bsp/cmsis/Device/RENESAS/Source/startup.o
                0x22000280                g_heap
 *(.bss.g_main_stack)
 .bss.g_main_stack
                0x22002280     0x4000 ./ra/fsp/src/bsp/cmsis/Device/RENESAS/Source/startup.o
                0x22002280                g_main_stack
 *(.ram_noinit)
 .ram_noinit    0x22006280       0x2c ./ra/fsp/src/bsp/mcu/all/bsp_clocks.o
 *(.noinit)
                0x220062ac                        __ram_noinit$$Limit = .

__ram_zero$$    0x220062c0     0x5ddc load address 0x020002b0
                0x220062c0                        __ram_zero$$Base = .
 *(.ram)
 *(.bss*)
 .bss.completed.1
                0x220062c0        0x1 C:/Renesas/RA/e2studio_v2025-12_fsp_v6.4.0/toolchains/gcc_arm/13.2.rel1/bin/../lib/gcc/arm-none-eabi/13.2.1/thumb/v8-m.main+dp/hard/crtbegin.o
 *fill*         0x220062c1        0x3 
 .bss.object.0  0x220062c4       0x18 C:/Renesas/RA/e2studio_v2025-12_fsp_v6.4.0/toolchains/gcc_arm/13.2.rel1/bin/../lib/gcc/arm-none-eabi/13.2.1/thumb/v8-m.main+dp/hard/crtbegin.o
 .bss.g_record_trigger
                0x220062dc        0x1 ./src/hal_entry.o
 *fill*         0x220062dd        0x3 
 .bss.g_ioport_ctrl
                0x220062e0        0x8 ./ra_gen/common_data.o
                0x220062e0                g_ioport_ctrl
 .bss.g_uart9_ctrl
                0x220062e8       0x34 ./ra_gen/hal_data.o
                0x220062e8                g_uart9_ctrl
 .bss.g_timer_1ms_ctrl
                0x2200631c       0x20 ./ra_gen/hal_data.o
                0x2200631c                g_timer_1ms_ctrl
 .bss.g_timer1_ctrl
                0x2200633c       0x20 ./ra_gen/hal_data.o
                0x2200633c                g_timer1_ctrl
 .bss.g_i2s1_ctrl
                0x2200635c       0x2c ./ra_gen/hal_data.o
                0x2200635c                g_i2s1_ctrl
 .bss.g_transfer_rx_ctrl
                0x22006388        0x8 ./ra_gen/hal_data.o
                0x22006388                g_transfer_rx_ctrl
 .bss.g_dtc_state_initialized.0
                0x22006390        0x1 ./ra/fsp/src/r_dtc/r_dtc.o
 *fill*         0x22006391        0x7 
 .bss.g_bsp_group_irq_sources
                0x22006398       0x54 ./ra/fsp/src/bsp/mcu/all/bsp_group_irq.o
                0x22006398                g_bsp_group_irq_sources
 .bss.g_protect_pfswe_counter
                0x220063ec        0x4 ./ra/fsp/src/bsp/mcu/all/bsp_io.o
                0x220063ec                g_protect_pfswe_counter
 .bss.gp_renesas_isr_context
                0x220063f0       0x80 ./ra/fsp/src/bsp/mcu/all/bsp_irq.o
                0x220063f0                gp_renesas_isr_context
 .bss.g_protect_counters
                0x22006470        0xa ./ra/fsp/src/bsp/mcu/all/bsp_register_protection.o
                0x22006470                g_protect_counters
 *fill*         0x2200647a        0x2 
 .bss.current_block_offset.0
                0x2200647c        0x4 ./ra/fsp/src/bsp/mcu/all/bsp_sbrk.o
 .bss.SystemCoreClock
                0x22006480        0x4 ./ra/fsp/src/bsp/cmsis/Device/RENESAS/Source/system.o
                0x22006480                SystemCoreClock
 .bss.g_system_tick_ms
                0x22006484        0x4 ./code/PN532_hal.o
 .bss.dc_prev_y
                0x22006488        0x4 ./code/inmp441.o
 .bss.dc_prev_x
                0x2200648c        0x4 ./code/inmp441.o
 .bss.g_capture_running
                0x22006490        0x1 ./code/inmp441.o
 *fill*         0x22006491        0x3 
 .bss.g_audio_peak
                0x22006494        0x4 ./code/inmp441.o
 .bss.g_buf_active_idx
                0x22006498        0x4 ./code/inmp441.o
 *fill*         0x2200649c        0x4 
 .bss.g_audio_samples
                0x220064a0      0x400 ./code/inmp441.o
 .bss.g_raw_buf
                0x220068a0     0x2000 ./code/inmp441.o
 .bss.g_mfcc_frame
                0x220088a0       0x34 ./code/mfcc_engine.o
 *fill*         0x220088d4        0x4 
 .bss.g_mel_energies
                0x220088d8       0xa0 ./code/mfcc_engine.o
 .bss.g_mag_spectrum
                0x22008978      0x404 ./code/mfcc_engine.o
 *fill*         0x22008d7c        0x4 
 .bss.g_fft_im  0x22008d80      0x800 ./code/mfcc_engine.o
 .bss.g_fft_re  0x22009580      0x800 ./code/mfcc_engine.o
 .bss.g_ready   0x22009d80        0x1 ./code/mfcc_engine.o
 *fill*         0x22009d81        0x7 
 .bss.g_mfcc_features
                0x22009d88     0x1e78 ./code/mfcc_engine.o
 .bss.g_frame_count
                0x2200bc00        0x4 ./code/mfcc_engine.o
 .bss.g_frame_pos
                0x2200bc04        0x4 ./code/mfcc_engine.o
 .bss.g_frame_buffer
                0x2200bc08      0x344 ./code/mfcc_engine.o
 .bss.g_inference_done
                0x2200bf4c        0x1 ./code/voice_cmd.o
 *fill*         0x2200bf4d        0x3 
 .bss.__sf      0x2200bf50      0x138 C:/Renesas/RA/e2studio_v2025-12_fsp_v6.4.0/toolchains/gcc_arm/13.2.rel1/bin/../lib/gcc/arm-none-eabi/13.2.1/thumb/v8-m.main+dp/hard\libg_nano.a(libc_a-findfp.o)
                0x2200bf50                __sf
 .bss.__stdio_exit_handler
                0x2200c088        0x4 C:/Renesas/RA/e2studio_v2025-12_fsp_v6.4.0/toolchains/gcc_arm/13.2.rel1/bin/../lib/gcc/arm-none-eabi/13.2.1/thumb/v8-m.main+dp/hard\libg_nano.a(libc_a-findfp.o)
                0x2200c088                __stdio_exit_handler
 .bss.errno     0x2200c08c        0x4 C:/Renesas/RA/e2studio_v2025-12_fsp_v6.4.0/toolchains/gcc_arm/13.2.rel1/bin/../lib/gcc/arm-none-eabi/13.2.1/thumb/v8-m.main+dp/hard\libg_nano.a(libc_a-reent.o)
                0x2200c08c                errno
 .bss.__lock___malloc_recursive_mutex
                0x2200c090        0x1 C:/Renesas/RA/e2studio_v2025-12_fsp_v6.4.0/toolchains/gcc_arm/13.2.rel1/bin/../lib/gcc/arm-none-eabi/13.2.1/thumb/v8-m.main+dp/hard\libg_nano.a(libc_a-lock.o)
                0x2200c090                __lock___malloc_recursive_mutex
 .bss.__lock___sfp_recursive_mutex
                0x2200c091        0x1 C:/Renesas/RA/e2studio_v2025-12_fsp_v6.4.0/toolchains/gcc_arm/13.2.rel1/bin/../lib/gcc/arm-none-eabi/13.2.1/thumb/v8-m.main+dp/hard\libg_nano.a(libc_a-lock.o)
                0x2200c091                __lock___sfp_recursive_mutex
 *fill*         0x2200c092        0x2 
 .bss.__malloc_sbrk_start
                0x2200c094        0x4 C:/Renesas/RA/e2studio_v2025-12_fsp_v6.4.0/toolchains/gcc_arm/13.2.rel1/bin/../lib/gcc/arm-none-eabi/13.2.1/thumb/v8-m.main+dp/hard\libg_nano.a(libc_a-mallocr.o)
                0x2200c094                __malloc_sbrk_start
 .bss.__malloc_free_list
                0x2200c098        0x4 C:/Renesas/RA/e2studio_v2025-12_fsp_v6.4.0/toolchains/gcc_arm/13.2.rel1/bin/../lib/gcc/arm-none-eabi/13.2.1/thumb/v8-m.main+dp/hard\libg_nano.a(libc_a-mallocr.o)
                0x2200c098                __malloc_free_list
                0x2200c09c                        __ram_zero$$Limit = .

__ram_thread_stack$$
                0x2200c0a0        0x0 load address 0x020002b0
                0x2200c0a0                        __ram_thread_stack$$Base = .
 *(.stack?*)
                0x2200c0a0                        __ram_thread_stack$$Limit = .

.ram.endof      0x2200c200        0x0
                0x2200c200                        __ddsc_RAM_END = .

.ram.flat_nsc   0x2200c200        0x0
                0x2200c200                        __ddsc_RAM_NSC = .

__flash_readonly$$
                0x020002b0    0x14ad8
                0x020002b0                        __flash_readonly$$Base = .
 *(.flash)
 *(.flash_code)
 *(.text*)
 .text.deregister_tm_clones
                0x020002b0       0x1c C:/Renesas/RA/e2studio_v2025-12_fsp_v6.4.0/toolchains/gcc_arm/13.2.rel1/bin/../lib/gcc/arm-none-eabi/13.2.1/thumb/v8-m.main+dp/hard/crtbegin.o
 .text.register_tm_clones
                0x020002cc       0x28 C:/Renesas/RA/e2studio_v2025-12_fsp_v6.4.0/toolchains/gcc_arm/13.2.rel1/bin/../lib/gcc/arm-none-eabi/13.2.1/thumb/v8-m.main+dp/hard/crtbegin.o
 .text.__do_global_dtors_aux
                0x020002f4       0x28 C:/Renesas/RA/e2studio_v2025-12_fsp_v6.4.0/toolchains/gcc_arm/13.2.rel1/bin/../lib/gcc/arm-none-eabi/13.2.1/thumb/v8-m.main+dp/hard/crtbegin.o
 .text.frame_dummy
                0x0200031c       0x24 C:/Renesas/RA/e2studio_v2025-12_fsp_v6.4.0/toolchains/gcc_arm/13.2.rel1/bin/../lib/gcc/arm-none-eabi/13.2.1/thumb/v8-m.main+dp/hard/crtbegin.o
 .text.timer_1ms_callback
                0x02000340        0xc ./src/hal_entry.o
                0x02000340                timer_1ms_callback
 .text.user_uart9_callback
                0x0200034c       0x14 ./src/hal_entry.o
                0x0200034c                user_uart9_callback
 .text._write   0x02000360       0x3c ./src/hal_entry.o
                0x02000360                _write
 .text.hal_entry
                0x0200039c      0x2dc ./src/hal_entry.o
                0x0200039c                hal_entry
 .text.R_BSP_WarmStart
                0x02000678       0x24 ./src/hal_warmstart.o
                0x02000678                R_BSP_WarmStart
 .text.startup.main
                0x0200069c        0xc ./ra_gen/main.o
                0x0200069c                main
 .text.R_SSI_Mute
                0x020006a8       0x10 ./ra/fsp/src/r_ssi/r_ssi.o
                0x020006a8                R_SSI_Mute
 .text.R_SSI_StatusGet
                0x020006b8       0x10 ./ra/fsp/src/r_ssi/r_ssi.o
                0x020006b8                R_SSI_StatusGet
 .text.R_SSI_CallbackSet
                0x020006c8       0x10 ./ra/fsp/src/r_ssi/r_ssi.o
                0x020006c8                R_SSI_CallbackSet
 .text.r_ssi_stop_sub
                0x020006d8       0x54 ./ra/fsp/src/r_ssi/r_ssi.o
 .text.R_SSI_Stop
                0x0200072c        0xc ./ra/fsp/src/r_ssi/r_ssi.o
                0x0200072c                R_SSI_Stop
 .text.r_ssi_start
                0x02000738       0x5c ./ra/fsp/src/r_ssi/r_ssi.o
 .text.r_ssi_fifo_read
                0x02000794       0xdc ./ra/fsp/src/r_ssi/r_ssi.o
 .text.r_ssi_call_callback
                0x02000870       0x38 ./ra/fsp/src/r_ssi/r_ssi.o
 .text.R_SSI_Close
                0x020008a8       0xcc ./ra/fsp/src/r_ssi/r_ssi.o
                0x020008a8                R_SSI_Close
 .text.R_SSI_Open
                0x02000974      0x26c ./ra/fsp/src/r_ssi/r_ssi.o
                0x02000974                R_SSI_Open
 .text.R_SSI_Write
                0x02000be0       0x44 ./ra/fsp/src/r_ssi/r_ssi.o
                0x02000be0                R_SSI_Write
 .text.R_SSI_Read
                0x02000c24       0x54 ./ra/fsp/src/r_ssi/r_ssi.o
                0x02000c24                R_SSI_Read
 .text.r_ssi_rx_unload_fifo
                0x02000c78       0x40 ./ra/fsp/src/r_ssi/r_ssi.o
                0x02000c78                r_ssi_rx_unload_fifo
 .text.R_SSI_WriteRead
                0x02000cb8       0x60 ./ra/fsp/src/r_ssi/r_ssi.o
                0x02000cb8                R_SSI_WriteRead
 .text.ssi_rxi_isr
                0x02000d18       0x48 ./ra/fsp/src/r_ssi/r_ssi.o
                0x02000d18                ssi_rxi_isr
 .text.ssi_int_isr
                0x02000d60       0x58 ./ra/fsp/src/r_ssi/r_ssi.o
                0x02000d60                ssi_int_isr
 .text.R_SCI_B_UART_Read
                0x02000db8        0xc ./ra/fsp/src/r_sci_b_uart/r_sci_b_uart.o
                0x02000db8                R_SCI_B_UART_Read
 .text.R_SCI_B_UART_Write
                0x02000dc4       0x40 ./ra/fsp/src/r_sci_b_uart/r_sci_b_uart.o
                0x02000dc4                R_SCI_B_UART_Write
 .text.R_SCI_B_UART_CallbackSet
                0x02000e04       0x10 ./ra/fsp/src/r_sci_b_uart/r_sci_b_uart.o
                0x02000e04                R_SCI_B_UART_CallbackSet
 .text.R_SCI_B_UART_InfoGet
                0x02000e14        0xc ./ra/fsp/src/r_sci_b_uart/r_sci_b_uart.o
                0x02000e14                R_SCI_B_UART_InfoGet
 .text.R_SCI_B_UART_Abort
                0x02000e20       0x48 ./ra/fsp/src/r_sci_b_uart/r_sci_b_uart.o
                0x02000e20                R_SCI_B_UART_Abort
 .text.R_SCI_B_UART_ReadStop
                0x02000e68       0x14 ./ra/fsp/src/r_sci_b_uart/r_sci_b_uart.o
                0x02000e68                R_SCI_B_UART_ReadStop
 .text.R_SCI_B_UART_ReceiveSuspend
                0x02000e7c        0x4 ./ra/fsp/src/r_sci_b_uart/r_sci_b_uart.o
                0x02000e7c                R_SCI_B_UART_ReceiveSuspend
 .text.r_sci_b_irq_cfg
                0x02000e80       0x70 ./ra/fsp/src/r_sci_b_uart/r_sci_b_uart.o
 .text.r_sci_b_uart_call_callback
                0x02000ef0       0x44 ./ra/fsp/src/r_sci_b_uart/r_sci_b_uart.o
 .text.R_SCI_B_UART_Close
                0x02000f34       0xf4 ./ra/fsp/src/r_sci_b_uart/r_sci_b_uart.o
                0x02000f34                R_SCI_B_UART_Close
 .text.r_sci_b_uart_synchronization_delay_cfg.constprop.0
                0x02001028       0x7c ./ra/fsp/src/r_sci_b_uart/r_sci_b_uart.o
 .text.R_SCI_B_UART_BaudSet
                0x020010a4       0x30 ./ra/fsp/src/r_sci_b_uart/r_sci_b_uart.o
                0x020010a4                R_SCI_B_UART_BaudSet
 .text.R_SCI_B_UART_ReceiveResume
                0x020010d4        0x4 ./ra/fsp/src/r_sci_b_uart/r_sci_b_uart.o
                0x020010d4                R_SCI_B_UART_ReceiveResume
 .text.R_SCI_B_UART_Open
                0x020010d8      0x288 ./ra/fsp/src/r_sci_b_uart/r_sci_b_uart.o
                0x020010d8                R_SCI_B_UART_Open
 .text.sci_b_uart_txi_isr
                0x02001360       0xa8 ./ra/fsp/src/r_sci_b_uart/r_sci_b_uart.o
                0x02001360                sci_b_uart_txi_isr
 .text.sci_b_uart_rxi_isr
                0x02001408       0x90 ./ra/fsp/src/r_sci_b_uart/r_sci_b_uart.o
                0x02001408                sci_b_uart_rxi_isr
 .text.sci_b_uart_tei_isr
                0x02001498       0x4c ./ra/fsp/src/r_sci_b_uart/r_sci_b_uart.o
                0x02001498                sci_b_uart_tei_isr
 .text.sci_b_uart_eri_isr
                0x020014e4       0x84 ./ra/fsp/src/r_sci_b_uart/r_sci_b_uart.o
                0x020014e4                sci_b_uart_eri_isr
 .text.bsp_vbatt_init
                0x02001568       0xec ./ra/fsp/src/r_ioport/r_ioport.o
 .text.r_ioport_pins_config
                0x02001654       0xac ./ra/fsp/src/r_ioport/r_ioport.o
 .text.R_IOPORT_Open
                0x02001700       0x14 ./ra/fsp/src/r_ioport/r_ioport.o
                0x02001700                R_IOPORT_Open
 .text.iic_master_notify
                0x02001714       0x3c ./ra/fsp/src/r_iic_master/r_iic_master.o
 .text.iic_master_open_hw_master
                0x02001750      0x238 ./ra/fsp/src/r_iic_master/r_iic_master.o
 .text.iic_master_rxi_isr
                0x02001988      0x194 ./ra/fsp/src/r_iic_master/r_iic_master.o
                0x02001988                iic_master_rxi_isr
 .text.iic_master_txi_isr
                0x02001b1c      0x124 ./ra/fsp/src/r_iic_master/r_iic_master.o
                0x02001b1c                iic_master_txi_isr
 .text.iic_master_tei_isr
                0x02001c40       0xe4 ./ra/fsp/src/r_iic_master/r_iic_master.o
                0x02001c40                iic_master_tei_isr
 .text.iic_master_eri_isr
                0x02001d24      0x14c ./ra/fsp/src/r_iic_master/r_iic_master.o
                0x02001d24                iic_master_eri_isr
 .text.R_GPT_Stop
                0x02001e70        0xc ./ra/fsp/src/r_gpt/r_gpt.o
                0x02001e70                R_GPT_Stop
 .text.R_GPT_Start
                0x02001e7c        0xc ./ra/fsp/src/r_gpt/r_gpt.o
                0x02001e7c                R_GPT_Start
 .text.R_GPT_Reset
                0x02001e88        0xc ./ra/fsp/src/r_gpt/r_gpt.o
                0x02001e88                R_GPT_Reset
 .text.R_GPT_Enable
                0x02001e94       0x38 ./ra/fsp/src/r_gpt/r_gpt.o
                0x02001e94                R_GPT_Enable
 .text.R_GPT_Disable
                0x02001ecc       0x28 ./ra/fsp/src/r_gpt/r_gpt.o
                0x02001ecc                R_GPT_Disable
 .text.R_GPT_PeriodSet
                0x02001ef4       0x34 ./ra/fsp/src/r_gpt/r_gpt.o
                0x02001ef4                R_GPT_PeriodSet
 .text.R_GPT_CompareMatchSet
                0x02001f28       0x20 ./ra/fsp/src/r_gpt/r_gpt.o
                0x02001f28                R_GPT_CompareMatchSet
 .text.R_GPT_StatusGet
                0x02001f48       0x18 ./ra/fsp/src/r_gpt/r_gpt.o
                0x02001f48                R_GPT_StatusGet
 .text.R_GPT_CallbackSet
                0x02001f60       0x10 ./ra/fsp/src/r_gpt/r_gpt.o
                0x02001f60                R_GPT_CallbackSet
 .text.r_gpt_call_callback
                0x02001f70       0x3c ./ra/fsp/src/r_gpt/r_gpt.o
 .text.gpt_calculate_duty_cycle.isra.0
                0x02001fac       0x64 ./ra/fsp/src/r_gpt/r_gpt.o
 .text.R_GPT_DutyCycleSet
                0x02002010       0xe8 ./ra/fsp/src/r_gpt/r_gpt.o
                0x02002010                R_GPT_DutyCycleSet
 .text.R_GPT_InfoGet
                0x020020f8       0x88 ./ra/fsp/src/r_gpt/r_gpt.o
                0x020020f8                R_GPT_InfoGet
 .text.R_GPT_Close
                0x02002180      0x158 ./ra/fsp/src/r_gpt/r_gpt.o
                0x02002180                R_GPT_Close
 .text.R_GPT_Open
                0x020022d8      0x564 ./ra/fsp/src/r_gpt/r_gpt.o
                0x020022d8                R_GPT_Open
 .text.gpt_counter_overflow_isr
                0x0200283c      0x204 ./ra/fsp/src/r_gpt/r_gpt.o
                0x0200283c                gpt_counter_overflow_isr
 .text.R_DTC_Reset
                0x02002a40       0x90 ./ra/fsp/src/r_dtc/r_dtc.o
                0x02002a40                R_DTC_Reset
 .text.R_DTC_SoftwareStart
                0x02002ad0        0x4 ./ra/fsp/src/r_dtc/r_dtc.o
                0x02002ad0                R_DTC_SoftwareStart
 .text.R_DTC_SoftwareStop
                0x02002ad4        0x4 ./ra/fsp/src/r_dtc/r_dtc.o
                0x02002ad4                R_DTC_SoftwareStop
 .text.R_DTC_Enable
                0x02002ad8       0x20 ./ra/fsp/src/r_dtc/r_dtc.o
                0x02002ad8                R_DTC_Enable
 .text.R_DTC_Disable
                0x02002af8       0x20 ./ra/fsp/src/r_dtc/r_dtc.o
                0x02002af8                R_DTC_Disable
 .text.R_DTC_InfoGet
                0x02002b18       0x54 ./ra/fsp/src/r_dtc/r_dtc.o
                0x02002b18                R_DTC_InfoGet
 .text.R_DTC_Reload
                0x02002b6c        0x4 ./ra/fsp/src/r_dtc/r_dtc.o
                0x02002b6c                R_DTC_Reload
 .text.R_DTC_CallbackSet
                0x02002b70        0x4 ./ra/fsp/src/r_dtc/r_dtc.o
                0x02002b70                R_DTC_CallbackSet
 .text.R_DTC_Close
                0x02002b74       0x30 ./ra/fsp/src/r_dtc/r_dtc.o
                0x02002b74                R_DTC_Close
 .text.R_DTC_Reconfigure
                0x02002ba4       0x8c ./ra/fsp/src/r_dtc/r_dtc.o
                0x02002ba4                R_DTC_Reconfigure
 .text.R_DTC_Open
                0x02002c30       0xc8 ./ra/fsp/src/r_dtc/r_dtc.o
                0x02002c30                R_DTC_Open
 .text.ceu_isr  0x02002cf8       0x9c ./ra/fsp/src/r_ceu/r_ceu.o
                0x02002cf8                ceu_isr
 .text.SystemCoreClockUpdate
                0x02002d94       0x88 ./ra/fsp/src/bsp/mcu/all/bsp_clocks.o
                0x02002d94                SystemCoreClockUpdate
 .text.R_BSP_SubClockStabilizeWaitAfterReset
                0x02002e1c        0x4 ./ra/fsp/src/bsp/mcu/all/bsp_clocks.o
                0x02002e1c                R_BSP_SubClockStabilizeWaitAfterReset
 .text.bsp_clock_init
                0x02002e20      0x26c ./ra/fsp/src/bsp/mcu/all/bsp_clocks.o
                0x02002e20                bsp_clock_init
 .text.R_BSP_SourceClockHzGet
                0x0200308c        0xc ./ra/fsp/src/bsp/mcu/all/bsp_clocks.o
                0x0200308c                R_BSP_SourceClockHzGet
 .text.R_BSP_Init_RTC
                0x02003098       0xb0 ./ra/fsp/src/bsp/mcu/all/bsp_clocks.o
                0x02003098                R_BSP_Init_RTC
 .text.bsp_init_internal
                0x02003148        0x4 ./ra/fsp/src/bsp/mcu/all/bsp_common.o
                0x02003148                bsp_init_internal
                0x02003148                bsp_init
 .text.__assert_func
                0x0200314c        0x4 ./ra/fsp/src/bsp/mcu/all/bsp_common.o
                0x0200314c                __assert_func
 .text.bsp_prv_software_delay_loop
                0x02003150        0xc ./ra/fsp/src/bsp/mcu/all/bsp_delay.o
                0x02003150                bsp_prv_software_delay_loop
 .text.R_BSP_SoftwareDelay
                0x0200315c       0x88 ./ra/fsp/src/bsp/mcu/all/bsp_delay.o
                0x0200315c                R_BSP_SoftwareDelay
 .text.NMI_Handler
                0x020031e4       0x44 ./ra/fsp/src/bsp/mcu/all/bsp_group_irq.o
                0x020031e4                NMI_Handler
 .text.bsp_irq_cfg
                0x02003228       0x2c ./ra/fsp/src/bsp/mcu/all/bsp_irq.o
                0x02003228                bsp_irq_cfg
 .text.R_BSP_RegisterProtectEnable
                0x02003254       0x60 ./ra/fsp/src/bsp/mcu/all/bsp_register_protection.o
                0x02003254                R_BSP_RegisterProtectEnable
 .text.R_BSP_RegisterProtectDisable
                0x020032b4       0x54 ./ra/fsp/src/bsp/mcu/all/bsp_register_protection.o
                0x020032b4                R_BSP_RegisterProtectDisable
 .text._sbrk    0x02003308       0x30 ./ra/fsp/src/bsp/mcu/all/bsp_sbrk.o
                0x02003308                _sbrk
 .text.R_BSP_SdramInit
                0x02003338       0xd4 ./ra/fsp/src/bsp/mcu/all/bsp_sdram.o
                0x02003338                R_BSP_SdramInit
 .text.Default_Handler
                0x0200340c        0x4 ./ra/fsp/src/bsp/cmsis/Device/RENESAS/Source/startup.o
                0x0200340c                DebugMon_Handler
                0x0200340c                HardFault_Handler
                0x0200340c                SysTick_Handler
                0x0200340c                PendSV_Handler
                0x0200340c                UsageFault_Handler
                0x0200340c                SecureFault_Handler
                0x0200340c                Default_Handler
                0x0200340c                MemManage_Handler
                0x0200340c                SVC_Handler
                0x0200340c                BusFault_Handler
 .text.Reset_Handler
                0x02003410        0xc ./ra/fsp/src/bsp/cmsis/Device/RENESAS/Source/startup.o
                0x02003410                Reset_Handler
 .text.SystemRuntimeInit
                0x0200341c       0x64 ./ra/fsp/src/bsp/cmsis/Device/RENESAS/Source/system.o
 .text.SystemInit
                0x02003480      0x23c ./ra/fsp/src/bsp/cmsis/Device/RENESAS/Source/system.o
                0x02003480                SystemInit
 .text.g_system_tick
                0x020036bc       0x10 ./code/PN532_hal.o
                0x020036bc                g_system_tick
 .text.i2s1_callback
                0x020036cc       0x88 ./code/inmp441.o
                0x020036cc                i2s1_callback
 .text.inmp441_init
                0x02003754      0x100 ./code/inmp441.o
                0x02003754                inmp441_init
 .text.inmp441_get_buffer
                0x02003854       0xb4 ./code/inmp441.o
                0x02003854                inmp441_get_buffer
 .text.mfcc_engine_init
                0x02003908       0x40 ./code/mfcc_engine.o
                0x02003908                mfcc_engine_init
 .text.mfcc_engine_feed
                0x02003948      0x3a8 ./code/mfcc_engine.o
                0x02003948                mfcc_engine_feed
 .text.mfcc_engine_ready
                0x02003cf0        0xc ./code/mfcc_engine.o
                0x02003cf0                mfcc_engine_ready
 .text.mfcc_engine_get_features
                0x02003cfc       0x14 ./code/mfcc_engine.o
                0x02003cfc                mfcc_engine_get_features
 .text.voice_cmd_init
                0x02003d10       0x18 ./code/voice_cmd.o
                0x02003d10                voice_cmd_init
 .text.voice_cmd_predict
                0x02003d28       0xc0 ./code/voice_cmd.o
                0x02003d28                voice_cmd_predict
 .text.__cvt    0x02003de8       0xa8 C:/Renesas/RA/e2studio_v2025-12_fsp_v6.4.0/toolchains/gcc_arm/13.2.rel1/bin/../lib/gcc/arm-none-eabi/13.2.1/thumb/v8-m.main+dp/hard\libg_nano.a(libc_a-nano-vfprintf_float.o)
                0x02003de8                __cvt
 .text.__exponent
                0x02003e90       0x72 C:/Renesas/RA/e2studio_v2025-12_fsp_v6.4.0/toolchains/gcc_arm/13.2.rel1/bin/../lib/gcc/arm-none-eabi/13.2.1/thumb/v8-m.main+dp/hard\libg_nano.a(libc_a-nano-vfprintf_float.o)
                0x02003e90                __exponent
 *fill*         0x02003f02        0x6 
 .text._printf_float
                0x02003f08      0x434 C:/Renesas/RA/e2studio_v2025-12_fsp_v6.4.0/toolchains/gcc_arm/13.2.rel1/bin/../lib/gcc/arm-none-eabi/13.2.1/thumb/v8-m.main+dp/hard\libg_nano.a(libc_a-nano-vfprintf_float.o)
                0x02003f08                _printf_float
 .text._printf_common
                0x0200433c       0xe4 C:/Renesas/RA/e2studio_v2025-12_fsp_v6.4.0/toolchains/gcc_arm/13.2.rel1/bin/../lib/gcc/arm-none-eabi/13.2.1/thumb/v8-m.main+dp/hard\libg_nano.a(libc_a-nano-vfprintf_i.o)
                0x0200433c                _printf_common
 .text._printf_i
                0x02004420      0x23c C:/Renesas/RA/e2studio_v2025-12_fsp_v6.4.0/toolchains/gcc_arm/13.2.rel1/bin/../lib/gcc/arm-none-eabi/13.2.1/thumb/v8-m.main+dp/hard\libg_nano.a(libc_a-nano-vfprintf_i.o)
                0x02004420                _printf_i
 .text.std      0x0200465c       0x6c C:/Renesas/RA/e2studio_v2025-12_fsp_v6.4.0/toolchains/gcc_arm/13.2.rel1/bin/../lib/gcc/arm-none-eabi/13.2.1/thumb/v8-m.main+dp/hard\libg_nano.a(libc_a-findfp.o)
 .text.stdio_exit_handler
                0x020046c8       0x18 C:/Renesas/RA/e2studio_v2025-12_fsp_v6.4.0/toolchains/gcc_arm/13.2.rel1/bin/../lib/gcc/arm-none-eabi/13.2.1/thumb/v8-m.main+dp/hard\libg_nano.a(libc_a-findfp.o)
 .text.cleanup_stdio
                0x020046e0       0x40 C:/Renesas/RA/e2studio_v2025-12_fsp_v6.4.0/toolchains/gcc_arm/13.2.rel1/bin/../lib/gcc/arm-none-eabi/13.2.1/thumb/v8-m.main+dp/hard\libg_nano.a(libc_a-findfp.o)
 .text.global_stdio_init.part.0
                0x02004720       0x3c C:/Renesas/RA/e2studio_v2025-12_fsp_v6.4.0/toolchains/gcc_arm/13.2.rel1/bin/../lib/gcc/arm-none-eabi/13.2.1/thumb/v8-m.main+dp/hard\libg_nano.a(libc_a-findfp.o)
 .text.__sfp_lock_acquire
                0x0200475c        0xc C:/Renesas/RA/e2studio_v2025-12_fsp_v6.4.0/toolchains/gcc_arm/13.2.rel1/bin/../lib/gcc/arm-none-eabi/13.2.1/thumb/v8-m.main+dp/hard\libg_nano.a(libc_a-findfp.o)
                0x0200475c                __sfp_lock_acquire
 .text.__sfp_lock_release
                0x02004768        0xc C:/Renesas/RA/e2studio_v2025-12_fsp_v6.4.0/toolchains/gcc_arm/13.2.rel1/bin/../lib/gcc/arm-none-eabi/13.2.1/thumb/v8-m.main+dp/hard\libg_nano.a(libc_a-findfp.o)
                0x02004768                __sfp_lock_release
 .text.__sinit  0x02004774       0x30 C:/Renesas/RA/e2studio_v2025-12_fsp_v6.4.0/toolchains/gcc_arm/13.2.rel1/bin/../lib/gcc/arm-none-eabi/13.2.1/thumb/v8-m.main+dp/hard\libg_nano.a(libc_a-findfp.o)
                0x02004774                __sinit
 .text._fwalk_sglue
                0x020047a4       0x3c C:/Renesas/RA/e2studio_v2025-12_fsp_v6.4.0/toolchains/gcc_arm/13.2.rel1/bin/../lib/gcc/arm-none-eabi/13.2.1/thumb/v8-m.main+dp/hard\libg_nano.a(libc_a-fwalk.o)
                0x020047a4                _fwalk_sglue
 .text.printf   0x020047e0       0x24 C:/Renesas/RA/e2studio_v2025-12_fsp_v6.4.0/toolchains/gcc_arm/13.2.rel1/bin/../lib/gcc/arm-none-eabi/13.2.1/thumb/v8-m.main+dp/hard\libg_nano.a(libc_a-printf.o)
                0x020047e0                iprintf
                0x020047e0                printf
 .text.putchar  0x02004804       0x10 C:/Renesas/RA/e2studio_v2025-12_fsp_v6.4.0/toolchains/gcc_arm/13.2.rel1/bin/../lib/gcc/arm-none-eabi/13.2.1/thumb/v8-m.main+dp/hard\libg_nano.a(libc_a-putchar.o)
                0x02004804                putchar
 .text._puts_r  0x02004814       0xaa C:/Renesas/RA/e2studio_v2025-12_fsp_v6.4.0/toolchains/gcc_arm/13.2.rel1/bin/../lib/gcc/arm-none-eabi/13.2.1/thumb/v8-m.main+dp/hard\libg_nano.a(libc_a-puts.o)
                0x02004814                _puts_r
 *fill*         0x020048be        0x2 
 .text.puts     0x020048c0       0x10 C:/Renesas/RA/e2studio_v2025-12_fsp_v6.4.0/toolchains/gcc_arm/13.2.rel1/bin/../lib/gcc/arm-none-eabi/13.2.1/thumb/v8-m.main+dp/hard\libg_nano.a(libc_a-puts.o)
                0x020048c0                puts
 .text.__sread  0x020048d0       0x22 C:/Renesas/RA/e2studio_v2025-12_fsp_v6.4.0/toolchains/gcc_arm/13.2.rel1/bin/../lib/gcc/arm-none-eabi/13.2.1/thumb/v8-m.main+dp/hard\libg_nano.a(libc_a-stdio.o)
                0x020048d0                __sread
 .text.__swrite
                0x020048f2       0x38 C:/Renesas/RA/e2studio_v2025-12_fsp_v6.4.0/toolchains/gcc_arm/13.2.rel1/bin/../lib/gcc/arm-none-eabi/13.2.1/thumb/v8-m.main+dp/hard\libg_nano.a(libc_a-stdio.o)
                0x020048f2                __swrite
 .text.__sseek  0x0200492a       0x24 C:/Renesas/RA/e2studio_v2025-12_fsp_v6.4.0/toolchains/gcc_arm/13.2.rel1/bin/../lib/gcc/arm-none-eabi/13.2.1/thumb/v8-m.main+dp/hard\libg_nano.a(libc_a-stdio.o)
                0x0200492a                __sseek
 .text.__sclose
                0x0200494e        0x8 C:/Renesas/RA/e2studio_v2025-12_fsp_v6.4.0/toolchains/gcc_arm/13.2.rel1/bin/../lib/gcc/arm-none-eabi/13.2.1/thumb/v8-m.main+dp/hard\libg_nano.a(libc_a-stdio.o)
                0x0200494e                __sclose
 .text.__swbuf_r
                0x02004956       0x7c C:/Renesas/RA/e2studio_v2025-12_fsp_v6.4.0/toolchains/gcc_arm/13.2.rel1/bin/../lib/gcc/arm-none-eabi/13.2.1/thumb/v8-m.main+dp/hard\libg_nano.a(libc_a-wbuf.o)
                0x02004956                __swbuf_r
 *fill*         0x020049d2        0x2 
 .text.__swsetup_r
                0x020049d4       0xac C:/Renesas/RA/e2studio_v2025-12_fsp_v6.4.0/toolchains/gcc_arm/13.2.rel1/bin/../lib/gcc/arm-none-eabi/13.2.1/thumb/v8-m.main+dp/hard\libg_nano.a(libc_a-wsetup.o)
                0x020049d4                __swsetup_r
 .text.memmove  0x02004a80       0x34 C:/Renesas/RA/e2studio_v2025-12_fsp_v6.4.0/toolchains/gcc_arm/13.2.rel1/bin/../lib/gcc/arm-none-eabi/13.2.1/thumb/v8-m.main+dp/hard\libg_nano.a(libc_a-memmove.o)
                0x02004a80                memmove
 .text.memset   0x02004ab4       0x10 C:/Renesas/RA/e2studio_v2025-12_fsp_v6.4.0/toolchains/gcc_arm/13.2.rel1/bin/../lib/gcc/arm-none-eabi/13.2.1/thumb/v8-m.main+dp/hard\libg_nano.a(libc_a-memset.o)
                0x02004ab4                memset
 .text._localeconv_r
                0x02004ac4        0x8 C:/Renesas/RA/e2studio_v2025-12_fsp_v6.4.0/toolchains/gcc_arm/13.2.rel1/bin/../lib/gcc/arm-none-eabi/13.2.1/thumb/v8-m.main+dp/hard\libg_nano.a(libc_a-localeconv.o)
                0x02004ac4                _localeconv_r
 .text._close_r
                0x02004acc       0x20 C:/Renesas/RA/e2studio_v2025-12_fsp_v6.4.0/toolchains/gcc_arm/13.2.rel1/bin/../lib/gcc/arm-none-eabi/13.2.1/thumb/v8-m.main+dp/hard\libg_nano.a(libc_a-closer.o)
                0x02004acc                _close_r
 .text._lseek_r
                0x02004aec       0x24 C:/Renesas/RA/e2studio_v2025-12_fsp_v6.4.0/toolchains/gcc_arm/13.2.rel1/bin/../lib/gcc/arm-none-eabi/13.2.1/thumb/v8-m.main+dp/hard\libg_nano.a(libc_a-lseekr.o)
                0x02004aec                _lseek_r
 .text._read_r  0x02004b10       0x24 C:/Renesas/RA/e2studio_v2025-12_fsp_v6.4.0/toolchains/gcc_arm/13.2.rel1/bin/../lib/gcc/arm-none-eabi/13.2.1/thumb/v8-m.main+dp/hard\libg_nano.a(libc_a-readr.o)
                0x02004b10                _read_r
 .text._write_r
                0x02004b34       0x24 C:/Renesas/RA/e2studio_v2025-12_fsp_v6.4.0/toolchains/gcc_arm/13.2.rel1/bin/../lib/gcc/arm-none-eabi/13.2.1/thumb/v8-m.main+dp/hard\libg_nano.a(libc_a-writer.o)
                0x02004b34                _write_r
 .text.__errno  0x02004b58        0xc C:/Renesas/RA/e2studio_v2025-12_fsp_v6.4.0/toolchains/gcc_arm/13.2.rel1/bin/../lib/gcc/arm-none-eabi/13.2.1/thumb/v8-m.main+dp/hard\libg_nano.a(libc_a-errno.o)
                0x02004b58                __errno
 .text.__retarget_lock_init_recursive
                0x02004b64        0x2 C:/Renesas/RA/e2studio_v2025-12_fsp_v6.4.0/toolchains/gcc_arm/13.2.rel1/bin/../lib/gcc/arm-none-eabi/13.2.1/thumb/v8-m.main+dp/hard\libg_nano.a(libc_a-lock.o)
                0x02004b64                __retarget_lock_init_recursive
 .text.__retarget_lock_acquire_recursive
                0x02004b66        0x2 C:/Renesas/RA/e2studio_v2025-12_fsp_v6.4.0/toolchains/gcc_arm/13.2.rel1/bin/../lib/gcc/arm-none-eabi/13.2.1/thumb/v8-m.main+dp/hard\libg_nano.a(libc_a-lock.o)
                0x02004b66                __retarget_lock_acquire_recursive
 .text.__retarget_lock_release_recursive
                0x02004b68        0x2 C:/Renesas/RA/e2studio_v2025-12_fsp_v6.4.0/toolchains/gcc_arm/13.2.rel1/bin/../lib/gcc/arm-none-eabi/13.2.1/thumb/v8-m.main+dp/hard\libg_nano.a(libc_a-lock.o)
                0x02004b68                __retarget_lock_release_recursive
 .text.memchr   0x02004b6a       0x1c C:/Renesas/RA/e2studio_v2025-12_fsp_v6.4.0/toolchains/gcc_arm/13.2.rel1/bin/../lib/gcc/arm-none-eabi/13.2.1/thumb/v8-m.main+dp/hard\libg_nano.a(libc_a-memchr-stub.o)
                0x02004b6a                memchr
 .text.memcpy   0x02004b86       0x1a C:/Renesas/RA/e2studio_v2025-12_fsp_v6.4.0/toolchains/gcc_arm/13.2.rel1/bin/../lib/gcc/arm-none-eabi/13.2.1/thumb/v8-m.main+dp/hard\libg_nano.a(libc_a-memcpy-stub.o)
                0x02004b86                memcpy
 .text          0x02004ba0       0x10 C:/Renesas/RA/e2studio_v2025-12_fsp_v6.4.0/toolchains/gcc_arm/13.2.rel1/bin/../lib/gcc/arm-none-eabi/13.2.1/thumb/v8-m.main+dp/hard\libg_nano.a(libc_a-strlen.o)
                0x02004ba0                strlen
 .text.quorem   0x02004bb0      0x11a C:/Renesas/RA/e2studio_v2025-12_fsp_v6.4.0/toolchains/gcc_arm/13.2.rel1/bin/../lib/gcc/arm-none-eabi/13.2.1/thumb/v8-m.main+dp/hard\libg_nano.a(libc_a-dtoa.o)
 *fill*         0x02004cca        0x6 
 .text._dtoa_r  0x02004cd0      0xa9c C:/Renesas/RA/e2studio_v2025-12_fsp_v6.4.0/toolchains/gcc_arm/13.2.rel1/bin/../lib/gcc/arm-none-eabi/13.2.1/thumb/v8-m.main+dp/hard\libg_nano.a(libc_a-dtoa.o)
                0x02004cd0                _dtoa_r
 .text._free_r  0x0200576c       0x94 C:/Renesas/RA/e2studio_v2025-12_fsp_v6.4.0/toolchains/gcc_arm/13.2.rel1/bin/../lib/gcc/arm-none-eabi/13.2.1/thumb/v8-m.main+dp/hard\libg_nano.a(libc_a-freer.o)
                0x0200576c                _free_r
 .text.malloc   0x02005800       0x10 C:/Renesas/RA/e2studio_v2025-12_fsp_v6.4.0/toolchains/gcc_arm/13.2.rel1/bin/../lib/gcc/arm-none-eabi/13.2.1/thumb/v8-m.main+dp/hard\libg_nano.a(libc_a-malloc.o)
                0x02005800                malloc
 .text.sbrk_aligned
                0x02005810       0x44 C:/Renesas/RA/e2studio_v2025-12_fsp_v6.4.0/toolchains/gcc_arm/13.2.rel1/bin/../lib/gcc/arm-none-eabi/13.2.1/thumb/v8-m.main+dp/hard\libg_nano.a(libc_a-mallocr.o)
 .text._malloc_r
                0x02005854      0x100 C:/Renesas/RA/e2studio_v2025-12_fsp_v6.4.0/toolchains/gcc_arm/13.2.rel1/bin/../lib/gcc/arm-none-eabi/13.2.1/thumb/v8-m.main+dp/hard\libg_nano.a(libc_a-mallocr.o)
                0x02005854                _malloc_r
 .text.__malloc_lock
                0x02005954        0xc C:/Renesas/RA/e2studio_v2025-12_fsp_v6.4.0/toolchains/gcc_arm/13.2.rel1/bin/../lib/gcc/arm-none-eabi/13.2.1/thumb/v8-m.main+dp/hard\libg_nano.a(libc_a-mlock.o)
                0x02005954                __malloc_lock
 .text.__malloc_unlock
                0x02005960        0xc C:/Renesas/RA/e2studio_v2025-12_fsp_v6.4.0/toolchains/gcc_arm/13.2.rel1/bin/../lib/gcc/arm-none-eabi/13.2.1/thumb/v8-m.main+dp/hard\libg_nano.a(libc_a-mlock.o)
                0x02005960                __malloc_unlock
 .text._Balloc  0x0200596c       0x80 C:/Renesas/RA/e2studio_v2025-12_fsp_v6.4.0/toolchains/gcc_arm/13.2.rel1/bin/../lib/gcc/arm-none-eabi/13.2.1/thumb/v8-m.main+dp/hard\libg_nano.a(libc_a-mprec.o)
                0x0200596c                _Balloc
 .text._Bfree   0x020059ec       0x44 C:/Renesas/RA/e2studio_v2025-12_fsp_v6.4.0/toolchains/gcc_arm/13.2.rel1/bin/../lib/gcc/arm-none-eabi/13.2.1/thumb/v8-m.main+dp/hard\libg_nano.a(libc_a-mprec.o)
                0x020059ec                _Bfree
 .text.__multadd
                0x02005a30       0x90 C:/Renesas/RA/e2studio_v2025-12_fsp_v6.4.0/toolchains/gcc_arm/13.2.rel1/bin/../lib/gcc/arm-none-eabi/13.2.1/thumb/v8-m.main+dp/hard\libg_nano.a(libc_a-mprec.o)
                0x02005a30                __multadd
 .text.__hi0bits
                0x02005ac0       0x3e C:/Renesas/RA/e2studio_v2025-12_fsp_v6.4.0/toolchains/gcc_arm/13.2.rel1/bin/../lib/gcc/arm-none-eabi/13.2.1/thumb/v8-m.main+dp/hard\libg_nano.a(libc_a-mprec.o)
                0x02005ac0                __hi0bits
 .text.__lo0bits
                0x02005afe       0x5a C:/Renesas/RA/e2studio_v2025-12_fsp_v6.4.0/toolchains/gcc_arm/13.2.rel1/bin/../lib/gcc/arm-none-eabi/13.2.1/thumb/v8-m.main+dp/hard\libg_nano.a(libc_a-mprec.o)
                0x02005afe                __lo0bits
 .text.__i2b    0x02005b58       0x2c C:/Renesas/RA/e2studio_v2025-12_fsp_v6.4.0/toolchains/gcc_arm/13.2.rel1/bin/../lib/gcc/arm-none-eabi/13.2.1/thumb/v8-m.main+dp/hard\libg_nano.a(libc_a-mprec.o)
                0x02005b58                __i2b
 .text.__multiply
                0x02005b84      0x148 C:/Renesas/RA/e2studio_v2025-12_fsp_v6.4.0/toolchains/gcc_arm/13.2.rel1/bin/../lib/gcc/arm-none-eabi/13.2.1/thumb/v8-m.main+dp/hard\libg_nano.a(libc_a-mprec.o)
                0x02005b84                __multiply
 .text.__pow5mult
                0x02005ccc       0xb4 C:/Renesas/RA/e2studio_v2025-12_fsp_v6.4.0/toolchains/gcc_arm/13.2.rel1/bin/../lib/gcc/arm-none-eabi/13.2.1/thumb/v8-m.main+dp/hard\libg_nano.a(libc_a-mprec.o)
                0x02005ccc                __pow5mult
 .text.__lshift
                0x02005d80       0xd8 C:/Renesas/RA/e2studio_v2025-12_fsp_v6.4.0/toolchains/gcc_arm/13.2.rel1/bin/../lib/gcc/arm-none-eabi/13.2.1/thumb/v8-m.main+dp/hard\libg_nano.a(libc_a-mprec.o)
                0x02005d80                __lshift
 .text.__mcmp   0x02005e58       0x36 C:/Renesas/RA/e2studio_v2025-12_fsp_v6.4.0/toolchains/gcc_arm/13.2.rel1/bin/../lib/gcc/arm-none-eabi/13.2.1/thumb/v8-m.main+dp/hard\libg_nano.a(libc_a-mprec.o)
                0x02005e58                __mcmp
 *fill*         0x02005e8e        0x2 
 .text.__mdiff  0x02005e90      0x130 C:/Renesas/RA/e2studio_v2025-12_fsp_v6.4.0/toolchains/gcc_arm/13.2.rel1/bin/../lib/gcc/arm-none-eabi/13.2.1/thumb/v8-m.main+dp/hard\libg_nano.a(libc_a-mprec.o)
                0x02005e90                __mdiff
 .text.__d2b    0x02005fc0       0xb0 C:/Renesas/RA/e2studio_v2025-12_fsp_v6.4.0/toolchains/gcc_arm/13.2.rel1/bin/../lib/gcc/arm-none-eabi/13.2.1/thumb/v8-m.main+dp/hard\libg_nano.a(libc_a-mprec.o)
                0x02005fc0                __d2b
 .text.__sfputc_r
                0x02006070       0x2e C:/Renesas/RA/e2studio_v2025-12_fsp_v6.4.0/toolchains/gcc_arm/13.2.rel1/bin/../lib/gcc/arm-none-eabi/13.2.1/thumb/v8-m.main+dp/hard\libg_nano.a(libc_a-nano-vfprintf.o)
 .text.__sfputs_r
                0x0200609e       0x24 C:/Renesas/RA/e2studio_v2025-12_fsp_v6.4.0/toolchains/gcc_arm/13.2.rel1/bin/../lib/gcc/arm-none-eabi/13.2.1/thumb/v8-m.main+dp/hard\libg_nano.a(libc_a-nano-vfprintf.o)
                0x0200609e                __sfputs_r
 *fill*         0x020060c2        0x2 
 .text._vfprintf_r
                0x020060c4      0x230 C:/Renesas/RA/e2studio_v2025-12_fsp_v6.4.0/toolchains/gcc_arm/13.2.rel1/bin/../lib/gcc/arm-none-eabi/13.2.1/thumb/v8-m.main+dp/hard\libg_nano.a(libc_a-nano-vfprintf.o)
                0x020060c4                _vfprintf_r
                0x020060c4                _vfiprintf_r
 .text.__sflush_r
                0x020062f4      0x108 C:/Renesas/RA/e2studio_v2025-12_fsp_v6.4.0/toolchains/gcc_arm/13.2.rel1/bin/../lib/gcc/arm-none-eabi/13.2.1/thumb/v8-m.main+dp/hard\libg_nano.a(libc_a-fflush.o)
                0x020062f4                __sflush_r
 .text._fflush_r
                0x020063fc       0x50 C:/Renesas/RA/e2studio_v2025-12_fsp_v6.4.0/toolchains/gcc_arm/13.2.rel1/bin/../lib/gcc/arm-none-eabi/13.2.1/thumb/v8-m.main+dp/hard\libg_nano.a(libc_a-fflush.o)
                0x020063fc                _fflush_r
 .text.__swhatbuf_r
                0x0200644c       0x4a C:/Renesas/RA/e2studio_v2025-12_fsp_v6.4.0/toolchains/gcc_arm/13.2.rel1/bin/../lib/gcc/arm-none-eabi/13.2.1/thumb/v8-m.main+dp/hard\libg_nano.a(libc_a-makebuf.o)
                0x0200644c                __swhatbuf_r
 .text.__smakebuf_r
                0x02006496       0x78 C:/Renesas/RA/e2studio_v2025-12_fsp_v6.4.0/toolchains/gcc_arm/13.2.rel1/bin/../lib/gcc/arm-none-eabi/13.2.1/thumb/v8-m.main+dp/hard\libg_nano.a(libc_a-makebuf.o)
                0x02006496                __smakebuf_r
 .text._putc_r  0x0200650e       0x68 C:/Renesas/RA/e2studio_v2025-12_fsp_v6.4.0/toolchains/gcc_arm/13.2.rel1/bin/../lib/gcc/arm-none-eabi/13.2.1/thumb/v8-m.main+dp/hard\libg_nano.a(libc_a-putc.o)
                0x0200650e                _putc_r
 *fill*         0x02006576        0x2 
 .text._fstat_r
                0x02006578       0x24 C:/Renesas/RA/e2studio_v2025-12_fsp_v6.4.0/toolchains/gcc_arm/13.2.rel1/bin/../lib/gcc/arm-none-eabi/13.2.1/thumb/v8-m.main+dp/hard\libg_nano.a(libc_a-fstatr.o)
                0x02006578                _fstat_r
 .text._isatty_r
                0x0200659c       0x20 C:/Renesas/RA/e2studio_v2025-12_fsp_v6.4.0/toolchains/gcc_arm/13.2.rel1/bin/../lib/gcc/arm-none-eabi/13.2.1/thumb/v8-m.main+dp/hard\libg_nano.a(libc_a-isattyr.o)
                0x0200659c                _isatty_r
 .text._sbrk_r  0x020065bc       0x20 C:/Renesas/RA/e2studio_v2025-12_fsp_v6.4.0/toolchains/gcc_arm/13.2.rel1/bin/../lib/gcc/arm-none-eabi/13.2.1/thumb/v8-m.main+dp/hard\libg_nano.a(libc_a-sbrkr.o)
                0x020065bc                _sbrk_r
 .text._calloc_r
                0x020065dc       0x28 C:/Renesas/RA/e2studio_v2025-12_fsp_v6.4.0/toolchains/gcc_arm/13.2.rel1/bin/../lib/gcc/arm-none-eabi/13.2.1/thumb/v8-m.main+dp/hard\libg_nano.a(libc_a-callocr.o)
                0x020065dc                _calloc_r
 .text.__ascii_mbtowc
                0x02006604       0x24 C:/Renesas/RA/e2studio_v2025-12_fsp_v6.4.0/toolchains/gcc_arm/13.2.rel1/bin/../lib/gcc/arm-none-eabi/13.2.1/thumb/v8-m.main+dp/hard\libg_nano.a(libc_a-mbtowc_r.o)
                0x02006604                __ascii_mbtowc
 .text.__ascii_wctomb
                0x02006628       0x1a C:/Renesas/RA/e2studio_v2025-12_fsp_v6.4.0/toolchains/gcc_arm/13.2.rel1/bin/../lib/gcc/arm-none-eabi/13.2.1/thumb/v8-m.main+dp/hard\libg_nano.a(libc_a-wctomb_r.o)
                0x02006628                __ascii_wctomb
 *fill*         0x02006642        0x2 
 .text._close   0x02006644       0x10 C:/Renesas/RA/e2studio_v2025-12_fsp_v6.4.0/toolchains/gcc_arm/13.2.rel1/bin/../lib/gcc/arm-none-eabi/13.2.1/thumb/v8-m.main+dp/hard\libnosys.a(close.o)
                0x02006644                _close
 .text._fstat   0x02006654       0x10 C:/Renesas/RA/e2studio_v2025-12_fsp_v6.4.0/toolchains/gcc_arm/13.2.rel1/bin/../lib/gcc/arm-none-eabi/13.2.1/thumb/v8-m.main+dp/hard\libnosys.a(fstat.o)
                0x02006654                _fstat
 .text._isatty  0x02006664       0x10 C:/Renesas/RA/e2studio_v2025-12_fsp_v6.4.0/toolchains/gcc_arm/13.2.rel1/bin/../lib/gcc/arm-none-eabi/13.2.1/thumb/v8-m.main+dp/hard\libnosys.a(isatty.o)
                0x02006664                _isatty
 .text._lseek   0x02006674       0x10 C:/Renesas/RA/e2studio_v2025-12_fsp_v6.4.0/toolchains/gcc_arm/13.2.rel1/bin/../lib/gcc/arm-none-eabi/13.2.1/thumb/v8-m.main+dp/hard\libnosys.a(lseek.o)
                0x02006674                _lseek
 .text._read    0x02006684       0x10 C:/Renesas/RA/e2studio_v2025-12_fsp_v6.4.0/toolchains/gcc_arm/13.2.rel1/bin/../lib/gcc/arm-none-eabi/13.2.1/thumb/v8-m.main+dp/hard\libnosys.a(read.o)
                0x02006684                _read
 .text.expf     0x02006694       0xe4 C:/Renesas/RA/e2studio_v2025-12_fsp_v6.4.0/toolchains/gcc_arm/13.2.rel1/bin/../lib/gcc/arm-none-eabi/13.2.1/thumb/v8-m.main+dp/hard\libm.a(libm_a-sf_exp.o)
                0x02006694                expf
 .text.logf     0x02006778       0xd4 C:/Renesas/RA/e2studio_v2025-12_fsp_v6.4.0/toolchains/gcc_arm/13.2.rel1/bin/../lib/gcc/arm-none-eabi/13.2.1/thumb/v8-m.main+dp/hard\libm.a(libm_a-sf_log.o)
                0x02006778                logf
 *fill*         0x0200684c        0x4 
 .text.sinf     0x02006850      0x1e4 C:/Renesas/RA/e2studio_v2025-12_fsp_v6.4.0/toolchains/gcc_arm/13.2.rel1/bin/../lib/gcc/arm-none-eabi/13.2.1/thumb/v8-m.main+dp/hard\libm.a(libm_a-sinf.o)
                0x02006850                sinf
 *fill*         0x02006a34        0x4 
 .text.cosf     0x02006a38      0x1d4 C:/Renesas/RA/e2studio_v2025-12_fsp_v6.4.0/toolchains/gcc_arm/13.2.rel1/bin/../lib/gcc/arm-none-eabi/13.2.1/thumb/v8-m.main+dp/hard\libm.a(libm_a-cosf.o)
                0x02006a38                cosf
 .text.with_errnof
                0x02006c0c       0x1c C:/Renesas/RA/e2studio_v2025-12_fsp_v6.4.0/toolchains/gcc_arm/13.2.rel1/bin/../lib/gcc/arm-none-eabi/13.2.1/thumb/v8-m.main+dp/hard\libm.a(libm_a-math_errf.o)
 .text.xflowf   0x02006c28       0x20 C:/Renesas/RA/e2studio_v2025-12_fsp_v6.4.0/toolchains/gcc_arm/13.2.rel1/bin/../lib/gcc/arm-none-eabi/13.2.1/thumb/v8-m.main+dp/hard\libm.a(libm_a-math_errf.o)
 .text.__math_uflowf
                0x02006c48        0xc C:/Renesas/RA/e2studio_v2025-12_fsp_v6.4.0/toolchains/gcc_arm/13.2.rel1/bin/../lib/gcc/arm-none-eabi/13.2.1/thumb/v8-m.main+dp/hard\libm.a(libm_a-math_errf.o)
                0x02006c48                __math_uflowf
 .text.__math_may_uflowf
                0x02006c54        0xc C:/Renesas/RA/e2studio_v2025-12_fsp_v6.4.0/toolchains/gcc_arm/13.2.rel1/bin/../lib/gcc/arm-none-eabi/13.2.1/thumb/v8-m.main+dp/hard\libm.a(libm_a-math_errf.o)
                0x02006c54                __math_may_uflowf
 .text.__math_oflowf
                0x02006c60        0xc C:/Renesas/RA/e2studio_v2025-12_fsp_v6.4.0/toolchains/gcc_arm/13.2.rel1/bin/../lib/gcc/arm-none-eabi/13.2.1/thumb/v8-m.main+dp/hard\libm.a(libm_a-math_errf.o)
                0x02006c60                __math_oflowf
 .text.__math_divzerof
                0x02006c6c       0x24 C:/Renesas/RA/e2studio_v2025-12_fsp_v6.4.0/toolchains/gcc_arm/13.2.rel1/bin/../lib/gcc/arm-none-eabi/13.2.1/thumb/v8-m.main+dp/hard\libm.a(libm_a-math_errf.o)
                0x02006c6c                __math_divzerof
 .text.__math_invalidf
                0x02006c90       0x20 C:/Renesas/RA/e2studio_v2025-12_fsp_v6.4.0/toolchains/gcc_arm/13.2.rel1/bin/../lib/gcc/arm-none-eabi/13.2.1/thumb/v8-m.main+dp/hard\libm.a(libm_a-math_errf.o)
                0x02006c90                __math_invalidf
 .text          0x02006cb0      0x378 C:/Renesas/RA/e2studio_v2025-12_fsp_v6.4.0/toolchains/gcc_arm/13.2.rel1/bin/../lib/gcc/arm-none-eabi/13.2.1/thumb/v8-m.main+dp/hard\libgcc.a(_arm_addsubdf3.o)
                0x02006cb0                __aeabi_drsub
                0x02006cb8                __aeabi_dsub
                0x02006cb8                __subdf3
                0x02006cbc                __aeabi_dadd
                0x02006cbc                __adddf3
                0x02006f34                __floatunsidf
                0x02006f34                __aeabi_ui2d
                0x02006f54                __floatsidf
                0x02006f54                __aeabi_i2d
                0x02006f78                __aeabi_f2d
                0x02006f78                __extendsfdf2
                0x02006fbc                __floatundidf
                0x02006fbc                __aeabi_ul2d
                0x02006fcc                __floatdidf
                0x02006fcc                __aeabi_l2d
 *(.rodata*)
 .rodata.hal_entry.str1.4
                0x02007028      0x36e ./src/hal_entry.o
                                0x23d (size before relaxing)
 *fill*         0x02007396        0x2 
 .rodata.g_uart9
                0x02007398        0xc ./ra_gen/hal_data.o
                0x02007398                g_uart9
 .rodata.g_uart9_cfg
                0x020073a4       0x20 ./ra_gen/hal_data.o
                0x020073a4                g_uart9_cfg
 .rodata.g_uart9_cfg_extend
                0x020073c4       0x14 ./ra_gen/hal_data.o
                0x020073c4                g_uart9_cfg_extend
 .rodata.g_timer_1ms
                0x020073d8        0xc ./ra_gen/hal_data.o
                0x020073d8                g_timer_1ms
 .rodata.g_timer_1ms_cfg
                0x020073e4       0x20 ./ra_gen/hal_data.o
                0x020073e4                g_timer_1ms_cfg
 *fill*         0x02007404        0x4 
 .rodata.g_timer_1ms_extend
                0x02007408       0x58 ./ra_gen/hal_data.o
                0x02007408                g_timer_1ms_extend
 .rodata.g_timer1
                0x02007460        0xc ./ra_gen/hal_data.o
                0x02007460                g_timer1
 .rodata.g_timer1_cfg
                0x0200746c       0x20 ./ra_gen/hal_data.o
                0x0200746c                g_timer1_cfg
 *fill*         0x0200748c        0x4 
 .rodata.g_timer1_extend
                0x02007490       0x58 ./ra_gen/hal_data.o
                0x02007490                g_timer1_extend
 .rodata.g_i2s1
                0x020074e8        0xc ./ra_gen/hal_data.o
                0x020074e8                g_i2s1
 .rodata.g_i2s1_cfg
                0x020074f4       0x24 ./ra_gen/hal_data.o
                0x020074f4                g_i2s1_cfg
 .rodata.g_i2s1_cfg_extend
                0x02007518        0x2 ./ra_gen/hal_data.o
                0x02007518                g_i2s1_cfg_extend
 *fill*         0x0200751a        0x2 
 .rodata.g_transfer_rx
                0x0200751c        0xc ./ra_gen/hal_data.o
                0x0200751c                g_transfer_rx
 .rodata.g_transfer_rx_cfg
                0x02007528        0x8 ./ra_gen/hal_data.o
                0x02007528                g_transfer_rx_cfg
 .rodata.g_transfer_rx_cfg_extend
                0x02007530        0x1 ./ra_gen/hal_data.o
                0x02007530                g_transfer_rx_cfg_extend
 *fill*         0x02007531        0x3 
 .rodata.g_bsp_pin_cfg
                0x02007534        0xc ./ra_gen/pin_data.o
                0x02007534                g_bsp_pin_cfg
 .rodata.g_bsp_pin_cfg_data
                0x02007540      0x358 ./ra_gen/pin_data.o
                0x02007540                g_bsp_pin_cfg_data
 .rodata.g_interrupt_event_link_select
                0x02007898       0x40 ./ra_gen/vector_data.o
                0x02007898                g_interrupt_event_link_select
 .rodata.g_i2s_on_ssi
                0x020078d8       0x24 ./ra/fsp/src/r_ssi/r_ssi.o
                0x020078d8                g_i2s_on_ssi
 .rodata.g_uart_on_sci_b
                0x020078fc       0x2c ./ra/fsp/src/r_sci_b_uart/r_sci_b_uart.o
                0x020078fc                g_uart_on_sci_b
 .rodata.g_vbatt_pins_input
                0x02007928        0x6 ./ra/fsp/src/r_ioport/r_ioport.o
 *fill*         0x0200792e        0x2 
 .rodata.g_timer_on_gpt
                0x02007930       0x34 ./ra/fsp/src/r_gpt/r_gpt.o
                0x02007930                g_timer_on_gpt
 .rodata.g_transfer_on_dtc
                0x02007964       0x2c ./ra/fsp/src/r_dtc/r_dtc.o
                0x02007964                g_transfer_on_dtc
 .rodata.g_init_info
                0x02007990       0x18 ./ra/fsp/src/bsp/mcu/ra8p1/bsp_linker.o
                0x02007990                g_init_info
 .rodata.nocache_list
                0x020079a8       0x20 ./ra/fsp/src/bsp/mcu/ra8p1/bsp_linker.o
 .rodata.copy_list
                0x020079c8      0x180 ./ra/fsp/src/bsp/mcu/ra8p1/bsp_linker.o
 .rodata.zero_list
                0x02007b48       0x78 ./ra/fsp/src/bsp/mcu/ra8p1/bsp_linker.o
 .rodata.g_prcr_masks
                0x02007bc0        0xa ./ra/fsp/src/bsp/mcu/all/bsp_register_protection.o
 .rodata.i2s1_callback.str1.4
                0x02007bca       0x25 ./code/inmp441.o
 .rodata.inmp441_init.str1.4
                0x02007bca       0xdf ./code/inmp441.o
 *fill*         0x02007bca        0x6 
 .rodata.dct_matrix
                0x02007bd0      0x820 ./code/mfcc_engine.o
 .rodata.mel_filterbank
                0x020083f0     0xa0a0 ./code/mfcc_engine.o
 .rodata.hann_window
                0x02012490      0x344 ./code/mfcc_engine.o
 .rodata.voice_cmd_predict.str1.4
                0x020127d4       0x26 ./code/voice_cmd.o
 *fill*         0x020127d4        0x4 
 .rodata.model_weights
                0x020127d8     0x1e78 ./code/voice_cmd.o
 .rodata._printf_float.str1.1
                0x02014650      0x137 C:/Renesas/RA/e2studio_v2025-12_fsp_v6.4.0/toolchains/gcc_arm/13.2.rel1/bin/../lib/gcc/arm-none-eabi/13.2.1/thumb/v8-m.main+dp/hard\libg_nano.a(libc_a-nano-vfprintf_float.o)
                                 0x12 (size before relaxing)
 .rodata._printf_i.str1.1
                0x02014787       0x22 C:/Renesas/RA/e2studio_v2025-12_fsp_v6.4.0/toolchains/gcc_arm/13.2.rel1/bin/../lib/gcc/arm-none-eabi/13.2.1/thumb/v8-m.main+dp/hard\libg_nano.a(libc_a-nano-vfprintf_i.o)
 .rodata._dtoa_r.str1.1
                0x02014787       0x90 C:/Renesas/RA/e2studio_v2025-12_fsp_v6.4.0/toolchains/gcc_arm/13.2.rel1/bin/../lib/gcc/arm-none-eabi/13.2.1/thumb/v8-m.main+dp/hard\libg_nano.a(libc_a-dtoa.o)
 .rodata._Balloc.str1.1
                0x02014787       0x71 C:/Renesas/RA/e2studio_v2025-12_fsp_v6.4.0/toolchains/gcc_arm/13.2.rel1/bin/../lib/gcc/arm-none-eabi/13.2.1/thumb/v8-m.main+dp/hard\libg_nano.a(libc_a-mprec.o)
 .rodata.__multadd.str1.1
                0x02014787       0x11 C:/Renesas/RA/e2studio_v2025-12_fsp_v6.4.0/toolchains/gcc_arm/13.2.rel1/bin/../lib/gcc/arm-none-eabi/13.2.1/thumb/v8-m.main+dp/hard\libg_nano.a(libc_a-mprec.o)
 *fill*         0x02014787        0x1 
 .rodata.p05.0  0x02014788        0xc C:/Renesas/RA/e2studio_v2025-12_fsp_v6.4.0/toolchains/gcc_arm/13.2.rel1/bin/../lib/gcc/arm-none-eabi/13.2.1/thumb/v8-m.main+dp/hard\libg_nano.a(libc_a-mprec.o)
 *fill*         0x02014794        0x4 
 .rodata.__mprec_bigtens
                0x02014798       0x28 C:/Renesas/RA/e2studio_v2025-12_fsp_v6.4.0/toolchains/gcc_arm/13.2.rel1/bin/../lib/gcc/arm-none-eabi/13.2.1/thumb/v8-m.main+dp/hard\libg_nano.a(libc_a-mprec.o)
                0x02014798                __mprec_bigtens
 .rodata.__mprec_tens
                0x020147c0       0xc8 C:/Renesas/RA/e2studio_v2025-12_fsp_v6.4.0/toolchains/gcc_arm/13.2.rel1/bin/../lib/gcc/arm-none-eabi/13.2.1/thumb/v8-m.main+dp/hard\libg_nano.a(libc_a-mprec.o)
                0x020147c0                __mprec_tens
 .rodata._vfprintf_r.str1.1
                0x02014888       0x11 C:/Renesas/RA/e2studio_v2025-12_fsp_v6.4.0/toolchains/gcc_arm/13.2.rel1/bin/../lib/gcc/arm-none-eabi/13.2.1/thumb/v8-m.main+dp/hard\libg_nano.a(libc_a-nano-vfprintf.o)
 .rodata._setlocale_r.str1.1
                0x02014888        0x9 C:/Renesas/RA/e2studio_v2025-12_fsp_v6.4.0/toolchains/gcc_arm/13.2.rel1/bin/../lib/gcc/arm-none-eabi/13.2.1/thumb/v8-m.main+dp/hard\libg_nano.a(libc_a-locale.o)
 .rodata.str1.1
                0x02014888        0x2 C:/Renesas/RA/e2studio_v2025-12_fsp_v6.4.0/toolchains/gcc_arm/13.2.rel1/bin/../lib/gcc/arm-none-eabi/13.2.1/thumb/v8-m.main+dp/hard\libg_nano.a(libc_a-locale.o)
 .rodata._ctype_
                0x02014888      0x101 C:/Renesas/RA/e2studio_v2025-12_fsp_v6.4.0/toolchains/gcc_arm/13.2.rel1/bin/../lib/gcc/arm-none-eabi/13.2.1/thumb/v8-m.main+dp/hard\libg_nano.a(libc_a-ctype_.o)
                0x02014888                _ctype_
 *fill*         0x02014989        0x7 
 .rodata.__exp2f_data
                0x02014990      0x148 C:/Renesas/RA/e2studio_v2025-12_fsp_v6.4.0/toolchains/gcc_arm/13.2.rel1/bin/../lib/gcc/arm-none-eabi/13.2.1/thumb/v8-m.main+dp/hard\libm.a(libm_a-sf_exp2_data.o)
                0x02014990                __exp2f_data
 .rodata.__logf_data
                0x02014ad8      0x120 C:/Renesas/RA/e2studio_v2025-12_fsp_v6.4.0/toolchains/gcc_arm/13.2.rel1/bin/../lib/gcc/arm-none-eabi/13.2.1/thumb/v8-m.main+dp/hard\libm.a(libm_a-sf_log_data.o)
                0x02014ad8                __logf_data
 .rodata.__inv_pio4
                0x02014bf8       0x60 C:/Renesas/RA/e2studio_v2025-12_fsp_v6.4.0/toolchains/gcc_arm/13.2.rel1/bin/../lib/gcc/arm-none-eabi/13.2.1/thumb/v8-m.main+dp/hard\libm.a(libm_a-sincosf_data.o)
                0x02014bf8                __inv_pio4
 .rodata.__sincosf_table
                0x02014c58       0xe0 C:/Renesas/RA/e2studio_v2025-12_fsp_v6.4.0/toolchains/gcc_arm/13.2.rel1/bin/../lib/gcc/arm-none-eabi/13.2.1/thumb/v8-m.main+dp/hard\libm.a(libm_a-sincosf_data.o)
                0x02014c58                __sincosf_table
 *(.mcuboot_sce9_key)
 *(.version)
 .version       0x02014d38       0x50 ./ra/fsp/src/bsp/mcu/all/bsp_common.o
                0x02014d88                        __flash_readonly$$Limit = .

.glue_7         0x02014d88        0x0
 .glue_7        0x02014d88        0x0 linker stubs

.glue_7t        0x02014d88        0x0
 .glue_7t       0x02014d88        0x0 linker stubs

.vfp11_veneer   0x02014d88        0x0
 .vfp11_veneer  0x02014d88        0x0 linker stubs

.v4_bx          0x02014d88        0x0
 .v4_bx         0x02014d88        0x0 linker stubs

.init           0x02014d88        0x4
 .init          0x02014d88        0x4 C:/Renesas/RA/e2studio_v2025-12_fsp_v6.4.0/toolchains/gcc_arm/13.2.rel1/bin/../lib/gcc/arm-none-eabi/13.2.1/thumb/v8-m.main+dp/hard/crti.o
                0x02014d88                _init

.fini           0x02014d8c        0x4
 .fini          0x02014d8c        0x4 C:/Renesas/RA/e2studio_v2025-12_fsp_v6.4.0/toolchains/gcc_arm/13.2.rel1/bin/../lib/gcc/arm-none-eabi/13.2.1/thumb/v8-m.main+dp/hard/crti.o
                0x02014d8c                _fini

.iplt           0x02014d90        0x0
 .iplt          0x02014d90        0x0 C:/Renesas/RA/e2studio_v2025-12_fsp_v6.4.0/toolchains/gcc_arm/13.2.rel1/bin/../lib/gcc/arm-none-eabi/13.2.1/thumb/v8-m.main+dp/hard/crtbegin.o

__flash_ctor$$
 *crtbegin.o(.ctors)
 *crtbegin?.o(.ctors)
 EXCLUDE_FILE(*crtend.o *crtend?.o) *(.ctors)
 *(SORT_BY_NAME(.ctors.*))
 *(.ctors)
 *crtbegin.o(.dtors)
 *crtbegin?.o(.dtors)
 EXCLUDE_FILE(*crtend.o *crtend?.o) *(.dtors)
 *(SORT_BY_NAME(.dtors.*))
 *(.dtors)

__flash_preinit_array$$
                0x02014d90        0x0
                0x02014d90                        __preinit_array_start = .
 *(.preinit_array)
                0x02014d90                        __preinit_array_end = .

__flash_.got$$
 *(.got.plt)
 *(.got)

__flash_init_array$$
                0x02014d90        0x4
                0x02014d90                        __init_array_start = .
 *(SORT_BY_NAME(.init_array.*))
 *(.init_array)
 .init_array    0x02014d90        0x4 C:/Renesas/RA/e2studio_v2025-12_fsp_v6.4.0/toolchains/gcc_arm/13.2.rel1/bin/../lib/gcc/arm-none-eabi/13.2.1/thumb/v8-m.main+dp/hard/crtbegin.o