T3E40 000:007.470   SEGGER J-Link V9.14a Log File
T3E40 000:008.162   DLL Compiled: Jan 28 2026 17:11:52
T3E40 000:008.166   Logging started @ 2026-08-20 00:15
T3E40 000:008.169   Process: C:\Users\kout\.eclipse\com.renesas.platform_583169726\DebugComp\RA\e2-server-gdb.exe
T3E40 000:008.706 - 8.172ms 
T3E40 000:008.717 JLINK_GetDLLVersion()
T3E40 000:008.720 - 0.003ms returns 91401
T3E40 000:018.293 JLINK_OpenEx(...)
T3E40 000:043.411   Firmware: J-Link OB-RA4M2 compiled Dec 10 2025 15:52:53
T3E40 000:044.519   Firmware: J-Link OB-RA4M2 compiled Dec 10 2025 15:52:53
T3E40 000:058.181   Hardware: V1.00
T3E40 000:058.191   S/N: 1086258950
T3E40 000:058.195   OEM: SEGGER
T3E40 000:058.393   Feature(s): None
T3E40 000:059.382   Bootloader: 2021 May 14
T3E40 000:060.015   USB speed mode: Full speed (12 MBit/s)
T3E40 000:060.689   TELNET listener socket opened on port 19021
T3E40 000:061.018   WEBSRV WEBSRV_Init(): Starting webserver thread(s)
T3E40 000:061.056   WEBSRV Failed to put socket into listener state (port 19080)
T3E40 000:061.123   WEBSRV Webserver running on local port 19081
T3E40 000:061.251   Looking for J-Link GUI Server exe at: C:\Users\kout\.eclipse\com.renesas.platform_583169726\DebugComp\RA\ARM\Segger_v9.14.1\JLinkGUIServer.exe
T3E40 000:061.347   Looking for J-Link GUI Server exe at: C:\Program Files\SEGGER\JLink_V942\JLinkGUIServer.exe
T3E40 000:061.385   Forking J-Link GUI Server: C:\Program Files\SEGGER\JLink_V942\JLinkGUIServer.exe
T3E40 000:083.396   J-Link GUI Server info: "J-Link GUI server V9.42 "
T3E40 000:087.649 - 69.379ms returns "O.K."
T3E40 000:087.702 JLINK_TIF_Select(JLINKARM_TIF_SWD)
T3E40 000:088.284 - 0.581ms returns 0x00
T3E40 000:088.614 JLINK_ClrRESET()
T3E40 000:088.938 - 0.324ms 
T3E40 000:139.814 JLINK_SetSpeed(1500)
T3E40 000:140.018 - 0.223ms 
T3E40 000:140.034 JLINK_CORESIGHT_Configure(PerformTIFInit=0)
T3E40 000:140.615 - 0.583ms returns 0
T3E40 000:140.634 JLINK_CORESIGHT_ReadAPDPReg(DP reg 0x00)
T3E40 000:141.070   Value=0x6BA02477
T3E40 000:141.076 - 0.443ms returns 0
T3E40 000:141.105 JLINK_CORESIGHT_WriteAPDPReg(DP reg 0x00, 0x0000001F)
T3E40 000:141.372 - 0.269ms returns 0
T3E40 000:141.377 JLINK_CORESIGHT_ReadAPDPReg(DP reg 0x00)
T3E40 000:141.622   Value=0x6BA02477
T3E40 000:141.627 - 0.250ms returns 0
T3E40 000:141.631 JLINK_CORESIGHT_WriteAPDPReg(DP reg 0x02, 0x00000000)
T3E40 000:141.884 - 0.253ms returns 0
T3E40 000:141.888 JLINK_CORESIGHT_WriteAPDPReg(DP reg 0x01, 0x50000000)
T3E40 000:142.139 - 0.250ms returns 0
T3E40 000:142.145 JLINK_CORESIGHT_ReadAPDPReg(DP reg 0x01)
T3E40 000:142.336   Value=0xF0000040
T3E40 000:142.340 - 0.195ms returns 0
T3E40 000:142.344 JLINK_CORESIGHT_WriteAPDPReg(DP reg 0x00, 0x0000001F)
T3E40 000:142.543 - 0.198ms returns 0
T3E40 000:142.547 JLINK_CORESIGHT_ReadAPDPReg(DP reg 0x00)
T3E40 000:142.764   Value=0x6BA02477
T3E40 000:142.770 - 0.222ms returns 0
T3E40 000:142.774 JLINK_CORESIGHT_WriteAPDPReg(DP reg 0x01, 0x54000000)
T3E40 000:142.975 - 0.200ms returns 0
T3E40 000:142.979 JLINK_CORESIGHT_WriteAPDPReg(DP reg 0x01, 0x50000F00)
T3E40 000:143.171 - 0.191ms returns 0
T3E40 000:143.175 JLINK_CORESIGHT_WriteAPDPReg(DP reg 0x02, 0x01000000)
T3E40 000:143.368 - 0.192ms returns 0
T3E40 000:143.372 JLINK_CORESIGHT_WriteAPDPReg(AP reg 0x00, 0x80000002)
T3E40 000:143.564 - 0.192ms returns 0
T3E40 000:143.568 JLINK_CORESIGHT_WriteAPDPReg(AP reg 0x01, 0x80011100)
T3E40 000:143.763 - 0.194ms returns 0
T3E40 000:143.767 JLINK_CORESIGHT_WriteAPDPReg(AP reg 0x03, 0x000000A5)
T3E40 000:143.957 - 0.189ms returns 0
T3E40 000:143.961 JLINK_CORESIGHT_WriteAPDPReg(AP reg 0x00, 0x80000002)
T3E40 000:144.172 - 0.210ms returns 0
T3E40 000:144.176 JLINK_CORESIGHT_WriteAPDPReg(AP reg 0x01, 0x80011100)
T3E40 000:144.368 - 0.191ms returns 0
T3E40 000:144.372 JLINK_CORESIGHT_ReadAPDPReg(AP reg 0x03)
T3E40 000:144.649   Value=0x000000A5
T3E40 000:144.653 - 0.280ms returns 0
T3E40 000:144.657 JLINK_ClrTMS()
T3E40 000:144.713 - 0.055ms 
T3E40 000:150.697 JLINK_SetTCK()
T3E40 000:150.763 - 0.066ms returns 0
T3E40 000:156.988 JLINK_SetRESET()
T3E40 000:157.275 - 0.287ms 
T3E40 000:357.942 JLINK_CORESIGHT_WriteAPDPReg(AP reg 0x00, 0x80000002)
T3E40 000:358.318 - 0.375ms returns 0
T3E40 000:358.329 JLINK_CORESIGHT_WriteAPDPReg(AP reg 0x01, 0x80011100)
T3E40 000:358.827 - 0.497ms returns 0
T3E40 000:358.853 JLINK_CORESIGHT_ReadAPDPReg(AP reg 0x03)
T3E40 000:359.590   Value=0x00000000
T3E40 000:359.612 - 0.758ms returns 0
T3E40 000:359.623 JLINK_CORESIGHT_WriteAPDPReg(AP reg 0x00, 0x80000002)
T3E40 000:360.052 - 0.429ms returns 0
T3E40 000:360.066 JLINK_CORESIGHT_WriteAPDPReg(AP reg 0x01, 0x80011140)
T3E40 000:361.778 - 1.709ms returns 0
T3E40 000:361.814 JLINK_CORESIGHT_ReadAPDPReg(AP reg 0x03)
T3E40 000:362.390   Value=0x00000002
T3E40 000:362.402 - 0.587ms returns 0
T3E40 000:362.408 JLINK_CORESIGHT_WriteAPDPReg(AP reg 0x00, 0x80000002)
T3E40 000:362.973 - 0.562ms returns 0
T3E40 000:363.036 JLINK_CORESIGHT_WriteAPDPReg(AP reg 0x01, 0x80011120)
T3E40 000:363.311 - 0.277ms returns 0
T3E40 000:363.322 JLINK_CORESIGHT_WriteAPDPReg(AP reg 0x03, 0x00000055)
T3E40 000:363.616 - 0.293ms returns 0
T3E40 000:363.629 JLINK_CORESIGHT_WriteAPDPReg(AP reg 0x00, 0x80000002)
T3E40 000:364.029 - 0.400ms returns 0
T3E40 000:364.041 JLINK_CORESIGHT_WriteAPDPReg(AP reg 0x01, 0x80011140)
T3E40 000:364.252 - 0.210ms returns 0
T3E40 000:364.257 JLINK_CORESIGHT_ReadAPDPReg(AP reg 0x03)
T3E40 000:364.477   Value=0x00000002
T3E40 000:364.481 - 0.224ms returns 0
T3E40 000:364.485 JLINK_CORESIGHT_ReadAPDPReg(AP reg 0x03)
T3E40 000:364.807   Value=0x00000002
T3E40 000:364.812 - 0.326ms returns 0
T3E40 000:364.816 JLINK_CORESIGHT_ReadAPDPReg(AP reg 0x03)
T3E40 000:365.055   Value=0x00000002
T3E40 000:365.059 - 0.243ms returns 0
T3E40 000:365.063 JLINK_CORESIGHT_ReadAPDPReg(AP reg 0x03)
T3E40 000:365.306   Value=0x00000002
T3E40 000:365.310 - 0.246ms returns 0
T3E40 000:365.314 JLINK_CORESIGHT_ReadAPDPReg(AP reg 0x03)
T3E40 000:365.562   Value=0x00000002
T3E40 000:365.566 - 0.252ms returns 0
T3E40 000:365.570 JLINK_CORESIGHT_ReadAPDPReg(AP reg 0x03)
T3E40 000:365.805   Value=0x00000002
T3E40 000:365.809 - 0.239ms returns 0
T3E40 000:365.813 JLINK_CORESIGHT_ReadAPDPReg(AP reg 0x03)
T3E40 000:366.046   Value=0x00000002
T3E40 000:366.050 - 0.237ms returns 0
T3E40 000:366.054 JLINK_CORESIGHT_ReadAPDPReg(AP reg 0x03)
T3E40 000:366.294   Value=0x00000002
T3E40 000:366.299 - 0.244ms returns 0
T3E40 000:366.302 JLINK_CORESIGHT_ReadAPDPReg(AP reg 0x03)
T3E40 000:366.535   Value=0x00000002
T3E40 000:366.539 - 0.237ms returns 0
T3E40 000:366.543 JLINK_CORESIGHT_ReadAPDPReg(AP reg 0x03)
T3E40 000:366.806   Value=0x00000002
T3E40 000:366.811 - 0.268ms returns 0
T3E40 000:366.815 JLINK_CORESIGHT_ReadAPDPReg(AP reg 0x03)
T3E40 000:367.033   Value=0x00000002
T3E40 000:367.038 - 0.222ms returns 0
T3E40 000:367.042 JLINK_CORESIGHT_ReadAPDPReg(AP reg 0x03)
T3E40 000:367.283   Value=0x00000002
T3E40 000:367.288 - 0.246ms returns 0
T3E40 000:367.291 JLINK_CORESIGHT_ReadAPDPReg(AP reg 0x03)
T3E40 000:367.525   Value=0x00000002
T3E40 000:367.529 - 0.238ms returns 0
T3E40 000:367.533 JLINK_CORESIGHT_ReadAPDPReg(AP reg 0x03)
T3E40 000:367.795   Value=0x00000002
T3E40 000:367.799 - 0.266ms returns 0
T3E40 000:367.826 JLINK_CORESIGHT_ReadAPDPReg(AP reg 0x03)
T3E40 000:368.066   Value=0x00000002
T3E40 000:368.071 - 0.245ms returns 0
T3E40 000:368.075 JLINK_CORESIGHT_ReadAPDPReg(AP reg 0x03)
T3E40 000:368.308   Value=0x00000002
T3E40 000:368.312 - 0.237ms returns 0
T3E40 000:368.316 JLINK_CORESIGHT_ReadAPDPReg(AP reg 0x03)
T3E40 000:368.555   Value=0x00000002
T3E40 000:368.559 - 0.243ms returns 0
T3E40 000:368.563 JLINK_CORESIGHT_ReadAPDPReg(AP reg 0x03)
T3E40 000:368.806   Value=0x00000002
T3E40 000:368.811 - 0.247ms returns 0
T3E40 000:368.815 JLINK_CORESIGHT_ReadAPDPReg(AP reg 0x03)
T3E40 000:369.022   Value=0x00000002
T3E40 000:369.027 - 0.211ms returns 0
T3E40 000:369.030 JLINK_CORESIGHT_ReadAPDPReg(AP reg 0x03)
T3E40 000:369.268   Value=0x00000002
T3E40 000:369.272 - 0.241ms returns 0
T3E40 000:369.624 JLINK_CORESIGHT_ReadAPDPReg(AP reg 0x03)
T3E40 000:369.871   Value=0x00000002
T3E40 000:369.875 - 0.251ms returns 0
T3E40 000:369.880 JLINK_CORESIGHT_ReadAPDPReg(AP reg 0x03)
T3E40 000:370.126   Value=0x00000002
T3E40 000:370.131 - 0.251ms returns 0
T3E40 000:370.135 JLINK_CORESIGHT_ReadAPDPReg(AP reg 0x03)
T3E40 000:370.378   Value=0x00000002
T3E40 000:370.382 - 0.247ms returns 0
T3E40 000:370.386 JLINK_CORESIGHT_ReadAPDPReg(AP reg 0x03)
T3E40 000:370.641   Value=0x00000002
T3E40 000:370.651 - 0.265ms returns 0
T3E40 000:370.657 JLINK_CORESIGHT_ReadAPDPReg(AP reg 0x03)
T3E40 000:370.893   Value=0x00000002
T3E40 000:370.899 - 0.242ms returns 0
T3E40 000:370.904 JLINK_CORESIGHT_ReadAPDPReg(AP reg 0x03)
T3E40 000:371.143   Value=0x00000002
T3E40 000:371.147 - 0.243ms returns 0
T3E40 000:371.151 JLINK_CORESIGHT_ReadAPDPReg(AP reg 0x03)
T3E40 000:371.392   Value=0x00000002
T3E40 000:371.396 - 0.245ms returns 0
T3E40 000:371.400 JLINK_CORESIGHT_ReadAPDPReg(AP reg 0x03)
T3E40 000:371.723   Value=0x00000002
T3E40 000:371.727 - 0.327ms returns 0
T3E40 000:371.731 JLINK_CORESIGHT_ReadAPDPReg(AP reg 0x03)
T3E40 000:371.973   Value=0x00000002
T3E40 000:371.977 - 0.246ms returns 0
T3E40 000:371.981 JLINK_CORESIGHT_ReadAPDPReg(AP reg 0x03)
T3E40 000:372.214   Value=0x00000002
T3E40 000:372.218 - 0.237ms returns 0
T3E40 000:372.222 JLINK_CORESIGHT_ReadAPDPReg(AP reg 0x03)
T3E40 000:372.430   Value=0x00000002
T3E40 000:372.434 - 0.212ms returns 0
T3E40 000:372.438 JLINK_CORESIGHT_ReadAPDPReg(AP reg 0x03)
T3E40 000:372.683   Value=0x00000002
T3E40 000:372.691 - 0.252ms returns 0
T3E40 000:372.694 JLINK_CORESIGHT_ReadAPDPReg(AP reg 0x03)
T3E40 000:372.931   Value=0x00000002
T3E40 000:372.935 - 0.240ms returns 0
T3E40 000:372.939 JLINK_CORESIGHT_ReadAPDPReg(AP reg 0x03)
T3E40 000:373.180   Value=0x00000002
T3E40 000:373.184 - 0.245ms returns 0
T3E40 000:373.188 JLINK_CORESIGHT_ReadAPDPReg(AP reg 0x03)
T3E40 000:373.430   Value=0x00000002
T3E40 000:373.434 - 0.246ms returns 0
T3E40 000:373.438 JLINK_CORESIGHT_ReadAPDPReg(AP reg 0x03)
T3E40 000:373.774   Value=0x00000002
T3E40 000:373.786 - 0.347ms returns 0
T3E40 000:373.792 JLINK_CORESIGHT_ReadAPDPReg(AP reg 0x03)
T3E40 000:374.020   Value=0x00000002
T3E40 000:374.025 - 0.233ms returns 0
T3E40 000:374.029 JLINK_CORESIGHT_ReadAPDPReg(AP reg 0x03)
T3E40 000:374.308   Value=0x00000002
T3E40 000:374.313 - 0.283ms returns 0
T3E40 000:374.318 JLINK_CORESIGHT_ReadAPDPReg(AP reg 0x03)
T3E40 000:374.640   Value=0x00000002
T3E40 000:374.646 - 0.327ms returns 0
T3E40 000:374.651 JLINK_CORESIGHT_ReadAPDPReg(AP reg 0x03)
T3E40 000:374.888   Value=0x00000002
T3E40 000:374.893 - 0.242ms returns 0
T3E40 000:374.897 JLINK_CORESIGHT_ReadAPDPReg(AP reg 0x03)
T3E40 000:375.180   Value=0x00000000
T3E40 000:375.184 - 0.287ms returns 0
T3E40 000:375.188 JLINK_CORESIGHT_WriteAPDPReg(AP reg 0x00, 0x80000002)
T3E40 000:375.387 - 0.199ms returns 0
T3E40 000:375.391 JLINK_CORESIGHT_WriteAPDPReg(AP reg 0x01, 0x80011130)
T3E40 000:375.565 - 0.174ms returns 0
T3E40 000:375.569 JLINK_CORESIGHT_ReadAPDPReg(AP reg 0x03)
T3E40 000:375.810   Value=0x000000C6
T3E40 000:375.814 - 0.245ms returns 0
T3E40 000:375.832 JLINK_CORESIGHT_WriteAPDPReg(AP reg 0x00, 0x80000002)
T3E40 000:376.024 - 0.191ms returns 0
T3E40 000:376.028 JLINK_CORESIGHT_WriteAPDPReg(AP reg 0x01, 0x80011140)
T3E40 000:376.224 - 0.196ms returns 0
T3E40 000:376.228 JLINK_CORESIGHT_ReadAPDPReg(AP reg 0x03)
T3E40 000:376.463   Value=0x00000002
T3E40 000:376.467 - 0.239ms returns 0
T3E40 000:376.471 JLINK_CORESIGHT_WriteAPDPReg(AP reg 0x00, 0x80000002)
T3E40 000:376.673 - 0.202ms returns 0
T3E40 000:376.677 JLINK_CORESIGHT_WriteAPDPReg(AP reg 0x01, 0x80011120)
T3E40 000:376.879 - 0.202ms returns 0
T3E40 000:376.884 JLINK_CORESIGHT_WriteAPDPReg(AP reg 0x03, 0x3A010001)
T3E40 000:377.077 - 0.193ms returns 0
T3E40 000:377.082 JLINK_CORESIGHT_WriteAPDPReg(AP reg 0x00, 0x80000002)
T3E40 000:377.273 - 0.191ms returns 0
T3E40 000:377.277 JLINK_CORESIGHT_WriteAPDPReg(AP reg 0x01, 0x80011140)
T3E40 000:377.476 - 0.198ms returns 0
T3E40 000:377.481 JLINK_CORESIGHT_ReadAPDPReg(AP reg 0x03)
T3E40 000:377.806   Value=0x00000002
T3E40 000:377.810 - 0.328ms returns 0
T3E40 000:377.814 JLINK_CORESIGHT_WriteAPDPReg(AP reg 0x00, 0x80000002)
T3E40 000:378.012 - 0.198ms returns 0
T3E40 000:378.016 JLINK_CORESIGHT_WriteAPDPReg(AP reg 0x01, 0x80011120)
T3E40 000:378.213 - 0.197ms returns 0
T3E40 000:378.217 JLINK_CORESIGHT_WriteAPDPReg(AP reg 0x03, 0x000003C5)
T3E40 000:378.408 - 0.190ms returns 0
T3E40 000:378.412 JLINK_CORESIGHT_WriteAPDPReg(AP reg 0x00, 0x80000002)
T3E40 000:378.685 - 0.272ms returns 0
T3E40 000:378.695 JLINK_CORESIGHT_WriteAPDPReg(AP reg 0x01, 0x80011140)
T3E40 000:378.888 - 0.192ms returns 0
T3E40 000:378.894 JLINK_CORESIGHT_ReadAPDPReg(AP reg 0x03)
T3E40 000:379.137   Value=0x00000002
T3E40 000:379.141 - 0.247ms returns 0
T3E40 000:379.146 JLINK_CORESIGHT_ReadAPDPReg(AP reg 0x03)
T3E40 000:379.387   Value=0x00000002
T3E40 000:379.391 - 0.245ms returns 0
T3E40 000:379.395 JLINK_CORESIGHT_ReadAPDPReg(AP reg 0x03)
T3E40 000:379.743   Value=0x00000002
T3E40 000:379.747 - 0.352ms returns 0
T3E40 000:379.751 JLINK_CORESIGHT_ReadAPDPReg(AP reg 0x03)
T3E40 000:379.991   Value=0x00000002
T3E40 000:379.995 - 0.243ms returns 0
T3E40 000:379.999 JLINK_CORESIGHT_ReadAPDPReg(AP reg 0x03)
T3E40 000:380.232   Value=0x00000002
T3E40 000:380.236 - 0.238ms returns 0
T3E40 000:380.240 JLINK_CORESIGHT_ReadAPDPReg(AP reg 0x03)
T3E40 000:380.473   Value=0x00000002
T3E40 000:380.477 - 0.237ms returns 0
T3E40 000:380.481 JLINK_CORESIGHT_ReadAPDPReg(AP reg 0x03)
T3E40 000:380.716   Value=0x00000002
T3E40 000:380.721 - 0.239ms returns 0
T3E40 000:380.725 JLINK_CORESIGHT_ReadAPDPReg(AP reg 0x03)
T3E40 000:380.931   Value=0x00000002
T3E40 000:380.935 - 0.210ms returns 0
T3E40 000:380.939 JLINK_CORESIGHT_ReadAPDPReg(AP reg 0x03)
T3E40 000:381.180   Value=0x00000002
T3E40 000:381.185 - 0.245ms returns 0
T3E40 000:381.189 JLINK_CORESIGHT_ReadAPDPReg(AP reg 0x03)
T3E40 000:381.431   Value=0x00000002
T3E40 000:381.435 - 0.246ms returns 0
T3E40 000:381.438 JLINK_CORESIGHT_ReadAPDPReg(AP reg 0x03)
T3E40 000:381.680   Value=0x00000002
T3E40 000:381.684 - 0.246ms returns 0
T3E40 000:381.688 JLINK_CORESIGHT_ReadAPDPReg(AP reg 0x03)
T3E40 000:381.921   Value=0x00000002
T3E40 000:381.925 - 0.237ms returns 0
T3E40 000:381.929 JLINK_CORESIGHT_ReadAPDPReg(AP reg 0x03)
T3E40 000:382.174   Value=0x00000000
T3E40 000:382.178 - 0.249ms returns 0
T3E40 000:382.182 JLINK_CORESIGHT_WriteAPDPReg(AP reg 0x00, 0x80000002)
T3E40 000:382.376 - 0.194ms returns 0
T3E40 000:382.380 JLINK_CORESIGHT_WriteAPDPReg(AP reg 0x01, 0x80011130)
T3E40 000:382.641 - 0.260ms returns 0
T3E40 000:382.645 JLINK_CORESIGHT_ReadAPDPReg(AP reg 0x03)
T3E40 000:382.887   Value=0x3A2A0081
T3E40 000:382.891 - 0.246ms returns 0
T3E40 000:382.895 JLINK_CORESIGHT_WriteAPDPReg(AP reg 0x00, 0x80000002)
T3E40 000:383.087 - 0.192ms returns 0
T3E40 000:383.091 JLINK_CORESIGHT_WriteAPDPReg(AP reg 0x01, 0x80011140)
T3E40 000:383.292 - 0.200ms returns 0
T3E40 000:383.296 JLINK_CORESIGHT_ReadAPDPReg(AP reg 0x03)
T3E40 000:383.533   Value=0x00000000
T3E40 000:383.537 - 0.241ms returns 0
T3E40 000:383.541 JLINK_CORESIGHT_WriteAPDPReg(AP reg 0x00, 0x80000002)
T3E40 000:383.776 - 0.234ms returns 0
T3E40 000:383.780 JLINK_CORESIGHT_WriteAPDPReg(AP reg 0x01, 0x80011130)
T3E40 000:383.976 - 0.196ms returns 0
T3E40 000:383.980 JLINK_CORESIGHT_ReadAPDPReg(AP reg 0x03)
T3E40 000:384.305   Value=0x808D5B00
T3E40 000:384.309 - 0.329ms returns 0
T3E40 000:384.313 JLINK_CORESIGHT_WriteAPDPReg(AP reg 0x00, 0x80000002)
T3E40 000:384.503 - 0.190ms returns 0
T3E40 000:384.507 JLINK_CORESIGHT_WriteAPDPReg(AP reg 0x01, 0x80011140)
T3E40 000:384.683 - 0.176ms returns 0
T3E40 000:384.688 JLINK_CORESIGHT_ReadAPDPReg(AP reg 0x03)
T3E40 000:384.930   Value=0x00000000
T3E40 000:384.935 - 0.246ms returns 0
T3E40 000:384.939 JLINK_CORESIGHT_WriteAPDPReg(AP reg 0x00, 0x80000002)
T3E40 000:385.137 - 0.198ms returns 0
T3E40 000:385.143 JLINK_CORESIGHT_WriteAPDPReg(AP reg 0x01, 0x80011130)
T3E40 000:385.342 - 0.199ms returns 0
T3E40 000:385.346 JLINK_CORESIGHT_ReadAPDPReg(AP reg 0x03)
T3E40 000:385.641   Value=0x0406070A
T3E40 000:385.646 - 0.299ms returns 0
T3E40 000:385.649 JLINK_CORESIGHT_WriteAPDPReg(AP reg 0x00, 0x80000002)
T3E40 000:385.839 - 0.190ms returns 0
T3E40 000:385.843 JLINK_CORESIGHT_WriteAPDPReg(AP reg 0x01, 0x80011140)
T3E40 000:386.047 - 0.204ms returns 0
T3E40 000:386.051 JLINK_CORESIGHT_ReadAPDPReg(AP reg 0x03)
T3E40 000:386.283   Value=0x00000000
T3E40 000:386.287 - 0.235ms returns 0
T3E40 000:386.291 JLINK_CORESIGHT_WriteAPDPReg(AP reg 0x00, 0x80000002)
T3E40 000:386.481 - 0.190ms returns 0
T3E40 000:386.485 JLINK_CORESIGHT_WriteAPDPReg(AP reg 0x01, 0x80011130)
T3E40 000:386.681 - 0.195ms returns 0
T3E40 000:386.685 JLINK_CORESIGHT_ReadAPDPReg(AP reg 0x03)
T3E40 000:386.919   Value=0x3254540B
T3E40 000:386.923 - 0.238ms returns 0
T3E40 000:386.927 JLINK_CORESIGHT_WriteAPDPReg(AP reg 0x00, 0x80000002)
T3E40 000:387.116 - 0.189ms returns 0
T3E40 000:387.120 JLINK_CORESIGHT_WriteAPDPReg(AP reg 0x01, 0x80011140)
T3E40 000:387.313 - 0.192ms returns 0
T3E40 000:387.317 JLINK_CORESIGHT_ReadAPDPReg(AP reg 0x03)
T3E40 000:387.586   Value=0x00000000
T3E40 000:387.590 - 0.274ms returns 0
T3E40 000:387.594 JLINK_CORESIGHT_WriteAPDPReg(AP reg 0x00, 0x80000002)
T3E40 000:387.836 - 0.242ms returns 0
T3E40 000:387.840 JLINK_CORESIGHT_WriteAPDPReg(AP reg 0x01, 0x80011130)
T3E40 000:388.042 - 0.201ms returns 0
T3E40 000:388.046 JLINK_CORESIGHT_ReadAPDPReg(AP reg 0x03)
T3E40 000:388.283   Value=0x54BCB059
T3E40 000:388.287 - 0.241ms returns 0
T3E40 000:388.291 JLINK_CORESIGHT_WriteAPDPReg(AP reg 0x00, 0x80000002)
T3E40 000:388.481 - 0.190ms returns 0
T3E40 000:388.485 JLINK_CORESIGHT_WriteAPDPReg(AP reg 0x01, 0x80011140)
T3E40 000:388.680 - 0.195ms returns 0
T3E40 000:388.685 JLINK_CORESIGHT_ReadAPDPReg(AP reg 0x03)
T3E40 000:388.922   Value=0x00000000
T3E40 000:388.926 - 0.240ms returns 0
T3E40 000:388.930 JLINK_CORESIGHT_WriteAPDPReg(AP reg 0x00, 0x80000002)
T3E40 000:389.126 - 0.196ms returns 0
T3E40 000:389.130 JLINK_CORESIGHT_WriteAPDPReg(AP reg 0x01, 0x80011130)
T3E40 000:389.326 - 0.195ms returns 0
T3E40 000:389.330 JLINK_CORESIGHT_ReadAPDPReg(AP reg 0x03)
T3E40 000:389.570   Value=0x34325736
T3E40 000:389.574 - 0.244ms returns 0
T3E40 000:389.578 JLINK_CORESIGHT_WriteAPDPReg(AP reg 0x00, 0x80000002)
T3E40 000:389.752 - 0.174ms returns 0
T3E40 000:389.756 JLINK_CORESIGHT_WriteAPDPReg(AP reg 0x01, 0x80011140)
T3E40 000:389.954 - 0.198ms returns 0
T3E40 000:389.965 JLINK_CORESIGHT_ReadAPDPReg(AP reg 0x03)
T3E40 000:390.227   Value=0x00000000
T3E40 000:390.234 - 0.268ms returns 0
T3E40 000:390.239 JLINK_CORESIGHT_WriteAPDPReg(AP reg 0x00, 0x80000002)
T3E40 000:390.438 - 0.199ms returns 0
T3E40 000:390.443 JLINK_CORESIGHT_WriteAPDPReg(AP reg 0x01, 0x80011130)
T3E40 000:390.637 - 0.194ms returns 0
T3E40 000:390.680 JLINK_CORESIGHT_ReadAPDPReg(AP reg 0x03)
T3E40 000:390.911   Value=0x8A082D30
T3E40 000:390.916 - 0.275ms returns 0
T3E40 000:390.920 JLINK_CORESIGHT_WriteAPDPReg(AP reg 0x00, 0x80000002)
T3E40 000:391.097 - 0.176ms returns 0
T3E40 000:391.101 JLINK_CORESIGHT_WriteAPDPReg(AP reg 0x01, 0x80011140)
T3E40 000:391.291 - 0.190ms returns 0
T3E40 000:391.296 JLINK_CORESIGHT_ReadAPDPReg(AP reg 0x03)
T3E40 000:391.534   Value=0x00000000
T3E40 000:391.538 - 0.242ms returns 0
T3E40 000:391.542 JLINK_CORESIGHT_WriteAPDPReg(AP reg 0x00, 0x80000002)
T3E40 000:391.783 - 0.241ms returns 0
T3E40 000:391.787 JLINK_CORESIGHT_WriteAPDPReg(AP reg 0x01, 0x80011130)
T3E40 000:391.980 - 0.193ms returns 0
T3E40 000:391.984 JLINK_CORESIGHT_ReadAPDPReg(AP reg 0x03)
T3E40 000:392.223   Value=0x4B375276
T3E40 000:392.227 - 0.243ms returns 0
T3E40 000:392.231 JLINK_CORESIGHT_WriteAPDPReg(AP reg 0x00, 0x80000002)
T3E40 000:392.421 - 0.190ms returns 0
T3E40 000:392.426 JLINK_CORESIGHT_WriteAPDPReg(AP reg 0x01, 0x80011140)
T3E40 000:392.646 - 0.220ms returns 0
T3E40 000:392.650 JLINK_CORESIGHT_ReadAPDPReg(AP reg 0x03)
T3E40 000:392.910   Value=0x00000000
T3E40 000:392.915 - 0.264ms returns 0
T3E40 000:392.919 JLINK_CORESIGHT_WriteAPDPReg(AP reg 0x00, 0x80000002)
T3E40 000:393.116 - 0.197ms returns 0
T3E40 000:393.121 JLINK_CORESIGHT_WriteAPDPReg(AP reg 0x01, 0x80011130)
T3E40 000:393.318 - 0.197ms returns 0
T3E40 000:393.322 JLINK_CORESIGHT_ReadAPDPReg(AP reg 0x03)
T3E40 000:393.557   Value=0x31503841
T3E40 000:393.561 - 0.239ms returns 0
T3E40 000:393.565 JLINK_CORESIGHT_WriteAPDPReg(AP reg 0x00, 0x80000002)
T3E40 000:393.762 - 0.197ms returns 0
T3E40 000:393.766 JLINK_CORESIGHT_WriteAPDPReg(AP reg 0x01, 0x80011140)
T3E40 000:393.938 - 0.172ms returns 0
T3E40 000:393.942 JLINK_CORESIGHT_ReadAPDPReg(AP reg 0x03)
T3E40 000:394.180   Value=0x00000000
T3E40 000:394.185 - 0.242ms returns 0
T3E40 000:394.189 JLINK_CORESIGHT_WriteAPDPReg(AP reg 0x00, 0x80000002)
T3E40 000:394.475 - 0.286ms returns 0
T3E40 000:394.479 JLINK_CORESIGHT_WriteAPDPReg(AP reg 0x01, 0x80011130)
T3E40 000:394.766 - 0.286ms returns 0
T3E40 000:394.771 JLINK_CORESIGHT_ReadAPDPReg(AP reg 0x03)
T3E40 000:395.018   Value=0x434C464B
T3E40 000:395.022 - 0.251ms returns 0
T3E40 000:395.026 JLINK_CORESIGHT_WriteAPDPReg(AP reg 0x00, 0x80000002)
T3E40 000:395.225 - 0.198ms returns 0
T3E40 000:395.232 JLINK_CORESIGHT_WriteAPDPReg(AP reg 0x01, 0x80011140)
T3E40 000:395.514 - 0.282ms returns 0
T3E40 000:395.520 JLINK_CORESIGHT_ReadAPDPReg(AP reg 0x03)
T3E40 000:395.901   Value=0x00000000
T3E40 000:395.905 - 0.385ms returns 0
T3E40 000:395.911 JLINK_CORESIGHT_WriteAPDPReg(AP reg 0x00, 0x80000002)
T3E40 000:396.188 - 0.276ms returns 0
T3E40 000:396.193 JLINK_CORESIGHT_WriteAPDPReg(AP reg 0x01, 0x80011130)
T3E40 000:396.430 - 0.236ms returns 0
T3E40 000:396.435 JLINK_CORESIGHT_ReadAPDPReg(AP reg 0x03)
T3E40 000:396.714   Value=0x20204341
T3E40 000:396.719 - 0.283ms returns 0
T3E40 000:396.725 JLINK_CORESIGHT_WriteAPDPReg(AP reg 0x00, 0x80000002)
T3E40 000:397.019 - 0.294ms returns 0
T3E40 000:397.024 JLINK_CORESIGHT_WriteAPDPReg(AP reg 0x01, 0x80011140)
T3E40 000:397.262 - 0.238ms returns 0
T3E40 000:397.268 JLINK_CORESIGHT_ReadAPDPReg(AP reg 0x03)
T3E40 000:397.546   Value=0x00000000
T3E40 000:397.551 - 0.282ms returns 0
T3E40 000:397.556 JLINK_CORESIGHT_WriteAPDPReg(AP reg 0x00, 0x80000002)
T3E40 000:397.771 - 0.215ms returns 0
T3E40 000:397.776 JLINK_CORESIGHT_WriteAPDPReg(AP reg 0x01, 0x80011130)
T3E40 000:398.018 - 0.242ms returns 0
T3E40 000:398.024 JLINK_CORESIGHT_ReadAPDPReg(AP reg 0x03)
T3E40 000:398.305   Value=0x0003F120
T3E40 000:398.309 - 0.285ms returns 0
T3E40 000:398.572 JLINK_CORESIGHT_WriteAPDPReg(AP reg 0x00, 0x80000002)
T3E40 000:398.764 - 0.191ms returns 0
T3E40 000:398.770 JLINK_CORESIGHT_WriteAPDPReg(AP reg 0x01, 0x80011140)
T3E40 000:398.962 - 0.192ms returns 0
T3E40 000:398.967 JLINK_CORESIGHT_ReadAPDPReg(AP reg 0x03)
T3E40 000:399.180   Value=0x00000002
T3E40 000:399.185 - 0.217ms returns 0
T3E40 000:399.189 JLINK_CORESIGHT_WriteAPDPReg(AP reg 0x00, 0x80000002)
T3E40 000:399.387 - 0.198ms returns 0
T3E40 000:399.391 JLINK_CORESIGHT_WriteAPDPReg(AP reg 0x01, 0x80011120)
T3E40 000:399.647 - 0.255ms returns 0
T3E40 000:399.651 JLINK_CORESIGHT_WriteAPDPReg(AP reg 0x03, 0x39020001)
T3E40 000:399.849 - 0.198ms returns 0
T3E40 000:399.853 JLINK_CORESIGHT_WriteAPDPReg(AP reg 0x00, 0x80000002)
T3E40 000:400.045 - 0.191ms returns 0
T3E40 000:400.049 JLINK_CORESIGHT_WriteAPDPReg(AP reg 0x01, 0x80011140)
T3E40 000:400.241 - 0.192ms returns 0
T3E40 000:400.245 JLINK_CORESIGHT_ReadAPDPReg(AP reg 0x03)
T3E40 000:400.480   Value=0x00000002
T3E40 000:400.484 - 0.239ms returns 0
T3E40 000:400.488 JLINK_CORESIGHT_WriteAPDPReg(AP reg 0x00, 0x80000002)
T3E40 000:400.680 - 0.192ms returns 0
T3E40 000:400.685 JLINK_CORESIGHT_WriteAPDPReg(AP reg 0x01, 0x80011120)
T3E40 000:400.879 - 0.193ms returns 0
T3E40 000:400.884 JLINK_CORESIGHT_WriteAPDPReg(AP reg 0x03, 0x0003B312)
T3E40 000:401.076 - 0.193ms returns 0
T3E40 000:401.081 JLINK_CORESIGHT_WriteAPDPReg(AP reg 0x00, 0x80000002)
T3E40 000:401.273 - 0.192ms returns 0
T3E40 000:401.278 JLINK_CORESIGHT_WriteAPDPReg(AP reg 0x01, 0x80011140)
T3E40 000:401.481 - 0.202ms returns 0
T3E40 000:401.485 JLINK_CORESIGHT_ReadAPDPReg(AP reg 0x03)
T3E40 000:401.806   Value=0x00000000
T3E40 000:401.811 - 0.325ms returns 0
T3E40 000:401.814 JLINK_CORESIGHT_WriteAPDPReg(AP reg 0x00, 0x80000002)
T3E40 000:402.012 - 0.198ms returns 0
T3E40 000:402.017 JLINK_CORESIGHT_WriteAPDPReg(AP reg 0x01, 0x80011130)
T3E40 000:402.208 - 0.192ms returns 0
T3E40 000:402.212 JLINK_CORESIGHT_ReadAPDPReg(AP reg 0x03)
T3E40 000:402.431   Value=0xB90A0081
T3E40 000:402.435 - 0.222ms returns 0
T3E40 000:402.439 JLINK_CORESIGHT_WriteAPDPReg(AP reg 0x00, 0x80000002)
T3E40 000:402.638 - 0.198ms returns 0
T3E40 000:402.642 JLINK_CORESIGHT_WriteAPDPReg(AP reg 0x01, 0x80011140)
T3E40 000:402.831 - 0.189ms returns 0
T3E40 000:402.835 JLINK_CORESIGHT_ReadAPDPReg(AP reg 0x03)
T3E40 000:403.055   Value=0x00000000
T3E40 000:403.060 - 0.224ms returns 0
T3E40 000:403.063 JLINK_CORESIGHT_WriteAPDPReg(AP reg 0x00, 0x80000002)
T3E40 000:403.262 - 0.198ms returns 0
T3E40 000:403.266 JLINK_CORESIGHT_WriteAPDPReg(AP reg 0x01, 0x80011130)
T3E40 000:403.458 - 0.192ms returns 0
T3E40 000:403.462 JLINK_CORESIGHT_ReadAPDPReg(AP reg 0x03)
T3E40 000:403.723   Value=0xFFFFFFC0
T3E40 000:403.727 - 0.264ms returns 0
T3E40 000:403.731 JLINK_CORESIGHT_WriteAPDPReg(AP reg 0x00, 0x80000002)
T3E40 000:403.930 - 0.199ms returns 0
T3E40 000:403.934 JLINK_CORESIGHT_WriteAPDPReg(AP reg 0x01, 0x80011140)
T3E40 000:404.116 - 0.181ms returns 0
T3E40 000:404.120 JLINK_CORESIGHT_ReadAPDPReg(AP reg 0x03)
T3E40 000:404.353   Value=0x00000000
T3E40 000:404.358 - 0.237ms returns 0
T3E40 000:404.361 JLINK_CORESIGHT_WriteAPDPReg(AP reg 0x00, 0x80000002)
T3E40 000:404.636 - 0.274ms returns 0
T3E40 000:404.640 JLINK_CORESIGHT_WriteAPDPReg(AP reg 0x01, 0x80011130)
T3E40 000:404.849 - 0.209ms returns 0
T3E40 000:404.854 JLINK_CORESIGHT_ReadAPDPReg(AP reg 0x03)
T3E40 000:405.083   Value=0xFFFFFFFF
T3E40 000:405.088 - 0.233ms returns 0
T3E40 000:405.092 JLINK_CORESIGHT_WriteAPDPReg(AP reg 0x00, 0x80000002)
T3E40 000:405.397 - 0.304ms returns 0
T3E40 000:405.409 JLINK_CORESIGHT_WriteAPDPReg(AP reg 0x01, 0x80011140)
T3E40 000:405.645 - 0.235ms returns 0
T3E40 000:405.656 JLINK_CORESIGHT_ReadAPDPReg(AP reg 0x03)
T3E40 000:405.944   Value=0x00000000
T3E40 000:405.951 - 0.295ms returns 0
T3E40 000:405.974 JLINK_CORESIGHT_WriteAPDPReg(AP reg 0x00, 0x80000002)
T3E40 000:406.181 - 0.209ms returns 0
T3E40 000:406.186 JLINK_CORESIGHT_WriteAPDPReg(AP reg 0x01, 0x80011130)
T3E40 000:406.389 - 0.203ms returns 0
T3E40 000:406.394 JLINK_CORESIGHT_ReadAPDPReg(AP reg 0x03)
T3E40 000:406.725   Value=0x000385FF
T3E40 000:406.732 - 0.337ms returns 0
T3E40 000:406.772 JLINK_CORESIGHT_WriteAPDPReg(AP reg 0x00, 0x80000002)
T3E40 000:406.950 - 0.178ms returns 0
T3E40 000:406.955 JLINK_CORESIGHT_WriteAPDPReg(AP reg 0x01, 0x80011140)
T3E40 000:407.148 - 0.193ms returns 0
T3E40 000:407.153 JLINK_CORESIGHT_ReadAPDPReg(AP reg 0x03)
T3E40 000:407.392   Value=0x00000002
T3E40 000:407.397 - 0.244ms returns 0
T3E40 000:407.400 JLINK_CORESIGHT_WriteAPDPReg(AP reg 0x00, 0x80000002)
T3E40 000:407.643 - 0.242ms returns 0
T3E40 000:407.647 JLINK_CORESIGHT_WriteAPDPReg(AP reg 0x01, 0x80011120)
T3E40 000:407.839 - 0.192ms returns 0
T3E40 000:407.843 JLINK_CORESIGHT_WriteAPDPReg(AP reg 0x03, 0x2C010001)
T3E40 000:408.042 - 0.199ms returns 0
T3E40 000:408.047 JLINK_CORESIGHT_WriteAPDPReg(AP reg 0x00, 0x80000002)
T3E40 000:408.241 - 0.193ms returns 0
T3E40 000:408.245 JLINK_CORESIGHT_WriteAPDPReg(AP reg 0x01, 0x80011140)
T3E40 000:408.436 - 0.191ms returns 0
T3E40 000:408.440 JLINK_CORESIGHT_ReadAPDPReg(AP reg 0x03)
T3E40 000:408.682   Value=0x00000002
T3E40 000:408.688 - 0.248ms returns 0
T3E40 000:408.693 JLINK_CORESIGHT_WriteAPDPReg(AP reg 0x00, 0x80000002)
T3E40 000:408.899 - 0.205ms returns 0
T3E40 000:408.905 JLINK_CORESIGHT_WriteAPDPReg(AP reg 0x01, 0x80011120)
T3E40 000:409.105 - 0.200ms returns 0
T3E40 000:409.112 JLINK_CORESIGHT_WriteAPDPReg(AP reg 0x03, 0x000003D3)
T3E40 000:409.387 - 0.275ms returns 0
T3E40 000:409.391 JLINK_CORESIGHT_WriteAPDPReg(AP reg 0x00, 0x80000002)
T3E40 000:409.646 - 0.254ms returns 0
T3E40 000:409.650 JLINK_CORESIGHT_WriteAPDPReg(AP reg 0x01, 0x80011140)
T3E40 000:409.839 - 0.190ms returns 0
T3E40 000:409.844 JLINK_CORESIGHT_ReadAPDPReg(AP reg 0x03)
T3E40 000:410.055   Value=0x00000002
T3E40 000:410.059 - 0.215ms returns 0
T3E40 000:410.063 JLINK_CORESIGHT_ReadAPDPReg(AP reg 0x03)
T3E40 000:410.305   Value=0x00000002
T3E40 000:410.309 - 0.246ms returns 0
T3E40 000:410.313 JLINK_CORESIGHT_ReadAPDPReg(AP reg 0x03)
T3E40 000:410.546   Value=0x00000002
T3E40 000:410.550 - 0.237ms returns 0
T3E40 000:410.554 JLINK_CORESIGHT_ReadAPDPReg(AP reg 0x03)
T3E40 000:410.806   Value=0x00000002
T3E40 000:410.811 - 0.256ms returns 0
T3E40 000:410.815 JLINK_CORESIGHT_ReadAPDPReg(AP reg 0x03)
T3E40 000:411.099   Value=0x00000002
T3E40 000:411.104 - 0.288ms returns 0
T3E40 000:411.108 JLINK_CORESIGHT_ReadAPDPReg(AP reg 0x03)
T3E40 000:411.349   Value=0x00000002
T3E40 000:411.353 - 0.245ms returns 0
T3E40 000:411.357 JLINK_CORESIGHT_ReadAPDPReg(AP reg 0x03)
T3E40 000:411.728   Value=0x00000002
T3E40 000:411.754 - 0.395ms returns 0
T3E40 000:411.782 JLINK_CORESIGHT_ReadAPDPReg(AP reg 0x03)
T3E40 000:412.101   Value=0x00000002
T3E40 000:412.107 - 0.326ms returns 0
T3E40 000:412.112 JLINK_CORESIGHT_ReadAPDPReg(AP reg 0x03)
T3E40 000:412.330   Value=0x00000000
T3E40 000:412.334 - 0.222ms returns 0
T3E40 000:412.338 JLINK_CORESIGHT_WriteAPDPReg(AP reg 0x00, 0x80000002)
T3E40 000:412.542 - 0.204ms returns 0
T3E40 000:412.547 JLINK_CORESIGHT_WriteAPDPReg(AP reg 0x01, 0x80011130)
T3E40 000:412.777 - 0.230ms returns 0
T3E40 000:412.782 JLINK_CORESIGHT_ReadAPDPReg(AP reg 0x03)
T3E40 000:413.018   Value=0x2C020081
T3E40 000:413.022 - 0.240ms returns 0
T3E40 000:413.026 JLINK_CORESIGHT_WriteAPDPReg(AP reg 0x00, 0x80000002)
T3E40 000:413.230 - 0.203ms returns 0
T3E40 000:413.234 JLINK_CORESIGHT_WriteAPDPReg(AP reg 0x01, 0x80011140)
T3E40 000:413.430 - 0.196ms returns 0
T3E40 000:413.435 JLINK_CORESIGHT_ReadAPDPReg(AP reg 0x03)
T3E40 000:413.671   Value=0x00000000
T3E40 000:413.675 - 0.240ms returns 0
T3E40 000:413.679 JLINK_CORESIGHT_WriteAPDPReg(AP reg 0x00, 0x80000002)
T3E40 000:413.876 - 0.197ms returns 0
T3E40 000:413.880 JLINK_CORESIGHT_WriteAPDPReg(AP reg 0x01, 0x80011130)
T3E40 000:414.076 - 0.196ms returns 0
T3E40 000:414.080 JLINK_CORESIGHT_ReadAPDPReg(AP reg 0x03)
T3E40 000:414.316   Value=0x0003CE04
T3E40 000:414.320 - 0.239ms returns 0
T3E40 000:414.326 JLINK_CORESIGHT_WriteAPDPReg(AP reg 0x00, 0x80000002)
T3E40 000:414.523 - 0.197ms returns 0
T3E40 000:414.527 JLINK_CORESIGHT_WriteAPDPReg(AP reg 0x01, 0x80011140)
T3E40 000:414.763 - 0.235ms returns 0
T3E40 000:414.768 JLINK_CORESIGHT_ReadAPDPReg(AP reg 0x03)
T3E40 000:415.012   Value=0x00000002
T3E40 000:415.016 - 0.248ms returns 0
T3E40 000:415.020 JLINK_CORESIGHT_WriteAPDPReg(AP reg 0x00, 0x80000002)
T3E40 000:415.209 - 0.189ms returns 0
T3E40 000:415.213 JLINK_CORESIGHT_WriteAPDPReg(AP reg 0x01, 0x80011120)
T3E40 000:415.417 - 0.203ms returns 0
T3E40 000:415.421 JLINK_CORESIGHT_WriteAPDPReg(AP reg 0x03, 0x73010001)
T3E40 000:415.638 - 0.217ms returns 0
T3E40 000:415.642 JLINK_CORESIGHT_WriteAPDPReg(AP reg 0x00, 0x80000002)
T3E40 000:415.836 - 0.194ms returns 0
T3E40 000:415.840 JLINK_CORESIGHT_WriteAPDPReg(AP reg 0x01, 0x80011140)
T3E40 000:416.042 - 0.202ms returns 0
T3E40 000:416.047 JLINK_CORESIGHT_ReadAPDPReg(AP reg 0x03)
T3E40 000:416.283   Value=0x00000002
T3E40 000:416.288 - 0.241ms returns 0
T3E40 000:416.291 JLINK_CORESIGHT_WriteAPDPReg(AP reg 0x00, 0x80000002)
T3E40 000:416.482 - 0.191ms returns 0
T3E40 000:416.486 JLINK_CORESIGHT_WriteAPDPReg(AP reg 0x01, 0x80011120)
T3E40 000:416.681 - 0.194ms returns 0
T3E40 000:416.686 JLINK_CORESIGHT_WriteAPDPReg(AP reg 0x03, 0x0000038C)
T3E40 000:416.897 - 0.211ms returns 0
T3E40 000:416.901 JLINK_CORESIGHT_WriteAPDPReg(AP reg 0x00, 0x80000002)
T3E40 000:417.099 - 0.198ms returns 0
T3E40 000:417.105 JLINK_CORESIGHT_WriteAPDPReg(AP reg 0x01, 0x80011140)
T3E40 000:417.305 - 0.200ms returns 0
T3E40 000:417.310 JLINK_CORESIGHT_ReadAPDPReg(AP reg 0x03)
T3E40 000:417.555   Value=0x00000000
T3E40 000:417.560 - 0.250ms returns 0
T3E40 000:417.577 JLINK_CORESIGHT_WriteAPDPReg(AP reg 0x00, 0x80000002)
T3E40 000:417.773 - 0.196ms returns 0
T3E40 000:417.777 JLINK_CORESIGHT_WriteAPDPReg(AP reg 0x01, 0x80011130)
T3E40 000:417.975 - 0.197ms returns 0
T3E40 000:417.979 JLINK_CORESIGHT_ReadAPDPReg(AP reg 0x03)
T3E40 000:418.212   Value=0x73020081
T3E40 000:418.216 - 0.237ms returns 0
T3E40 000:418.220 JLINK_CORESIGHT_WriteAPDPReg(AP reg 0x00, 0x80000002)
T3E40 000:418.417 - 0.197ms returns 0
T3E40 000:418.421 JLINK_CORESIGHT_WriteAPDPReg(AP reg 0x01, 0x80011140)
T3E40 000:418.682 - 0.260ms returns 0
T3E40 000:418.687 JLINK_CORESIGHT_ReadAPDPReg(AP reg 0x03)
T3E40 000:418.930   Value=0x00000000
T3E40 000:418.935 - 0.247ms returns 0
T3E40 000:418.939 JLINK_CORESIGHT_WriteAPDPReg(AP reg 0x00, 0x80000002)
T3E40 000:419.137 - 0.198ms returns 0
T3E40 000:419.141 JLINK_CORESIGHT_WriteAPDPReg(AP reg 0x01, 0x80011130)
T3E40 000:419.335 - 0.193ms returns 0
T3E40 000:419.344 JLINK_CORESIGHT_ReadAPDPReg(AP reg 0x03)
T3E40 000:419.749   Value=0x00038902
T3E40 000:419.777 - 0.433ms returns 0
T3E40 000:419.783 JLINK_CORESIGHT_WriteAPDPReg(AP reg 0x00, 0x80000002)
T3E40 000:419.977 - 0.194ms returns 0
T3E40 000:419.981 JLINK_CORESIGHT_WriteAPDPReg(AP reg 0x01, 0x80011140)
T3E40 000:420.262 - 0.281ms returns 0
T3E40 000:420.266 JLINK_CORESIGHT_ReadAPDPReg(AP reg 0x03)
T3E40 000:420.524   Value=0x00000002
T3E40 000:420.532 - 0.265ms returns 0
T3E40 000:420.537 JLINK_CORESIGHT_WriteAPDPReg(AP reg 0x00, 0x80000002)
T3E40 000:420.764 - 0.227ms returns 0
T3E40 000:420.774 JLINK_CORESIGHT_WriteAPDPReg(AP reg 0x01, 0x80011120)
T3E40 000:420.961 - 0.187ms returns 0
T3E40 000:420.965 JLINK_CORESIGHT_WriteAPDPReg(AP reg 0x03, 0x75010001)
T3E40 000:421.167 - 0.201ms returns 0
T3E40 000:421.171 JLINK_CORESIGHT_WriteAPDPReg(AP reg 0x00, 0x80000002)
T3E40 000:421.345 - 0.173ms returns 0
T3E40 000:421.349 JLINK_CORESIGHT_WriteAPDPReg(AP reg 0x01, 0x80011140)
T3E40 000:421.541 - 0.191ms returns 0
T3E40 000:421.545 JLINK_CORESIGHT_ReadAPDPReg(AP reg 0x03)
T3E40 000:421.810   Value=0x00000002
T3E40 000:421.814 - 0.269ms returns 0
T3E40 000:421.818 JLINK_CORESIGHT_WriteAPDPReg(AP reg 0x00, 0x80000002)
T3E40 000:422.012 - 0.193ms returns 0
T3E40 000:422.016 JLINK_CORESIGHT_WriteAPDPReg(AP reg 0x01, 0x80011120)
T3E40 000:422.208 - 0.192ms returns 0
T3E40 000:422.212 JLINK_CORESIGHT_WriteAPDPReg(AP reg 0x03, 0x0000038A)
T3E40 000:422.417 - 0.205ms returns 0
T3E40 000:422.421 JLINK_CORESIGHT_WriteAPDPReg(AP reg 0x00, 0x80000002)
T3E40 000:422.641 - 0.220ms returns 0
T3E40 000:422.649 JLINK_CORESIGHT_WriteAPDPReg(AP reg 0x01, 0x80011140)
T3E40 000:422.851 - 0.202ms returns 0
T3E40 000:422.860 JLINK_CORESIGHT_ReadAPDPReg(AP reg 0x03)
T3E40 000:423.181   Value=0x00000000
T3E40 000:423.185 - 0.325ms returns 0
T3E40 000:423.191 JLINK_CORESIGHT_WriteAPDPReg(AP reg 0x00, 0x80000002)
T3E40 000:423.388 - 0.196ms returns 0
T3E40 000:423.393 JLINK_CORESIGHT_WriteAPDPReg(AP reg 0x01, 0x80011130)
T3E40 000:423.646 - 0.252ms returns 0
T3E40 000:423.651 JLINK_CORESIGHT_ReadAPDPReg(AP reg 0x03)
T3E40 000:423.893   Value=0x75020081
T3E40 000:423.897 - 0.246ms returns 0
T3E40 000:423.902 JLINK_CORESIGHT_WriteAPDPReg(AP reg 0x00, 0x80000002)
T3E40 000:424.100 - 0.198ms returns 0
T3E40 000:424.105 JLINK_CORESIGHT_WriteAPDPReg(AP reg 0x01, 0x80011140)
T3E40 000:424.296 - 0.191ms returns 0
T3E40 000:424.302 JLINK_CORESIGHT_ReadAPDPReg(AP reg 0x03)
T3E40 000:424.540   Value=0x00000000
T3E40 000:424.544 - 0.242ms returns 0
T3E40 000:424.549 JLINK_CORESIGHT_WriteAPDPReg(AP reg 0x00, 0x80000002)
T3E40 000:424.764 - 0.215ms returns 0
T3E40 000:424.771 JLINK_CORESIGHT_WriteAPDPReg(AP reg 0x01, 0x80011130)
T3E40 000:424.965 - 0.194ms returns 0
T3E40 000:424.974 JLINK_CORESIGHT_ReadAPDPReg(AP reg 0x03)
T3E40 000:425.224   Value=0x00038702
T3E40 000:425.228 - 0.254ms returns 0
T3E40 000:425.490 JLINK_CORESIGHT_WriteAPDPReg(AP reg 0x00, 0x80000002)
T3E40 000:425.681 - 0.191ms returns 0
T3E40 000:425.686 JLINK_CORESIGHT_WriteAPDPReg(AP reg 0x01, 0x80011140)
T3E40 000:425.876 - 0.190ms returns 0
T3E40 000:425.881 JLINK_CORESIGHT_ReadAPDPReg(AP reg 0x03)
T3E40 000:426.119   Value=0x00000002
T3E40 000:426.124 - 0.243ms returns 0
T3E40 000:426.128 JLINK_CORESIGHT_WriteAPDPReg(AP reg 0x00, 0x80000002)
T3E40 000:426.317 - 0.190ms returns 0
T3E40 000:426.322 JLINK_CORESIGHT_WriteAPDPReg(AP reg 0x01, 0x80011120)
T3E40 000:426.514 - 0.192ms returns 0
T3E40 000:426.518 JLINK_CORESIGHT_WriteAPDPReg(AP reg 0x03, 0x4F010001)
T3E40 000:426.763 - 0.245ms returns 0
T3E40 000:426.769 JLINK_CORESIGHT_WriteAPDPReg(AP reg 0x00, 0x80000002)
T3E40 000:426.961 - 0.193ms returns 0
T3E40 000:426.965 JLINK_CORESIGHT_WriteAPDPReg(AP reg 0x01, 0x80011140)
T3E40 000:427.167 - 0.201ms returns 0
T3E40 000:427.171 JLINK_CORESIGHT_ReadAPDPReg(AP reg 0x03)
T3E40 000:427.408   Value=0x00000002
T3E40 000:427.412 - 0.241ms returns 0
T3E40 000:427.416 JLINK_CORESIGHT_WriteAPDPReg(AP reg 0x00, 0x80000002)
T3E40 000:427.744 - 0.327ms returns 0
T3E40 000:427.748 JLINK_CORESIGHT_WriteAPDPReg(AP reg 0x01, 0x80011120)
T3E40 000:427.939 - 0.191ms returns 0
T3E40 000:427.943 JLINK_CORESIGHT_WriteAPDPReg(AP reg 0x03, 0x000003B0)
T3E40 000:428.141 - 0.197ms returns 0
T3E40 000:428.145 JLINK_CORESIGHT_WriteAPDPReg(AP reg 0x00, 0x80000002)
T3E40 000:428.354 - 0.209ms returns 0
T3E40 000:428.359 JLINK_CORESIGHT_WriteAPDPReg(AP reg 0x01, 0x80011140)
T3E40 000:428.555 - 0.196ms returns 0
T3E40 000:428.559 JLINK_CORESIGHT_ReadAPDPReg(AP reg 0x03)
T3E40 000:428.806   Value=0x00000000
T3E40 000:428.811 - 0.252ms returns 0
T3E40 000:428.816 JLINK_CORESIGHT_WriteAPDPReg(AP reg 0x00, 0x80000002)
T3E40 000:429.014 - 0.198ms returns 0
T3E40 000:429.018 JLINK_CORESIGHT_WriteAPDPReg(AP reg 0x01, 0x80011130)
T3E40 000:429.208 - 0.189ms returns 0
T3E40 000:429.212 JLINK_CORESIGHT_ReadAPDPReg(AP reg 0x03)
T3E40 000:429.430   Value=0x4F0B0081
T3E40 000:429.435 - 0.223ms returns 0
T3E40 000:429.439 JLINK_CORESIGHT_WriteAPDPReg(AP reg 0x00, 0x80000002)
T3E40 000:429.637 - 0.199ms returns 0
T3E40 000:429.642 JLINK_CORESIGHT_WriteAPDPReg(AP reg 0x01, 0x80011140)
T3E40 000:429.834 - 0.192ms returns 0
T3E40 000:429.838 JLINK_CORESIGHT_ReadAPDPReg(AP reg 0x03)
T3E40 000:430.055   Value=0x00000000
T3E40 000:430.060 - 0.222ms returns 0
T3E40 000:430.063 JLINK_CORESIGHT_WriteAPDPReg(AP reg 0x00, 0x80000002)
T3E40 000:430.253 - 0.190ms returns 0
T3E40 000:430.257 JLINK_CORESIGHT_WriteAPDPReg(AP reg 0x01, 0x80011130)
T3E40 000:430.451 - 0.194ms returns 0
T3E40 000:430.456 JLINK_CORESIGHT_ReadAPDPReg(AP reg 0x03)
T3E40 000:430.713   Value=0xA0020000
T3E40 000:430.718 - 0.262ms returns 0
T3E40 000:430.723 JLINK_CORESIGHT_WriteAPDPReg(AP reg 0x00, 0x80000002)
T3E40 000:430.917 - 0.195ms returns 0
T3E40 000:430.922 JLINK_CORESIGHT_WriteAPDPReg(AP reg 0x01, 0x80011140)
T3E40 000:431.116 - 0.194ms returns 0
T3E40 000:431.120 JLINK_CORESIGHT_ReadAPDPReg(AP reg 0x03)
T3E40 000:431.355   Value=0x00000000
T3E40 000:431.359 - 0.239ms returns 0
T3E40 000:431.363 JLINK_CORESIGHT_WriteAPDPReg(AP reg 0x00, 0x80000002)
T3E40 000:431.556 - 0.192ms returns 0
T3E40 000:431.560 JLINK_CORESIGHT_WriteAPDPReg(AP reg 0x01, 0x80011130)
T3E40 000:431.765 - 0.205ms returns 0
T3E40 000:431.775 JLINK_CORESIGHT_ReadAPDPReg(AP reg 0x03)
T3E40 000:432.025   Value=0x00000000
T3E40 000:432.031 - 0.255ms returns 0
T3E40 000:432.035 JLINK_CORESIGHT_WriteAPDPReg(AP reg 0x00, 0x80000002)
T3E40 000:432.241 - 0.205ms returns 0
T3E40 000:432.245 JLINK_CORESIGHT_WriteAPDPReg(AP reg 0x01, 0x80011140)
T3E40 000:432.420 - 0.174ms returns 0
T3E40 000:432.424 JLINK_CORESIGHT_ReadAPDPReg(AP reg 0x03)
T3E40 000:432.639   Value=0x00000000
T3E40 000:432.665 - 0.241ms returns 0
T3E40 000:432.670 JLINK_CORESIGHT_WriteAPDPReg(AP reg 0x00, 0x80000002)
T3E40 000:432.867 - 0.197ms returns 0
T3E40 000:432.874 JLINK_CORESIGHT_WriteAPDPReg(AP reg 0x01, 0x80011130)
T3E40 000:433.056 - 0.182ms returns 0
T3E40 000:433.060 JLINK_CORESIGHT_ReadAPDPReg(AP reg 0x03)
T3E40 000:433.296   Value=0x03040000
T3E40 000:433.300 - 0.240ms returns 0
T3E40 000:433.362 JLINK_CORESIGHT_ReadAPDPReg(DP reg 0x01)
T3E40 000:433.556   Value=0xF0000F40
T3E40 000:433.560 - 0.197ms returns 0
T3E40 000:433.564 JLINK_CORESIGHT_WriteAPDPReg(DP reg 0x01, 0xA0000F40)
T3E40 000:433.763 - 0.199ms returns 0
T3E40 000:433.767 JLINK_CORESIGHT_ReadAPDPReg(DP reg 0x01)
T3E40 000:433.958   Value=0x00000F40
T3E40 000:433.962 - 0.194ms returns 0
T3E40 000:433.966 JLINK_ClrRESET()
T3E40 000:434.213 - 0.246ms 
T3E40 000:537.924 JLINK_Close()
T3E40 000:544.872 - 6.948ms
T3E40 000:545.271   
T3E40 000:545.280   Closed
